Archive member included to satisfy reference by file (symbol)

/usr/lib/gcc/arm-none-eabi/6.3.0/../../../../arm-none-eabi/lib/armv7e-m/fpu/libc_nano.a(lib_a-atexit.o)
                              /usr/lib/gcc/arm-none-eabi/6.3.0/../../../../arm-none-eabi/lib/armv7e-m/fpu/crt0.o (atexit)
/usr/lib/gcc/arm-none-eabi/6.3.0/../../../../arm-none-eabi/lib/armv7e-m/fpu/libc_nano.a(lib_a-exit.o)
                              /usr/lib/gcc/arm-none-eabi/6.3.0/../../../../arm-none-eabi/lib/armv7e-m/fpu/crt0.o (exit)
/usr/lib/gcc/arm-none-eabi/6.3.0/../../../../arm-none-eabi/lib/armv7e-m/fpu/libc_nano.a(lib_a-fini.o)
                              /usr/lib/gcc/arm-none-eabi/6.3.0/../../../../arm-none-eabi/lib/armv7e-m/fpu/crt0.o (__libc_fini_array)
/usr/lib/gcc/arm-none-eabi/6.3.0/../../../../arm-none-eabi/lib/armv7e-m/fpu/libc_nano.a(lib_a-impure.o)
                              /usr/lib/gcc/arm-none-eabi/6.3.0/../../../../arm-none-eabi/lib/armv7e-m/fpu/libc_nano.a(lib_a-exit.o) (_global_impure_ptr)
/usr/lib/gcc/arm-none-eabi/6.3.0/../../../../arm-none-eabi/lib/armv7e-m/fpu/libc_nano.a(lib_a-init.o)
                              /usr/lib/gcc/arm-none-eabi/6.3.0/../../../../arm-none-eabi/lib/armv7e-m/fpu/crt0.o (__libc_init_array)
/usr/lib/gcc/arm-none-eabi/6.3.0/../../../../arm-none-eabi/lib/armv7e-m/fpu/libc_nano.a(lib_a-memcpy-stub.o)
                              build/ff.o (memcpy)
/usr/lib/gcc/arm-none-eabi/6.3.0/../../../../arm-none-eabi/lib/armv7e-m/fpu/libc_nano.a(lib_a-memset.o)
                              /usr/lib/gcc/arm-none-eabi/6.3.0/../../../../arm-none-eabi/lib/armv7e-m/fpu/crt0.o (memset)
/usr/lib/gcc/arm-none-eabi/6.3.0/../../../../arm-none-eabi/lib/armv7e-m/fpu/libc_nano.a(lib_a-nano-vfprintf_float.o)
                              (_printf_float)
/usr/lib/gcc/arm-none-eabi/6.3.0/../../../../arm-none-eabi/lib/armv7e-m/fpu/libc_nano.a(lib_a-nano-vfprintf_i.o)
                              /usr/lib/gcc/arm-none-eabi/6.3.0/../../../../arm-none-eabi/lib/armv7e-m/fpu/libc_nano.a(lib_a-nano-vfprintf_float.o) (_printf_common)
/usr/lib/gcc/arm-none-eabi/6.3.0/../../../../arm-none-eabi/lib/armv7e-m/fpu/libc_nano.a(lib_a-printf.o)
                              build/controls_595.o (printf)
/usr/lib/gcc/arm-none-eabi/6.3.0/../../../../arm-none-eabi/lib/armv7e-m/fpu/libc_nano.a(lib_a-sprintf.o)
                              build/list_test.o (sprintf)
/usr/lib/gcc/arm-none-eabi/6.3.0/../../../../arm-none-eabi/lib/armv7e-m/fpu/libc_nano.a(lib_a-strlen.o)
                              /usr/lib/gcc/arm-none-eabi/6.3.0/../../../../arm-none-eabi/lib/armv7e-m/fpu/libc_nano.a(lib_a-nano-vfprintf_float.o) (strlen)
/usr/lib/gcc/arm-none-eabi/6.3.0/../../../../arm-none-eabi/lib/armv7e-m/fpu/libc_nano.a(lib_a-__atexit.o)
                              /usr/lib/gcc/arm-none-eabi/6.3.0/../../../../arm-none-eabi/lib/armv7e-m/fpu/libc_nano.a(lib_a-atexit.o) (__register_exitproc)
/usr/lib/gcc/arm-none-eabi/6.3.0/../../../../arm-none-eabi/lib/armv7e-m/fpu/libc_nano.a(lib_a-__call_atexit.o)
                              /usr/lib/gcc/arm-none-eabi/6.3.0/../../../../arm-none-eabi/lib/armv7e-m/fpu/libc_nano.a(lib_a-__atexit.o) (__call_exitprocs)
/usr/lib/gcc/arm-none-eabi/6.3.0/../../../../arm-none-eabi/lib/armv7e-m/fpu/libc_nano.a(lib_a-dtoa.o)
                              /usr/lib/gcc/arm-none-eabi/6.3.0/../../../../arm-none-eabi/lib/armv7e-m/fpu/libc_nano.a(lib_a-nano-vfprintf_float.o) (_dtoa_r)
/usr/lib/gcc/arm-none-eabi/6.3.0/../../../../arm-none-eabi/lib/armv7e-m/fpu/libc_nano.a(lib_a-findfp.o)
                              /usr/lib/gcc/arm-none-eabi/6.3.0/../../../../arm-none-eabi/lib/armv7e-m/fpu/libc_nano.a(lib_a-printf.o) (__sinit)
/usr/lib/gcc/arm-none-eabi/6.3.0/../../../../arm-none-eabi/lib/armv7e-m/fpu/libc_nano.a(lib_a-fwalk.o)
                              /usr/lib/gcc/arm-none-eabi/6.3.0/../../../../arm-none-eabi/lib/armv7e-m/fpu/libc_nano.a(lib_a-findfp.o) (_fwalk)
/usr/lib/gcc/arm-none-eabi/6.3.0/../../../../arm-none-eabi/lib/armv7e-m/fpu/libc_nano.a(lib_a-localeconv.o)
                              /usr/lib/gcc/arm-none-eabi/6.3.0/../../../../arm-none-eabi/lib/armv7e-m/fpu/libc_nano.a(lib_a-nano-vfprintf_float.o) (_localeconv_r)
/usr/lib/gcc/arm-none-eabi/6.3.0/../../../../arm-none-eabi/lib/armv7e-m/fpu/libc_nano.a(lib_a-malloc.o)
                              /usr/lib/gcc/arm-none-eabi/6.3.0/../../../../arm-none-eabi/lib/armv7e-m/fpu/libc_nano.a(lib_a-dtoa.o) (malloc)
/usr/lib/gcc/arm-none-eabi/6.3.0/../../../../arm-none-eabi/lib/armv7e-m/fpu/libc_nano.a(lib_a-memchr.o)
                              /usr/lib/gcc/arm-none-eabi/6.3.0/../../../../arm-none-eabi/lib/armv7e-m/fpu/libc_nano.a(lib_a-nano-vfprintf_i.o) (memchr)
/usr/lib/gcc/arm-none-eabi/6.3.0/../../../../arm-none-eabi/lib/armv7e-m/fpu/libc_nano.a(lib_a-mprec.o)
                              /usr/lib/gcc/arm-none-eabi/6.3.0/../../../../arm-none-eabi/lib/armv7e-m/fpu/libc_nano.a(lib_a-dtoa.o) (_Balloc)
[...]
Memory Configuration

Name             Origin             Length             Attributes
RAM              0x0000000020000000 0x0000000000018000 xrw
FLASH            0x0000000008000000 0x0000000000080000 xr
*default*        0x0000000000000000 0xffffffffffffffff

Linker script and memory map

LOAD /usr/lib/gcc/arm-none-eabi/6.3.0/armv7e-m/fpu/crti.o
LOAD /usr/lib/gcc/arm-none-eabi/6.3.0/armv7e-m/fpu/crtbegin.o
LOAD /usr/lib/gcc/arm-none-eabi/6.3.0/../../../../arm-none-eabi/lib/armv7e-m/fpu/crt0.o
LOAD build/list_test.o
LOAD build/controls_595.o
LOAD build/stm32f4xx_hal.o
LOAD build/stm32f4xx_hal_cortex.o
LOAD build/stm32f4xx_hal_dma.o
LOAD build/stm32f4xx_hal_dma_ex.o
LOAD build/stm32f4xx_hal_flash.o
LOAD build/stm32f4xx_hal_flash_ex.o
LOAD build/stm32f4xx_hal_flash_ramfunc.o
LOAD build/stm32f4xx_hal_gpio.o
LOAD build/stm32f4xx_hal_i2c.o
LOAD build/stm32f4xx_hal_i2c_ex.o
LOAD build/stm32f4xx_hal_pwr.o
LOAD build/stm32f4xx_hal_pwr_ex.o
LOAD build/stm32f4xx_hal_rcc.o
LOAD build/stm32f4xx_hal_rcc_ex.o
LOAD build/stm32f4xx_hal_sd.o
LOAD build/stm32f4xx_hal_spi.o
LOAD build/stm32f4xx_hal_tim.o
LOAD build/stm32f4xx_hal_tim_ex.o
LOAD build/stm32f4xx_hal_uart.o
LOAD build/stm32f4xx_ll_sdmmc.o
LOAD build/makise.o
LOAD build/makise_colors.o
LOAD build/makise_primitives.o
LOAD build/makise_text.o
LOAD build/Arial12.o
LOAD build/Arial15.o
LOAD build/Arial16.o
LOAD build/Arial24.o
LOAD build/fonts.o
LOAD build/makise_gui.o
LOAD build/makise_gui_container.o
LOAD build/makise_gui_elements.o
LOAD build/makise_gui_input.o
LOAD build/makise_e.o
LOAD build/makise_e_buttons.o
LOAD build/makise_e_canvas.o
LOAD build/makise_e_lable.o
LOAD build/makise_e_slider.o
LOAD build/makise_e_slist.o
LOAD build/makise_e_tabs.o
LOAD build/makise_e_text_field.o
LOAD build/ili9340.o
LOAD build/diskio.o
LOAD build/ff.o
LOAD build/ff_gen_drv.o
LOAD build/sd_diskio.o
LOAD build/syscall.o
LOAD build/bsp_driver_sd.o
LOAD build/dma.o
LOAD build/fatfs.o
LOAD build/gpio.o
LOAD build/i2c.o
LOAD build/main.o
LOAD build/makise_test.o
LOAD build/printf.o
LOAD build/sdio.o
LOAD build/spi.o
LOAD build/stm32f4xx_hal_msp.o
LOAD build/stm32f4xx_it.o
LOAD build/system_stm32f4xx.o
LOAD build/tim.o
LOAD build/usart.o
LOAD build/startup_stm32f401xe.o
LOAD /usr/lib/gcc/arm-none-eabi/6.3.0/../../../../arm-none-eabi/lib/armv7e-m/fpu/libc_nano.a
LOAD /usr/lib/gcc/arm-none-eabi/6.3.0/../../../../arm-none-eabi/lib/armv7e-m/fpu/libm.a
LOAD /usr/lib/gcc/arm-none-eabi/6.3.0/../../../../arm-none-eabi/lib/armv7e-m/fpu/libnosys.a
START GROUP
LOAD /usr/lib/gcc/arm-none-eabi/6.3.0/armv7e-m/fpu/libgcc.a
LOAD /usr/lib/gcc/arm-none-eabi/6.3.0/../../../../arm-none-eabi/lib/armv7e-m/fpu/libc_nano.a
END GROUP
START GROUP
LOAD /usr/lib/gcc/arm-none-eabi/6.3.0/armv7e-m/fpu/libgcc.a
LOAD /usr/lib/gcc/arm-none-eabi/6.3.0/../../../../arm-none-eabi/lib/armv7e-m/fpu/libc_nano.a
END GROUP
LOAD /usr/lib/gcc/arm-none-eabi/6.3.0/armv7e-m/fpu/crtend.o
LOAD /usr/lib/gcc/arm-none-eabi/6.3.0/armv7e-m/fpu/crtn.o
                0x0000000020018000                _estack = 0x20018000
                0x0000000000002000                _Min_Heap_Size = 0x2000
                0x0000000000002000                _Min_Stack_Size = 0x2000

.isr_vector     0x0000000008000000      0x194
                0x0000000008000000                . = ALIGN (0x4)
 *(.isr_vector)
 .isr_vector    0x0000000008000000      0x194 build/startup_stm32f401xe.o
                0x0000000008000000                g_pfnVectors
                0x0000000008000194                . = ALIGN (0x4)

.text           0x00000000080001a0     0xbd1c
                0x00000000080001a0                . = ALIGN (0x4)
 *(.text)
 .text          0x00000000080001a0       0x10 /usr/lib/gcc/arm-none-eabi/6.3.0/../../../../arm-none-eabi/lib/armv7e-m/fpu/libc_nano.a(lib_a-strlen.o)
                0x00000000080001a0                strlen
 .text          0x00000000080001b0       0xa0 /usr/lib/gcc/arm-none-eabi/6.3.0/../../../../arm-none-eabi/lib/armv7e-m/fpu/libc_nano.a(lib_a-memchr.o)
                0x00000000080001b0                memchr
 .text          0x0000000008000250      0x370 /usr/lib/gcc/arm-none-eabi/6.3.0/armv7e-m/fpu/libgcc.a(_arm_addsubdf3.o)
                0x0000000008000250                __aeabi_drsub
                0x0000000008000258                __aeabi_dsub
                0x0000000008000258                __subdf3
                0x000000000800025c                __adddf3
                0x000000000800025c                __aeabi_dadd
                0x00000000080004d4                __aeabi_ui2d
                0x00000000080004d4                __floatunsidf
                0x00000000080004f4                __floatsidf
                0x00000000080004f4                __aeabi_i2d
                0x0000000008000518                __extendsfdf2
                0x0000000008000518                __aeabi_f2d
                0x0000000008000554                __aeabi_ul2d
                0x0000000008000554                __floatundidf
                0x0000000008000564                __floatdidf
                0x0000000008000564                __aeabi_l2d
 .text          0x00000000080005c0      0x424 /usr/lib/gcc/arm-none-eabi/6.3.0/armv7e-m/fpu/libgcc.a(_arm_muldivdf3.o)
                0x00000000080005c0                __aeabi_dmul
                0x00000000080005c0                __muldf3
                0x0000000008000814                __aeabi_ddiv
                0x0000000008000814                __divdf3
 .text          0x00000000080009e4      0x110 /usr/lib/gcc/arm-none-eabi/6.3.0/armv7e-m/fpu/libgcc.a(_arm_cmpdf2.o)
                0x00000000080009e4                __gtdf2
                0x00000000080009e4                __gedf2
                0x00000000080009ec                __ltdf2
                0x00000000080009ec                __ledf2
                0x00000000080009f4                __cmpdf2
                0x00000000080009f4                __eqdf2
                0x00000000080009f4                __nedf2
                0x0000000008000a70                __aeabi_cdrcmple
                0x0000000008000a80                __aeabi_cdcmple
                0x0000000008000a80                __aeabi_cdcmpeq
                0x0000000008000a90                __aeabi_dcmpeq
                0x0000000008000aa4                __aeabi_dcmplt
                0x0000000008000ab8                __aeabi_dcmple
                0x0000000008000acc                __aeabi_dcmpge
                0x0000000008000ae0                __aeabi_dcmpgt
 .text          0x0000000008000af4       0x2c /usr/lib/gcc/arm-none-eabi/6.3.0/armv7e-m/fpu/libgcc.a(_arm_unorddf2.o)
                0x0000000008000af4                __aeabi_dcmpun
                0x0000000008000af4                __unorddf2
 .text          0x0000000008000b20       0x50 /usr/lib/gcc/arm-none-eabi/6.3.0/armv7e-m/fpu/libgcc.a(_arm_fixdfsi.o)
                0x0000000008000b20                __fixdfsi
                0x0000000008000b20                __aeabi_d2iz
 *(.text*)
 .text.__do_global_dtors_aux
                0x0000000008000b70       0x24 /usr/lib/gcc/arm-none-eabi/6.3.0/armv7e-m/fpu/crtbegin.o
 .text.frame_dummy
                0x0000000008000b94       0x34 /usr/lib/gcc/arm-none-eabi/6.3.0/armv7e-m/fpu/crtbegin.o
 .text.b_add    0x0000000008000bc8       0xa0 build/list_test.o
                0x0000000008000bc8                b_add
 .text.b_rem    0x0000000008000c68       0x38 build/list_test.o
                0x0000000008000c68                b_rem
 .text.s_onchange
                0x0000000008000ca0       0x28 build/list_test.o
                0x0000000008000ca0                s_onchange
 .text.at_list_init
                0x0000000008000cc8      0x1f4 build/list_test.o
                0x0000000008000cc8                at_list_init
 .text.controls_595_init
                0x0000000008000ebc      0x16c build/controls_595.o
                0x0000000008000ebc                controls_595_init
 .text.controls_595_update
                0x0000000008001028      0x274 build/controls_595.o
                0x0000000008001028                controls_595_update
 .text.HAL_InitTick
                0x000000000800129c       0x2c build/stm32f4xx_hal.o
                0x000000000800129c                HAL_InitTick
 .text.HAL_Init
                0x00000000080012c8       0x34 build/stm32f4xx_hal.o
                0x00000000080012c8                HAL_Init
 .text.HAL_IncTick
                0x00000000080012fc       0x10 build/stm32f4xx_hal.o
                0x00000000080012fc                HAL_IncTick
 .text.HAL_GetTick
                0x000000000800130c        0xc build/stm32f4xx_hal.o
                0x000000000800130c                HAL_GetTick
 .text.HAL_Delay
                0x0000000008001318       0x1c build/stm32f4xx_hal.o
                0x0000000008001318                HAL_Delay
 .text.HAL_NVIC_SetPriorityGrouping
                0x0000000008001334       0x24 build/stm32f4xx_hal_cortex.o
                0x0000000008001334                HAL_NVIC_SetPriorityGrouping
 .text.HAL_NVIC_SetPriority
                0x0000000008001358       0x6c build/stm32f4xx_hal_cortex.o
                0x0000000008001358                HAL_NVIC_SetPriority
 .text.HAL_NVIC_EnableIRQ
                0x00000000080013c4       0x18 build/stm32f4xx_hal_cortex.o
                0x00000000080013c4                HAL_NVIC_EnableIRQ
 .text.HAL_SYSTICK_Config
                0x00000000080013dc       0x34 build/stm32f4xx_hal_cortex.o
                0x00000000080013dc                HAL_SYSTICK_Config
 .text.HAL_SYSTICK_CLKSourceConfig
                0x0000000008001410       0x18 build/stm32f4xx_hal_cortex.o
                0x0000000008001410                HAL_SYSTICK_CLKSourceConfig
 .text.HAL_SYSTICK_Callback
                0x0000000008001428        0x4 build/stm32f4xx_hal_cortex.o
                0x0000000008001428                HAL_SYSTICK_Callback
 .text.HAL_SYSTICK_IRQHandler
                0x000000000800142c        0x8 build/stm32f4xx_hal_cortex.o
                0x000000000800142c                HAL_SYSTICK_IRQHandler
 .text.HAL_DMA_Init
                0x0000000008001434      0x130 build/stm32f4xx_hal_dma.o
                0x0000000008001434                HAL_DMA_Init
 .text.HAL_DMA_Start_IT
                0x0000000008001564       0x84 build/stm32f4xx_hal_dma.o
                0x0000000008001564                HAL_DMA_Start_IT
 .text.HAL_DMA_IRQHandler
                0x00000000080015e8      0x1a8 build/stm32f4xx_hal_dma.o
                0x00000000080015e8                HAL_DMA_IRQHandler
 .text.HAL_GPIO_Init
                0x0000000008001790      0x1dc build/stm32f4xx_hal_gpio.o
                0x0000000008001790                HAL_GPIO_Init
 .text.HAL_GPIO_ReadPin
                0x000000000800196c        0xc build/stm32f4xx_hal_gpio.o
                0x000000000800196c                HAL_GPIO_ReadPin
 .text.HAL_GPIO_WritePin
                0x0000000008001978        0x8 build/stm32f4xx_hal_gpio.o
                0x0000000008001978                HAL_GPIO_WritePin
 .text.unlikely.I2C_WaitOnMasterAddressFlagUntilTimeout.constprop.10
                0x0000000008001980       0x64 build/stm32f4xx_hal_i2c.o
 .text.HAL_I2C_Init
                0x00000000080019e4       0xf0 build/stm32f4xx_hal_i2c.o
                0x00000000080019e4                HAL_I2C_Init
 .text.HAL_I2C_Master_Transmit
                0x0000000008001ad4      0x2f8 build/stm32f4xx_hal_i2c.o
                0x0000000008001ad4                HAL_I2C_Master_Transmit
 .text.HAL_I2C_Master_Receive
                0x0000000008001dcc      0x470 build/stm32f4xx_hal_i2c.o
                0x0000000008001dcc                HAL_I2C_Master_Receive
 .text.HAL_RCC_OscConfig
                0x000000000800223c      0x378 build/stm32f4xx_hal_rcc.o
                0x000000000800223c                HAL_RCC_OscConfig
 .text.HAL_RCC_GetSysClockFreq
                0x00000000080025b4       0x74 build/stm32f4xx_hal_rcc.o
                0x00000000080025b4                HAL_RCC_GetSysClockFreq
 .text.HAL_RCC_ClockConfig
                0x0000000008002628      0x170 build/stm32f4xx_hal_rcc.o
                0x0000000008002628                HAL_RCC_ClockConfig
 .text.HAL_RCC_GetHCLKFreq
                0x0000000008002798        0xc build/stm32f4xx_hal_rcc.o
                0x0000000008002798                HAL_RCC_GetHCLKFreq
 .text.HAL_RCC_GetPCLK1Freq
                0x00000000080027a4       0x30 build/stm32f4xx_hal_rcc.o
                0x00000000080027a4                HAL_RCC_GetPCLK1Freq
 .text.HAL_RCC_GetPCLK2Freq
                0x00000000080027d4       0x30 build/stm32f4xx_hal_rcc.o
                0x00000000080027d4                HAL_RCC_GetPCLK2Freq
 .text.SD_IsCardProgramming
                0x0000000008002804      0x14c build/stm32f4xx_hal_sd.o
 .text.SD_CmdResp1Error.part.0
                0x0000000008002950       0xbc build/stm32f4xx_hal_sd.o
 .text.SD_CmdResp1Error
                0x0000000008002a0c       0x44 build/stm32f4xx_hal_sd.o
 .text.SD_FindSCR
                0x0000000008002a50      0x17c build/stm32f4xx_hal_sd.o
 .text.HAL_SD_ReadBlocks
                0x0000000008002bcc      0x27c build/stm32f4xx_hal_sd.o
                0x0000000008002bcc                HAL_SD_ReadBlocks
 .text.HAL_SD_WriteBlocks
                0x0000000008002e48      0x2d8 build/stm32f4xx_hal_sd.o
                0x0000000008002e48                HAL_SD_WriteBlocks
 .text.HAL_SD_Get_CardInfo
                0x0000000008003120      0x278 build/stm32f4xx_hal_sd.o
                0x0000000008003120                HAL_SD_Get_CardInfo
 .text.HAL_SD_Init
                0x0000000008003398      0x4c0 build/stm32f4xx_hal_sd.o
                0x0000000008003398                HAL_SD_Init
 .text.HAL_SD_WideBusOperation_Config
                0x0000000008003858      0x15c build/stm32f4xx_hal_sd.o
                0x0000000008003858                HAL_SD_WideBusOperation_Config
 .text.HAL_SD_GetStatus
                0x00000000080039b4       0x70 build/stm32f4xx_hal_sd.o
                0x00000000080039b4                HAL_SD_GetStatus
 .text.HAL_SPI_Init
                0x0000000008003a24       0x80 build/stm32f4xx_hal_spi.o
                0x0000000008003a24                HAL_SPI_Init
 .text.HAL_SPI_Transmit
                0x0000000008003aa4      0x2e8 build/stm32f4xx_hal_spi.o
                0x0000000008003aa4                HAL_SPI_Transmit
 .text.HAL_SPI_Transmit_DMA
                0x0000000008003d8c       0xac build/stm32f4xx_hal_spi.o
                0x0000000008003d8c                HAL_SPI_Transmit_DMA
 .text.SPI_DMAHalfTransmitCplt
                0x0000000008003e38        0xc build/stm32f4xx_hal_spi.o
 .text.HAL_SPI_ErrorCallback
                0x0000000008003e44        0x4 build/stm32f4xx_hal_spi.o
                0x0000000008003e44                HAL_SPI_ErrorCallback
 .text.SPI_DMAError
                0x0000000008003e48       0x24 build/stm32f4xx_hal_spi.o
 .text.SPI_DMATransmitCplt
                0x0000000008003e6c       0xcc build/stm32f4xx_hal_spi.o
 .text.HAL_TIM_Base_Start
                0x0000000008003f38       0x20 build/stm32f4xx_hal_tim.o
                0x0000000008003f38                HAL_TIM_Base_Start
 .text.HAL_TIM_PWM_Init
                0x0000000008003f58       0xc0 build/stm32f4xx_hal_tim.o
                0x0000000008003f58                HAL_TIM_PWM_Init
 .text.HAL_TIM_PWM_Start
                0x0000000008004018       0x3c build/stm32f4xx_hal_tim.o
                0x0000000008004018                HAL_TIM_PWM_Start
 .text.HAL_TIM_PWM_ConfigChannel
                0x0000000008004054      0x1fc build/stm32f4xx_hal_tim.o
                0x0000000008004054                HAL_TIM_PWM_ConfigChannel
 .text.HAL_TIMEx_MasterConfigSynchronization
                0x0000000008004250       0x4c build/stm32f4xx_hal_tim_ex.o
                0x0000000008004250                HAL_TIMEx_MasterConfigSynchronization
 .text.UART_SetConfig
                0x000000000800429c      0x300 build/stm32f4xx_hal_uart.o
 .text.HAL_UART_Init
                0x000000000800459c       0x60 build/stm32f4xx_hal_uart.o
                0x000000000800459c                HAL_UART_Init
 .text.HAL_UART_Transmit
                0x00000000080045fc      0x108 build/stm32f4xx_hal_uart.o
                0x00000000080045fc                HAL_UART_Transmit
 .text.SDIO_Init
                0x0000000008004704       0x38 build/stm32f4xx_ll_sdmmc.o
                0x0000000008004704                SDIO_Init
 .text.SDIO_ReadFIFO
                0x000000000800473c        0x8 build/stm32f4xx_ll_sdmmc.o
                0x000000000800473c                SDIO_ReadFIFO
 .text.SDIO_WriteFIFO
                0x0000000008004744        0xc build/stm32f4xx_ll_sdmmc.o
                0x0000000008004744                SDIO_WriteFIFO
 .text.SDIO_PowerState_ON
                0x0000000008004750        0x8 build/stm32f4xx_ll_sdmmc.o
                0x0000000008004750                SDIO_PowerState_ON
 .text.SDIO_GetPowerState
                0x0000000008004758        0x8 build/stm32f4xx_ll_sdmmc.o
                0x0000000008004758                SDIO_GetPowerState
 .text.SDIO_SendCommand
                0x0000000008004760       0x28 build/stm32f4xx_ll_sdmmc.o
                0x0000000008004760                SDIO_SendCommand
 .text.SDIO_GetCommandResponse
                0x0000000008004788        0x8 build/stm32f4xx_ll_sdmmc.o
                0x0000000008004788                SDIO_GetCommandResponse
 .text.SDIO_GetResponse
                0x0000000008004790       0x18 build/stm32f4xx_ll_sdmmc.o
                0x0000000008004790                SDIO_GetResponse
 .text.SDIO_DataConfig
                0x00000000080047a8       0x28 build/stm32f4xx_ll_sdmmc.o
                0x00000000080047a8                SDIO_DataConfig
 .text.makise_init
                0x00000000080047d0       0x3c build/makise.o
                0x00000000080047d0                makise_init
 .text.makise_start
                0x000000000800480c        0x8 build/makise.o
                0x000000000800480c                makise_start
 .text.makise_pset
                0x0000000008004814       0x5c build/makise.o
                0x0000000008004814                makise_pset
 .text.makise_render
                0x0000000008004870       0xdc build/makise.o
                0x0000000008004870                makise_render
 .text.makise_color_get
                0x000000000800494c       0x10 build/makise_colors.o
                0x000000000800494c                makise_color_get
 .text.makise_d_line
                0x000000000800495c      0x1fc build/makise_primitives.o
                0x000000000800495c                makise_d_line
 .text.makise_d_rect
                0x0000000008004b58       0xd4 build/makise_primitives.o
                0x0000000008004b58                makise_d_rect
 .text.makise_d_rect_filled
                0x0000000008004c2c      0x14c build/makise_primitives.o
                0x0000000008004c2c                makise_d_rect_filled
 .text.makise_d_string
                0x0000000008004d78      0x24c build/makise_text.o
                0x0000000008004d78                makise_d_string
 .text.makise_d_string_frame
                0x0000000008004fc4      0x134 build/makise_text.o
                0x0000000008004fc4                makise_d_string_frame
 .text.makise_g_newid
                0x00000000080050f8       0x10 build/makise_gui.o
                0x00000000080050f8                makise_g_newid
 .text.makise_g_host_call
                0x0000000008005108        0x8 build/makise_gui.o
                0x0000000008005108                makise_g_host_call
 .text.makise_g_host_input
                0x0000000008005110       0x1c build/makise_gui.o
                0x0000000008005110                makise_g_host_input
 .text.makise_g_focus
                0x000000000800512c       0x64 build/makise_gui.o
                0x000000000800512c                makise_g_focus
 .text.makise_g_cont_add
                0x0000000008005190       0x34 build/makise_gui_container.o
                0x0000000008005190                makise_g_cont_add
 .text.makise_g_cont_call
                0x00000000080051c4       0x8c build/makise_gui_container.o
                0x00000000080051c4                makise_g_cont_call
 .text.makise_g_cont_input
                0x0000000008005250       0x30 build/makise_gui_container.o
                0x0000000008005250                makise_g_cont_input
 .text.makise_g_cont_focus_next
                0x0000000008005280       0x8c build/makise_gui_container.o
                0x0000000008005280                makise_g_cont_focus_next
 .text.makise_g_cont_focus_prev
                0x000000000800530c       0x8c build/makise_gui_container.o
                0x000000000800530c                makise_g_cont_focus_prev
 .text.m_element_call
                0x0000000008005398       0x30 build/makise_gui_elements.o
                0x0000000008005398                m_element_call
 .text._m_e_helper_draw_box
                0x00000000080053c8       0x50 build/makise_e.o
                0x00000000080053c8                _m_e_helper_draw_box
 .text._m_button_focus
                0x0000000008005418       0x54 build/makise_e_buttons.o
                0x0000000008005418                _m_button_focus
 .text._m_button_input
                0x000000000800546c       0x54 build/makise_e_buttons.o
                0x000000000800546c                _m_button_input
 .text._m_button_draw
                0x00000000080054c0       0x78 build/makise_e_buttons.o
                0x00000000080054c0                _m_button_draw
 .text.m_create_button
                0x0000000008005538       0x88 build/makise_e_buttons.o
                0x0000000008005538                m_create_button
 .text._m_lable_draw
                0x00000000080055c0       0x48 build/makise_e_lable.o
                0x00000000080055c0                _m_lable_draw
 .text.m_create_lable
                0x0000000008005608       0x6c build/makise_e_lable.o
                0x0000000008005608                m_create_lable
 .text._m_slider_focus
                0x0000000008005674       0x54 build/makise_e_slider.o
                0x0000000008005674                _m_slider_focus
 .text._m_slider_input
                0x00000000080056c8       0x84 build/makise_e_slider.o
                0x00000000080056c8                _m_slider_input
 .text._m_slider_draw
                0x000000000800574c      0x2e0 build/makise_e_slider.o
                0x000000000800574c                _m_slider_draw
 .text.m_create_slider
                0x0000000008005a2c       0x9c build/makise_e_slider.o
                0x0000000008005a2c                m_create_slider
 .text.m_slist_add
                0x0000000008005ac8       0x38 build/makise_e_slist.o
                0x0000000008005ac8                m_slist_add
 .text.m_slist_remove
                0x0000000008005b00       0x70 build/makise_e_slist.o
                0x0000000008005b00                m_slist_remove
 .text._m_tabs_draw
                0x0000000008005b70      0x1e0 build/makise_e_tabs.o
                0x0000000008005b70                _m_tabs_draw
 .text._m_tabs_predraw
                0x0000000008005d50       0x40 build/makise_e_tabs.o
                0x0000000008005d50                _m_tabs_predraw
 .text._m_tabs_input
                0x0000000008005d90       0x80 build/makise_e_tabs.o
                0x0000000008005d90                _m_tabs_input
 .text._m_tabs_focus
                0x0000000008005e10      0x124 build/makise_e_tabs.o
                0x0000000008005e10                _m_tabs_focus
 .text.m_create_tabs
                0x0000000008005f34      0x130 build/makise_e_tabs.o
                0x0000000008005f34                m_create_tabs
 .text._m_textfield_draw
                0x0000000008006064       0x54 build/makise_e_text_field.o
                0x0000000008006064                _m_textfield_draw
 .text.m_create_text_field
                0x00000000080060b8       0x6c build/makise_e_text_field.o
                0x00000000080060b8                m_create_text_field
 .text.ili9340_awake
                0x0000000008006124        0x4 build/ili9340.o
                0x0000000008006124                ili9340_awake
 .text.ili9340_set_backlight
                0x0000000008006128       0x10 build/ili9340.o
                0x0000000008006128                ili9340_set_backlight
 .text.ili9340_sleep
                0x0000000008006138        0x4 build/ili9340.o
                0x0000000008006138                ili9340_sleep
 .text.ili9340_start
                0x000000000800613c      0x148 build/ili9340.o
                0x000000000800613c                ili9340_start
 .text.ili9340_init
                0x0000000008006284      0xcb0 build/ili9340.o
                0x0000000008006284                ili9340_init
 .text.ili9340_driver
                0x0000000008006f34       0x54 build/ili9340.o
                0x0000000008006f34                ili9340_driver
 .text.ili9340_spi_txhalfcplt
                0x0000000008006f88       0x18 build/ili9340.o
                0x0000000008006f88                ili9340_spi_txhalfcplt
 .text.ili9340_spi_txcplt
                0x0000000008006fa0      0x1ec build/ili9340.o
                0x0000000008006fa0                ili9340_spi_txcplt
 .text.FATFS_LinkDriver
                0x000000000800718c       0x48 build/ff_gen_drv.o
                0x000000000800718c                FATFS_LinkDriver
 .text.SD_initialize
                0x00000000080071d4       0x20 build/sd_diskio.o
                0x00000000080071d4                SD_initialize
 .text.SD_status
                0x00000000080071f4       0x20 build/sd_diskio.o
                0x00000000080071f4                SD_status
 .text.SD_read  0x0000000008007214       0x20 build/sd_diskio.o
                0x0000000008007214                SD_read
 .text.SD_write
                0x0000000008007234       0x20 build/sd_diskio.o
                0x0000000008007234                SD_write
 .text.SD_ioctl
                0x0000000008007254       0x58 build/sd_diskio.o
                0x0000000008007254                SD_ioctl
 .text.BSP_SD_Init
                0x00000000080072ac       0x40 build/bsp_driver_sd.o
                0x00000000080072ac                BSP_SD_Init
 .text.BSP_SD_ReadBlocks
                0x00000000080072ec       0x24 build/bsp_driver_sd.o
                0x00000000080072ec                BSP_SD_ReadBlocks
 .text.BSP_SD_WriteBlocks
                0x0000000008007310       0x24 build/bsp_driver_sd.o
                0x0000000008007310                BSP_SD_WriteBlocks
 .text.BSP_SD_GetStatus
                0x0000000008007334        0xc build/bsp_driver_sd.o
                0x0000000008007334                BSP_SD_GetStatus
 .text.BSP_SD_GetCardInfo
                0x0000000008007340        0xc build/bsp_driver_sd.o
                0x0000000008007340                BSP_SD_GetCardInfo
 .text.MX_DMA_Init
                0x000000000800734c       0x74 build/dma.o
                0x000000000800734c                MX_DMA_Init
 .text.MX_FATFS_Init
                0x00000000080073c0       0x1c build/fatfs.o
                0x00000000080073c0                MX_FATFS_Init
 .text.MX_GPIO_Init
                0x00000000080073dc       0xe8 build/gpio.o
                0x00000000080073dc                MX_GPIO_Init
 .text.MX_I2C1_Init
                0x00000000080074c4       0x40 build/i2c.o
                0x00000000080074c4                MX_I2C1_Init
 .text.HAL_I2C_MspInit
                0x0000000008007504       0x58 build/i2c.o
                0x0000000008007504                HAL_I2C_MspInit
 .text._mt_d    0x000000000800755c       0xd4 build/main.o
                0x000000000800755c                _mt_d
 .text.ReadRegister
                0x0000000008007630       0x40 build/main.o
                0x0000000008007630                ReadRegister
 .text.SystemClock_Config
                0x0000000008007670       0xb4 build/main.o
                0x0000000008007670                SystemClock_Config
 .text.startup.main
                0x0000000008007724       0xb8 build/main.o
                0x0000000008007724                main
 .text.Error_Handler
                0x00000000080077dc        0x4 build/main.o
                0x00000000080077dc                Error_Handler
 .text.mt_predraw
                0x00000000080077e0       0x10 build/makise_test.o
                0x00000000080077e0                mt_predraw
 .text.but_h    0x00000000080077f0      0x22c build/makise_test.o
                0x00000000080077f0                but_h
 .text.HAL_SPI_TxHalfCpltCallback
                0x0000000008007a1c       0x1c build/makise_test.o
                0x0000000008007a1c                HAL_SPI_TxHalfCpltCallback
 .text.HAL_SPI_TxCpltCallback
                0x0000000008007a38       0x1c build/makise_test.o
                0x0000000008007a38                HAL_SPI_TxCpltCallback
 .text.mt_start
                0x0000000008007a54       0xc0 build/makise_test.o
                0x0000000008007a54                mt_start
 .text._write   0x0000000008007b14       0x18 build/printf.o
                0x0000000008007b14                _write
 .text.MX_SDIO_SD_Init
                0x0000000008007b2c       0x20 build/sdio.o
                0x0000000008007b2c                MX_SDIO_SD_Init
 .text.HAL_SD_MspInit
                0x0000000008007b4c       0x68 build/sdio.o
                0x0000000008007b4c                HAL_SD_MspInit
 .text.MX_SPI1_Init
                0x0000000008007bb4       0x44 build/spi.o
                0x0000000008007bb4                MX_SPI1_Init
 .text.HAL_SPI_MspInit
                0x0000000008007bf8       0x90 build/spi.o
                0x0000000008007bf8                HAL_SPI_MspInit
 .text.HAL_MspInit
                0x0000000008007c88       0x60 build/stm32f4xx_hal_msp.o
                0x0000000008007c88                HAL_MspInit
 .text.NMI_Handler
                0x0000000008007ce8        0x4 build/stm32f4xx_it.o
                0x0000000008007ce8                NMI_Handler
 .text.HardFault_Handler
                0x0000000008007cec        0x4 build/stm32f4xx_it.o
                0x0000000008007cec                HardFault_Handler
 .text.MemManage_Handler
                0x0000000008007cf0        0x4 build/stm32f4xx_it.o
                0x0000000008007cf0                MemManage_Handler
 .text.BusFault_Handler
                0x0000000008007cf4        0x4 build/stm32f4xx_it.o
                0x0000000008007cf4                BusFault_Handler
 .text.UsageFault_Handler
                0x0000000008007cf8        0x4 build/stm32f4xx_it.o
                0x0000000008007cf8                UsageFault_Handler
 .text.SVC_Handler
                0x0000000008007cfc        0x4 build/stm32f4xx_it.o
                0x0000000008007cfc                SVC_Handler
 .text.DebugMon_Handler
                0x0000000008007d00        0x4 build/stm32f4xx_it.o
                0x0000000008007d00                DebugMon_Handler
 .text.PendSV_Handler
                0x0000000008007d04        0x4 build/stm32f4xx_it.o
                0x0000000008007d04                PendSV_Handler
 .text.SysTick_Handler
                0x0000000008007d08       0x10 build/stm32f4xx_it.o
                0x0000000008007d08                SysTick_Handler
 .text.DMA2_Stream3_IRQHandler
                0x0000000008007d18        0xc build/stm32f4xx_it.o
                0x0000000008007d18                DMA2_Stream3_IRQHandler
 .text.SystemInit
                0x0000000008007d24       0x50 build/system_stm32f4xx.o
                0x0000000008007d24                SystemInit
 .text.MX_TIM3_Init
                0x0000000008007d74       0x94 build/tim.o
                0x0000000008007d74                MX_TIM3_Init
 .text.HAL_TIM_PWM_MspInit
                0x0000000008007e08       0x30 build/tim.o
                0x0000000008007e08                HAL_TIM_PWM_MspInit
 .text.MX_USART6_UART_Init
                0x0000000008007e38       0x38 build/usart.o
                0x0000000008007e38                MX_USART6_UART_Init
 .text.HAL_UART_MspInit
                0x0000000008007e70       0x50 build/usart.o
                0x0000000008007e70                HAL_UART_MspInit
 .text.Reset_Handler
                0x0000000008007ec0       0x50 build/startup_stm32f401xe.o
                0x0000000008007ec0                Reset_Handler
 .text.Default_Handler
                0x0000000008007f10        0x2 build/startup_stm32f401xe.o
                0x0000000008007f10                RTC_Alarm_IRQHandler
                0x0000000008007f10                EXTI2_IRQHandler
                0x0000000008007f10                SPI4_IRQHandler
                0x0000000008007f10                TIM1_CC_IRQHandler
                0x0000000008007f10                DMA2_Stream5_IRQHandler
                0x0000000008007f10                DMA1_Stream5_IRQHandler
                0x0000000008007f10                PVD_IRQHandler
                0x0000000008007f10                SDIO_IRQHandler
                0x0000000008007f10                TAMP_STAMP_IRQHandler
                0x0000000008007f10                EXTI3_IRQHandler
                0x0000000008007f10                TIM1_UP_TIM10_IRQHandler
                0x0000000008007f10                I2C3_ER_IRQHandler
                0x0000000008007f10                EXTI0_IRQHandler
                0x0000000008007f10                I2C2_EV_IRQHandler
                0x0000000008007f10                DMA1_Stream2_IRQHandler
                0x0000000008007f10                FPU_IRQHandler
                0x0000000008007f10                DMA2_Stream2_IRQHandler
                0x0000000008007f10                SPI1_IRQHandler
                0x0000000008007f10                TIM1_BRK_TIM9_IRQHandler
                0x0000000008007f10                USART6_IRQHandler
                0x0000000008007f10                DMA2_Stream0_IRQHandler
                0x0000000008007f10                TIM4_IRQHandler
                0x0000000008007f10                I2C1_EV_IRQHandler
                0x0000000008007f10                DMA1_Stream6_IRQHandler
                0x0000000008007f10                DMA1_Stream1_IRQHandler
                0x0000000008007f10                TIM3_IRQHandler
                0x0000000008007f10                RCC_IRQHandler
                0x0000000008007f10                Default_Handler
                0x0000000008007f10                EXTI15_10_IRQHandler
                0x0000000008007f10                ADC_IRQHandler
                0x0000000008007f10                DMA1_Stream7_IRQHandler
                0x0000000008007f10                TIM5_IRQHandler
                0x0000000008007f10                DMA2_Stream7_IRQHandler
                0x0000000008007f10                I2C3_EV_IRQHandler
                0x0000000008007f10                EXTI9_5_IRQHandler
                0x0000000008007f10                RTC_WKUP_IRQHandler
                0x0000000008007f10                SPI2_IRQHandler
                0x0000000008007f10                DMA1_Stream0_IRQHandler
                0x0000000008007f10                EXTI4_IRQHandler
                0x0000000008007f10                WWDG_IRQHandler
                0x0000000008007f10                TIM2_IRQHandler
                0x0000000008007f10                OTG_FS_WKUP_IRQHandler
                0x0000000008007f10                TIM1_TRG_COM_TIM11_IRQHandler
                0x0000000008007f10                EXTI1_IRQHandler
                0x0000000008007f10                USART2_IRQHandler
                0x0000000008007f10                I2C2_ER_IRQHandler
                0x0000000008007f10                DMA2_Stream1_IRQHandler
                0x0000000008007f10                FLASH_IRQHandler
                0x0000000008007f10                DMA2_Stream4_IRQHandler
                0x0000000008007f10                USART1_IRQHandler
                0x0000000008007f10                OTG_FS_IRQHandler
                0x0000000008007f10                SPI3_IRQHandler
                0x0000000008007f10                DMA1_Stream4_IRQHandler
                0x0000000008007f10                I2C1_ER_IRQHandler
                0x0000000008007f10                DMA2_Stream6_IRQHandler
                0x0000000008007f10                DMA1_Stream3_IRQHandler
 *fill*         0x0000000008007f12        0x2 
 .text.__libc_init_array
                0x0000000008007f14       0x48 /usr/lib/gcc/arm-none-eabi/6.3.0/../../../../arm-none-eabi/lib/armv7e-m/fpu/libc_nano.a(lib_a-init.o)
                0x0000000008007f14                __libc_init_array
 .text.memcpy   0x0000000008007f5c       0x16 /usr/lib/gcc/arm-none-eabi/6.3.0/../../../../arm-none-eabi/lib/armv7e-m/fpu/libc_nano.a(lib_a-memcpy-stub.o)
                0x0000000008007f5c                memcpy
 .text.memset   0x0000000008007f72       0x10 /usr/lib/gcc/arm-none-eabi/6.3.0/../../../../arm-none-eabi/lib/armv7e-m/fpu/libc_nano.a(lib_a-memset.o)
                0x0000000008007f72                memset
 .text.__cvt    0x0000000008007f82       0xc2 /usr/lib/gcc/arm-none-eabi/6.3.0/../../../../arm-none-eabi/lib/armv7e-m/fpu/libc_nano.a(lib_a-nano-vfprintf_float.o)
                0x0000000008007f82                __cvt
 .text.__exponent
                0x0000000008008044       0x6a /usr/lib/gcc/arm-none-eabi/6.3.0/../../../../arm-none-eabi/lib/armv7e-m/fpu/libc_nano.a(lib_a-nano-vfprintf_float.o)
                0x0000000008008044                __exponent
 *fill*         0x00000000080080ae        0x2 
 .text._printf_float
                0x00000000080080b0      0x480 /usr/lib/gcc/arm-none-eabi/6.3.0/../../../../arm-none-eabi/lib/armv7e-m/fpu/libc_nano.a(lib_a-nano-vfprintf_float.o)
                0x00000000080080b0                _printf_float
 .text._printf_common
                0x0000000008008530       0xec /usr/lib/gcc/arm-none-eabi/6.3.0/../../../../arm-none-eabi/lib/armv7e-m/fpu/libc_nano.a(lib_a-nano-vfprintf_i.o)
                0x0000000008008530                _printf_common
 .text._printf_i
                0x000000000800861c      0x240 /usr/lib/gcc/arm-none-eabi/6.3.0/../../../../arm-none-eabi/lib/armv7e-m/fpu/libc_nano.a(lib_a-nano-vfprintf_i.o)
                0x000000000800861c                _printf_i
 .text.printf   0x000000000800885c       0x30 /usr/lib/gcc/arm-none-eabi/6.3.0/../../../../arm-none-eabi/lib/armv7e-m/fpu/libc_nano.a(lib_a-printf.o)
                0x000000000800885c                printf
                0x000000000800885c                iprintf
 .text.sprintf  0x000000000800888c       0x48 /usr/lib/gcc/arm-none-eabi/6.3.0/../../../../arm-none-eabi/lib/armv7e-m/fpu/libc_nano.a(lib_a-sprintf.o)
                0x000000000800888c                sprintf
                0x000000000800888c                siprintf
 .text.quorem   0x00000000080088d4      0x118 /usr/lib/gcc/arm-none-eabi/6.3.0/../../../../arm-none-eabi/lib/armv7e-m/fpu/libc_nano.a(lib_a-dtoa.o)
 *fill*         0x00000000080089ec        0x4 
 .text._dtoa_r  0x00000000080089f0      0xb9c /usr/lib/gcc/arm-none-eabi/6.3.0/../../../../arm-none-eabi/lib/armv7e-m/fpu/libc_nano.a(lib_a-dtoa.o)
                0x00000000080089f0                _dtoa_r
 .text._cleanup_r
                0x000000000800958c        0xc /usr/lib/gcc/arm-none-eabi/6.3.0/../../../../arm-none-eabi/lib/armv7e-m/fpu/libc_nano.a(lib_a-findfp.o)
                0x000000000800958c                _cleanup_r
 .text.std.isra.0
                0x0000000008009598       0x48 /usr/lib/gcc/arm-none-eabi/6.3.0/../../../../arm-none-eabi/lib/armv7e-m/fpu/libc_nano.a(lib_a-findfp.o)
 .text.__sfmoreglue
                0x00000000080095e0       0x2c /usr/lib/gcc/arm-none-eabi/6.3.0/../../../../arm-none-eabi/lib/armv7e-m/fpu/libc_nano.a(lib_a-findfp.o)
                0x00000000080095e0                __sfmoreglue
 .text.__sinit  0x000000000800960c       0x60 /usr/lib/gcc/arm-none-eabi/6.3.0/../../../../arm-none-eabi/lib/armv7e-m/fpu/libc_nano.a(lib_a-findfp.o)
                0x000000000800960c                __sinit
 .text.__sfp    0x000000000800966c       0x78 /usr/lib/gcc/arm-none-eabi/6.3.0/../../../../arm-none-eabi/lib/armv7e-m/fpu/libc_nano.a(lib_a-findfp.o)
                0x000000000800966c                __sfp
 .text._fwalk_reent
                0x00000000080096e4       0x3c /usr/lib/gcc/arm-none-eabi/6.3.0/../../../../arm-none-eabi/lib/armv7e-m/fpu/libc_nano.a(lib_a-fwalk.o)
                0x00000000080096e4                _fwalk_reent
 .text._localeconv_r
                0x0000000008009720       0x1c /usr/lib/gcc/arm-none-eabi/6.3.0/../../../../arm-none-eabi/lib/armv7e-m/fpu/libc_nano.a(lib_a-localeconv.o)
                0x0000000008009720                _localeconv_r
 .text.malloc   0x000000000800973c       0x10 /usr/lib/gcc/arm-none-eabi/6.3.0/../../../../arm-none-eabi/lib/armv7e-m/fpu/libc_nano.a(lib_a-malloc.o)
                0x000000000800973c                malloc
 .text._Balloc  0x000000000800974c       0x68 /usr/lib/gcc/arm-none-eabi/6.3.0/../../../../arm-none-eabi/lib/armv7e-m/fpu/libc_nano.a(lib_a-mprec.o)
                0x000000000800974c                _Balloc
 .text._Bfree   0x00000000080097b4       0x2e /usr/lib/gcc/arm-none-eabi/6.3.0/../../../../arm-none-eabi/lib/armv7e-m/fpu/libc_nano.a(lib_a-mprec.o)
                0x00000000080097b4                _Bfree
 .text.__multadd
                0x00000000080097e2       0x76 /usr/lib/gcc/arm-none-eabi/6.3.0/../../../../arm-none-eabi/lib/armv7e-m/fpu/libc_nano.a(lib_a-mprec.o)
                0x00000000080097e2                __multadd
 .text.__hi0bits
                0x0000000008009858       0x3e /usr/lib/gcc/arm-none-eabi/6.3.0/../../../../arm-none-eabi/lib/armv7e-m/fpu/libc_nano.a(lib_a-mprec.o)
                0x0000000008009858                __hi0bits
 .text.__lo0bits
                0x0000000008009896       0x5e /usr/lib/gcc/arm-none-eabi/6.3.0/../../../../arm-none-eabi/lib/armv7e-m/fpu/libc_nano.a(lib_a-mprec.o)
                0x0000000008009896                __lo0bits
 .text.__i2b    0x00000000080098f4       0x12 /usr/lib/gcc/arm-none-eabi/6.3.0/../../../../arm-none-eabi/lib/armv7e-m/fpu/libc_nano.a(lib_a-mprec.o)
                0x00000000080098f4                __i2b
 .text.__multiply
                0x0000000008009906      0x11a /usr/lib/gcc/arm-none-eabi/6.3.0/../../../../arm-none-eabi/lib/armv7e-m/fpu/libc_nano.a(lib_a-mprec.o)
                0x0000000008009906                __multiply
 .text.__pow5mult
                0x0000000008009a20       0x9c /usr/lib/gcc/arm-none-eabi/6.3.0/../../../../arm-none-eabi/lib/armv7e-m/fpu/libc_nano.a(lib_a-mprec.o)
                0x0000000008009a20                __pow5mult
 .text.__lshift
                0x0000000008009abc       0xa2 /usr/lib/gcc/arm-none-eabi/6.3.0/../../../../arm-none-eabi/lib/armv7e-m/fpu/libc_nano.a(lib_a-mprec.o)
                0x0000000008009abc                __lshift
 .text.__mcmp   0x0000000008009b5e       0x34 /usr/lib/gcc/arm-none-eabi/6.3.0/../../../../arm-none-eabi/lib/armv7e-m/fpu/libc_nano.a(lib_a-mprec.o)
                0x0000000008009b5e                __mcmp
 .text.__mdiff  0x0000000008009b92       0xbc /usr/lib/gcc/arm-none-eabi/6.3.0/../../../../arm-none-eabi/lib/armv7e-m/fpu/libc_nano.a(lib_a-mprec.o)
                0x0000000008009b92                __mdiff
 .text.__d2b    0x0000000008009c4e       0x9e /usr/lib/gcc/arm-none-eabi/6.3.0/../../../../arm-none-eabi/lib/armv7e-m/fpu/libc_nano.a(lib_a-mprec.o)
                0x0000000008009c4e                __d2b
 .text._calloc_r
                0x0000000008009cec       0x1c /usr/lib/gcc/arm-none-eabi/6.3.0/../../../../arm-none-eabi/lib/armv7e-m/fpu/libc_nano.a(lib_a-nano-callocr.o)
                0x0000000008009cec                _calloc_r
 .text._free_r  0x0000000008009d08       0x9c /usr/lib/gcc/arm-none-eabi/6.3.0/../../../../arm-none-eabi/lib/armv7e-m/fpu/libc_nano.a(lib_a-nano-freer.o)
                0x0000000008009d08                _free_r
 .text._malloc_r
                0x0000000008009da4       0xbc /usr/lib/gcc/arm-none-eabi/6.3.0/../../../../arm-none-eabi/lib/armv7e-m/fpu/libc_nano.a(lib_a-nano-mallocr.o)
                0x0000000008009da4                _malloc_r
 .text.__ssputs_r
                0x0000000008009e60       0xb6 /usr/lib/gcc/arm-none-eabi/6.3.0/../../../../arm-none-eabi/lib/armv7e-m/fpu/libc_nano.a(lib_a-nano-svfprintf.o)
                0x0000000008009e60                __ssputs_r
 *fill*         0x0000000008009f16        0x2 
 .text._svfprintf_r
                0x0000000008009f18      0x1e8 /usr/lib/gcc/arm-none-eabi/6.3.0/../../../../arm-none-eabi/lib/armv7e-m/fpu/libc_nano.a(lib_a-nano-svfprintf.o)
                0x0000000008009f18                _svfprintf_r
                0x0000000008009f18                _svfiprintf_r
 .text.__sfputc_r
                0x000000000800a100       0x30 /usr/lib/gcc/arm-none-eabi/6.3.0/../../../../arm-none-eabi/lib/armv7e-m/fpu/libc_nano.a(lib_a-nano-vfprintf.o)
 .text.__sfputs_r
                0x000000000800a130       0x24 /usr/lib/gcc/arm-none-eabi/6.3.0/../../../../arm-none-eabi/lib/armv7e-m/fpu/libc_nano.a(lib_a-nano-vfprintf.o)
                0x000000000800a130                __sfputs_r
 .text._vfprintf_r
                0x000000000800a154      0x22c /usr/lib/gcc/arm-none-eabi/6.3.0/../../../../arm-none-eabi/lib/armv7e-m/fpu/libc_nano.a(lib_a-nano-vfprintf.o)
                0x000000000800a154                _vfiprintf_r
                0x000000000800a154                _vfprintf_r
 .text._sbrk_r  0x000000000800a380       0x20 /usr/lib/gcc/arm-none-eabi/6.3.0/../../../../arm-none-eabi/lib/armv7e-m/fpu/libc_nano.a(lib_a-sbrkr.o)
                0x000000000800a380                _sbrk_r
 .text.__sread  0x000000000800a3a0       0x22 /usr/lib/gcc/arm-none-eabi/6.3.0/../../../../arm-none-eabi/lib/armv7e-m/fpu/libc_nano.a(lib_a-stdio.o)
                0x000000000800a3a0                __sread
 .text.__swrite
                0x000000000800a3c2       0x38 /usr/lib/gcc/arm-none-eabi/6.3.0/../../../../arm-none-eabi/lib/armv7e-m/fpu/libc_nano.a(lib_a-stdio.o)
                0x000000000800a3c2                __swrite
 .text.__sseek  0x000000000800a3fa       0x24 /usr/lib/gcc/arm-none-eabi/6.3.0/../../../../arm-none-eabi/lib/armv7e-m/fpu/libc_nano.a(lib_a-stdio.o)
                0x000000000800a3fa                __sseek
 .text.__sclose
                0x000000000800a41e        0x8 /usr/lib/gcc/arm-none-eabi/6.3.0/../../../../arm-none-eabi/lib/armv7e-m/fpu/libc_nano.a(lib_a-stdio.o)
                0x000000000800a41e                __sclose
 *fill*         0x000000000800a426        0x2 
 .text.__swbuf_r
                0x000000000800a428       0xa4 /usr/lib/gcc/arm-none-eabi/6.3.0/../../../../arm-none-eabi/lib/armv7e-m/fpu/libc_nano.a(lib_a-wbuf.o)
                0x000000000800a428                __swbuf_r
 .text._write_r
                0x000000000800a4cc       0x24 /usr/lib/gcc/arm-none-eabi/6.3.0/../../../../arm-none-eabi/lib/armv7e-m/fpu/libc_nano.a(lib_a-writer.o)
                0x000000000800a4cc                _write_r
 .text.__swsetup_r
                0x000000000800a4f0       0xdc /usr/lib/gcc/arm-none-eabi/6.3.0/../../../../arm-none-eabi/lib/armv7e-m/fpu/libc_nano.a(lib_a-wsetup.o)
                0x000000000800a4f0                __swsetup_r
 .text._close_r
                0x000000000800a5cc       0x20 /usr/lib/gcc/arm-none-eabi/6.3.0/../../../../arm-none-eabi/lib/armv7e-m/fpu/libc_nano.a(lib_a-closer.o)
                0x000000000800a5cc                _close_r
 .text.__sflush_r
                0x000000000800a5ec      0x110 /usr/lib/gcc/arm-none-eabi/6.3.0/../../../../arm-none-eabi/lib/armv7e-m/fpu/libc_nano.a(lib_a-fflush.o)
                0x000000000800a5ec                __sflush_r
 .text._fflush_r
                0x000000000800a6fc       0x54 /usr/lib/gcc/arm-none-eabi/6.3.0/../../../../arm-none-eabi/lib/armv7e-m/fpu/libc_nano.a(lib_a-fflush.o)
                0x000000000800a6fc                _fflush_r
 .text._lseek_r
                0x000000000800a750       0x24 /usr/lib/gcc/arm-none-eabi/6.3.0/../../../../arm-none-eabi/lib/armv7e-m/fpu/libc_nano.a(lib_a-lseekr.o)
                0x000000000800a750                _lseek_r
 .text.__swhatbuf_r
                0x000000000800a774       0x48 /usr/lib/gcc/arm-none-eabi/6.3.0/../../../../arm-none-eabi/lib/armv7e-m/fpu/libc_nano.a(lib_a-makebuf.o)
                0x000000000800a774                __swhatbuf_r
 .text.__smakebuf_r
                0x000000000800a7bc       0x80 /usr/lib/gcc/arm-none-eabi/6.3.0/../../../../arm-none-eabi/lib/armv7e-m/fpu/libc_nano.a(lib_a-makebuf.o)
                0x000000000800a7bc                __smakebuf_r
 .text.__ascii_mbtowc
                0x000000000800a83c       0x24 /usr/lib/gcc/arm-none-eabi/6.3.0/../../../../arm-none-eabi/lib/armv7e-m/fpu/libc_nano.a(lib_a-mbtowc_r.o)
                0x000000000800a83c                __ascii_mbtowc
 .text.memmove  0x000000000800a860       0x34 /usr/lib/gcc/arm-none-eabi/6.3.0/../../../../arm-none-eabi/lib/armv7e-m/fpu/libc_nano.a(lib_a-memmove.o)
                0x000000000800a860                memmove
 .text.__malloc_lock
                0x000000000800a894        0x2 /usr/lib/gcc/arm-none-eabi/6.3.0/../../../../arm-none-eabi/lib/armv7e-m/fpu/libc_nano.a(lib_a-mlock.o)
                0x000000000800a894                __malloc_lock
 .text.__malloc_unlock
                0x000000000800a896        0x2 /usr/lib/gcc/arm-none-eabi/6.3.0/../../../../arm-none-eabi/lib/armv7e-m/fpu/libc_nano.a(lib_a-mlock.o)
                0x000000000800a896                __malloc_unlock
 .text._realloc_r
                0x000000000800a898       0x4c /usr/lib/gcc/arm-none-eabi/6.3.0/../../../../arm-none-eabi/lib/armv7e-m/fpu/libc_nano.a(lib_a-nano-reallocr.o)
                0x000000000800a898                _realloc_r
 .text._read_r  0x000000000800a8e4       0x24 /usr/lib/gcc/arm-none-eabi/6.3.0/../../../../arm-none-eabi/lib/armv7e-m/fpu/libc_nano.a(lib_a-readr.o)
                0x000000000800a8e4                _read_r
 .text.__ascii_wctomb
                0x000000000800a908       0x1a /usr/lib/gcc/arm-none-eabi/6.3.0/../../../../arm-none-eabi/lib/armv7e-m/fpu/libc_nano.a(lib_a-wctomb_r.o)
                0x000000000800a908                __ascii_wctomb
 *fill*         0x000000000800a922        0x2 
 .text._fstat_r
                0x000000000800a924       0x24 /usr/lib/gcc/arm-none-eabi/6.3.0/../../../../arm-none-eabi/lib/armv7e-m/fpu/libc_nano.a(lib_a-fstatr.o)
                0x000000000800a924                _fstat_r
 .text._isatty_r
                0x000000000800a948       0x20 /usr/lib/gcc/arm-none-eabi/6.3.0/../../../../arm-none-eabi/lib/armv7e-m/fpu/libc_nano.a(lib_a-isattyr.o)
                0x000000000800a948                _isatty_r
 .text._malloc_usable_size_r
                0x000000000800a968       0x12 /usr/lib/gcc/arm-none-eabi/6.3.0/../../../../arm-none-eabi/lib/armv7e-m/fpu/libc_nano.a(lib_a-nano-msizer.o)
                0x000000000800a968                _malloc_usable_size_r
 *fill*         0x000000000800a97a        0x6 
 .text.cos      0x000000000800a980       0xc0 /usr/lib/gcc/arm-none-eabi/6.3.0/../../../../arm-none-eabi/lib/armv7e-m/fpu/libm.a(lib_a-s_cos.o)
                0x000000000800a980                cos
 .text.sin      0x000000000800aa40       0xc0 /usr/lib/gcc/arm-none-eabi/6.3.0/../../../../arm-none-eabi/lib/armv7e-m/fpu/libm.a(lib_a-s_sin.o)
                0x000000000800aa40                sin
 .text.__ieee754_rem_pio2
                0x000000000800ab00      0x44c /usr/lib/gcc/arm-none-eabi/6.3.0/../../../../arm-none-eabi/lib/armv7e-m/fpu/libm.a(lib_a-e_rem_pio2.o)
                0x000000000800ab00                __ieee754_rem_pio2
 *fill*         0x000000000800af4c        0x4 
 .text.__kernel_cos
                0x000000000800af50      0x284 /usr/lib/gcc/arm-none-eabi/6.3.0/../../../../arm-none-eabi/lib/armv7e-m/fpu/libm.a(lib_a-k_cos.o)
                0x000000000800af50                __kernel_cos
 *fill*         0x000000000800b1d4        0x4 
 .text.__kernel_rem_pio2
                0x000000000800b1d8      0x870 /usr/lib/gcc/arm-none-eabi/6.3.0/../../../../arm-none-eabi/lib/armv7e-m/fpu/libm.a(lib_a-k_rem_pio2.o)
                0x000000000800b1d8                __kernel_rem_pio2
 .text.__kernel_sin
                0x000000000800ba48      0x194 /usr/lib/gcc/arm-none-eabi/6.3.0/../../../../arm-none-eabi/lib/armv7e-m/fpu/libm.a(lib_a-k_sin.o)
                0x000000000800ba48                __kernel_sin
 .text.fabs     0x000000000800bbdc       0x10 /usr/lib/gcc/arm-none-eabi/6.3.0/../../../../arm-none-eabi/lib/armv7e-m/fpu/libm.a(lib_a-s_fabs.o)
                0x000000000800bbdc                fabs
 *fill*         0x000000000800bbec        0x4 
 .text.floor    0x000000000800bbf0      0x120 /usr/lib/gcc/arm-none-eabi/6.3.0/../../../../arm-none-eabi/lib/armv7e-m/fpu/libm.a(lib_a-s_floor.o)
                0x000000000800bbf0                floor
 .text.scalbn   0x000000000800bd10      0x10c /usr/lib/gcc/arm-none-eabi/6.3.0/../../../../arm-none-eabi/lib/armv7e-m/fpu/libm.a(lib_a-s_scalbn.o)
                0x000000000800bd10                scalbn
 .text.copysign
                0x000000000800be1c       0x1c /usr/lib/gcc/arm-none-eabi/6.3.0/../../../../arm-none-eabi/lib/armv7e-m/fpu/libm.a(lib_a-s_copysign.o)
                0x000000000800be1c                copysign
 .text._close   0x000000000800be38       0x10 /usr/lib/gcc/arm-none-eabi/6.3.0/../../../../arm-none-eabi/lib/armv7e-m/fpu/libnosys.a(close.o)
                0x000000000800be38                _close
 .text._fstat   0x000000000800be48       0x10 /usr/lib/gcc/arm-none-eabi/6.3.0/../../../../arm-none-eabi/lib/armv7e-m/fpu/libnosys.a(fstat.o)
                0x000000000800be48                _fstat
 .text._isatty  0x000000000800be58       0x10 /usr/lib/gcc/arm-none-eabi/6.3.0/../../../../arm-none-eabi/lib/armv7e-m/fpu/libnosys.a(isatty.o)
                0x000000000800be58                _isatty
 .text._lseek   0x000000000800be68       0x10 /usr/lib/gcc/arm-none-eabi/6.3.0/../../../../arm-none-eabi/lib/armv7e-m/fpu/libnosys.a(lseek.o)
                0x000000000800be68                _lseek
 .text._read    0x000000000800be78       0x10 /usr/lib/gcc/arm-none-eabi/6.3.0/../../../../arm-none-eabi/lib/armv7e-m/fpu/libnosys.a(read.o)
                0x000000000800be78                _read
 .text._sbrk    0x000000000800be88       0x1c /usr/lib/gcc/arm-none-eabi/6.3.0/../../../../arm-none-eabi/lib/armv7e-m/fpu/libnosys.a(sbrk.o)
                0x000000000800be88                _sbrk
 *(.glue_7)
 .glue_7        0x000000000800bea4        0x0 linker stubs
 *(.glue_7t)
 .glue_7t       0x000000000800bea4        0x0 linker stubs
 *(.eh_frame)
 .eh_frame      0x000000000800bea4        0x0 /usr/lib/gcc/arm-none-eabi/6.3.0/armv7e-m/fpu/crtbegin.o
 *(.init)
 .init          0x000000000800bea4        0x4 /usr/lib/gcc/arm-none-eabi/6.3.0/armv7e-m/fpu/crti.o
                0x000000000800bea4                _init
 .init          0x000000000800bea8        0x8 /usr/lib/gcc/arm-none-eabi/6.3.0/armv7e-m/fpu/crtn.o
 *(.fini)
 .fini          0x000000000800beb0        0x4 /usr/lib/gcc/arm-none-eabi/6.3.0/armv7e-m/fpu/crti.o
                0x000000000800beb0                _fini
 .fini          0x000000000800beb4        0x8 /usr/lib/gcc/arm-none-eabi/6.3.0/armv7e-m/fpu/crtn.o
                0x000000000800bebc                . = ALIGN (0x4)
                0x000000000800bebc                _etext = .

.vfp11_veneer   0x000000000800bebc        0x0
 .vfp11_veneer  0x000000000800bebc        0x0 linker stubs

.v4_bx          0x000000000800bebc        0x0
 .v4_bx         0x000000000800bebc        0x0 linker stubs

.iplt           0x000000000800bebc        0x0
 .iplt          0x000000000800bebc        0x0 /usr/lib/gcc/arm-none-eabi/6.3.0/armv7e-m/fpu/crtbegin.o

.rodata         0x000000000800bec0     0x41b8
                0x000000000800bec0                . = ALIGN (0x4)
 *(.rodata)
 *(.rodata*)
 .rodata.s_onchange.str1.4
                0x000000000800bec0        0xf build/list_test.o
 *fill*         0x000000000800becf        0x1 
 .rodata.str1.4
                0x000000000800bed0      0x242 build/list_test.o
 *fill*         0x000000000800c112        0x2 
 .rodata.controls_595_init.str1.4
                0x000000000800c114        0x7 build/controls_595.o
 *fill*         0x000000000800c11b        0x1 
 .rodata.flagBitshiftOffset.8851
                0x000000000800c11c        0x8 build/stm32f4xx_hal_dma.o
 .rodata.APBAHBPrescTable
                0x000000000800c124       0x10 build/stm32f4xx_hal_rcc.o
                0x000000000800c124                APBAHBPrescTable
 .rodata.ArialNarrow_15_SymbolTable
                0x000000000800c134     0x1040 build/Arial15.o
                0x000000000800c134                ArialNarrow_15_SymbolTable
 .rodata.F_Arial15
                0x000000000800d174       0x18 build/Arial15.o
                0x000000000800d174                F_Arial15
 .rodata.ArialBold_24_OffsetTable
                0x000000000800d18c      0x1c0 build/Arial24.o
                0x000000000800d18c                ArialBold_24_OffsetTable
 .rodata.ArialBold_24_SymbolTable
                0x000000000800d34c     0x2700 build/Arial24.o
                0x000000000800d34c                ArialBold_24_SymbolTable
 .rodata.ArialBold_24_WidthTable
                0x000000000800fa4c       0xe0 build/Arial24.o
                0x000000000800fa4c                ArialBold_24_WidthTable
 .rodata.F_Arial24
                0x000000000800fb2c       0x18 build/Arial24.o
                0x000000000800fb2c                F_Arial24
 .rodata._m_button_input.str1.4
                0x000000000800fb44       0x11 build/makise_e_buttons.o
 *fill*         0x000000000800fb55        0x3 
 .rodata.m_create_button.str1.4
                0x000000000800fb58       0x13 build/makise_e_buttons.o
 *fill*         0x000000000800fb6b        0x1 
 .rodata.m_create_lable.str1.4
                0x000000000800fb6c       0x12 build/makise_e_lable.o
 .rodata._m_slider_input.str1.4
                0x000000000800fb7e       0x11 build/makise_e_slider.o
 *fill*         0x000000000800fb7e        0x2 
 .rodata.m_create_slider.str1.4
                0x000000000800fb80       0x13 build/makise_e_slider.o
 *fill*         0x000000000800fb93        0x1 
 .rodata.m_create_tabs.str1.4
                0x000000000800fb94       0x11 build/makise_e_tabs.o
 *fill*         0x000000000800fba5        0x3 
 .rodata.m_create_text_field.str1.4
                0x000000000800fba8       0x17 build/makise_e_text_field.o
 *fill*         0x000000000800fbbf        0x1 
 .rodata.SD_Driver
                0x000000000800fbc0       0x14 build/sd_diskio.o
                0x000000000800fbc0                SD_Driver
 .rodata.main.str1.4
                0x000000000800fbd4        0x8 build/main.o
 .rodata.mt_start.str1.4
                0x000000000800fbdc        0x8 build/makise_test.o
                                          0x4 (size before relaxing)
 .rodata._global_impure_ptr
                0x000000000800fbdc        0x4 /usr/lib/gcc/arm-none-eabi/6.3.0/../../../../arm-none-eabi/lib/armv7e-m/fpu/libc_nano.a(lib_a-impure.o)
                0x000000000800fbdc                _global_impure_ptr
 .rodata._printf_float.str1.1
                0x000000000800fbe0       0x12 /usr/lib/gcc/arm-none-eabi/6.3.0/../../../../arm-none-eabi/lib/armv7e-m/fpu/libc_nano.a(lib_a-nano-vfprintf_float.o)
 .rodata._printf_i.str1.1
                0x000000000800fbf2       0x22 /usr/lib/gcc/arm-none-eabi/6.3.0/../../../../arm-none-eabi/lib/armv7e-m/fpu/libc_nano.a(lib_a-nano-vfprintf_i.o)
 .rodata._dtoa_r.str1.1
                0x000000000800fc14        0xd /usr/lib/gcc/arm-none-eabi/6.3.0/../../../../arm-none-eabi/lib/armv7e-m/fpu/libc_nano.a(lib_a-dtoa.o)
                                          0xf (size before relaxing)
 *fill*         0x000000000800fc21        0x3 
 .rodata.__sf_fake_stderr
                0x000000000800fc24       0x20 /usr/lib/gcc/arm-none-eabi/6.3.0/../../../../arm-none-eabi/lib/armv7e-m/fpu/libc_nano.a(lib_a-findfp.o)
                0x000000000800fc24                __sf_fake_stderr
 .rodata.__sf_fake_stdin
                0x000000000800fc44       0x20 /usr/lib/gcc/arm-none-eabi/6.3.0/../../../../arm-none-eabi/lib/armv7e-m/fpu/libc_nano.a(lib_a-findfp.o)
                0x000000000800fc44                __sf_fake_stdin
 .rodata.__sf_fake_stdout
                0x000000000800fc64       0x20 /usr/lib/gcc/arm-none-eabi/6.3.0/../../../../arm-none-eabi/lib/armv7e-m/fpu/libc_nano.a(lib_a-findfp.o)
                0x000000000800fc64                __sf_fake_stdout
 *fill*         0x000000000800fc84        0x4 
 .rodata.__mprec_bigtens
                0x000000000800fc88       0x28 /usr/lib/gcc/arm-none-eabi/6.3.0/../../../../arm-none-eabi/lib/armv7e-m/fpu/libc_nano.a(lib_a-mprec.o)
                0x000000000800fc88                __mprec_bigtens
 .rodata.__mprec_tens
                0x000000000800fcb0       0xc8 /usr/lib/gcc/arm-none-eabi/6.3.0/../../../../arm-none-eabi/lib/armv7e-m/fpu/libc_nano.a(lib_a-mprec.o)
                0x000000000800fcb0                __mprec_tens
 .rodata.p05.7151
                0x000000000800fd78        0xc /usr/lib/gcc/arm-none-eabi/6.3.0/../../../../arm-none-eabi/lib/armv7e-m/fpu/libc_nano.a(lib_a-mprec.o)
 .rodata._svfprintf_r.str1.1
                0x000000000800fd84       0x11 /usr/lib/gcc/arm-none-eabi/6.3.0/../../../../arm-none-eabi/lib/armv7e-m/fpu/libc_nano.a(lib_a-nano-svfprintf.o)
 .rodata._vfprintf_r.str1.1
                0x000000000800fd95       0x11 /usr/lib/gcc/arm-none-eabi/6.3.0/../../../../arm-none-eabi/lib/armv7e-m/fpu/libc_nano.a(lib_a-nano-vfprintf.o)
 .rodata._setlocale_r.str1.1
                0x000000000800fd95        0x8 /usr/lib/gcc/arm-none-eabi/6.3.0/../../../../arm-none-eabi/lib/armv7e-m/fpu/libc_nano.a(lib_a-locale.o)
                                          0x9 (size before relaxing)
 .rodata.str1.1
                0x000000000800fd9d        0x2 /usr/lib/gcc/arm-none-eabi/6.3.0/../../../../arm-none-eabi/lib/armv7e-m/fpu/libc_nano.a(lib_a-locale.o)
 .rodata._ctype_
                0x000000000800fd9f      0x101 /usr/lib/gcc/arm-none-eabi/6.3.0/../../../../arm-none-eabi/lib/armv7e-m/fpu/libc_nano.a(lib_a-ctype_.o)
                0x000000000800fd9f                _ctype_
 .rodata.npio2_hw
                0x000000000800fea0       0x80 /usr/lib/gcc/arm-none-eabi/6.3.0/../../../../arm-none-eabi/lib/armv7e-m/fpu/libm.a(lib_a-e_rem_pio2.o)
 .rodata.two_over_pi
                0x000000000800ff20      0x108 /usr/lib/gcc/arm-none-eabi/6.3.0/../../../../arm-none-eabi/lib/armv7e-m/fpu/libm.a(lib_a-e_rem_pio2.o)
 .rodata.PIo2   0x0000000008010028       0x40 /usr/lib/gcc/arm-none-eabi/6.3.0/../../../../arm-none-eabi/lib/armv7e-m/fpu/libm.a(lib_a-k_rem_pio2.o)
 .rodata.init_jk
                0x0000000008010068       0x10 /usr/lib/gcc/arm-none-eabi/6.3.0/../../../../arm-none-eabi/lib/armv7e-m/fpu/libm.a(lib_a-k_rem_pio2.o)
                0x0000000008010078                . = ALIGN (0x4)

.rel.dyn        0x0000000008010078        0x0
 .rel.iplt      0x0000000008010078        0x0 /usr/lib/gcc/arm-none-eabi/6.3.0/armv7e-m/fpu/crtbegin.o

.ARM.extab
 *(.ARM.extab* .gnu.linkonce.armextab.*)

.ARM            0x0000000008010078        0x0
                0x0000000008010078                __exidx_start = .
 *(.ARM.exidx*)
                0x0000000008010078                __exidx_end = .

.preinit_array  0x0000000008010078        0x0
                0x0000000008010078                PROVIDE (__preinit_array_start, .)
 *(.preinit_array*)
                0x0000000008010078                PROVIDE (__preinit_array_end, .)

.init_array     0x0000000008010078        0x4
                0x0000000008010078                PROVIDE (__init_array_start, .)
 *(SORT(.init_array.*))
 *(.init_array*)
 .init_array    0x0000000008010078        0x4 /usr/lib/gcc/arm-none-eabi/6.3.0/armv7e-m/fpu/crtbegin.o
                0x000000000801007c                PROVIDE (__init_array_end, .)

.fini_array     0x000000000801007c        0x4
                0x000000000801007c                PROVIDE (__fini_array_start, .)
 *(SORT(.fini_array.*))
 *(.fini_array*)
 .fini_array    0x000000000801007c        0x4 /usr/lib/gcc/arm-none-eabi/6.3.0/armv7e-m/fpu/crtbegin.o
                0x0000000008010080                PROVIDE (__fini_array_end, .)
                0x0000000008010080                _sidata = LOADADDR (.data)

.data           0x0000000020000000      0x7bc load address 0x0000000008010080
                0x0000000020000000                . = ALIGN (0x4)
                0x0000000020000000                _sdata = .
 *(.data)
 *(.data*)
 .data.button_style
                0x0000000020000000       0x4c build/list_test.o
                0x0000000020000000                button_style
 .data.canvas_style
                0x000000002000004c       0x4c build/list_test.o
                0x000000002000004c                canvas_style
 .data.lable_style
                0x0000000020000098       0x4c build/list_test.o
                0x0000000020000098                lable_style
 .data.sample_string
                0x00000000200000e4        0x4 build/list_test.o
                0x00000000200000e4                sample_string
 .data.slider_style
                0x00000000200000e8       0x4c build/list_test.o
                0x00000000200000e8                slider_style
 .data.t_add    0x0000000020000134        0x4 build/list_test.o
                0x0000000020000134                t_add
 .data.t_list   0x0000000020000138       0x28 build/list_test.o
                0x0000000020000138                t_list
 .data.t_remove
                0x0000000020000160        0x4 build/list_test.o
                0x0000000020000160                t_remove
 .data.tabs_source
                0x0000000020000164       0x60 build/list_test.o
                0x0000000020000164                tabs_source
 .data.text_style
                0x00000000200001c4       0x4c build/list_test.o
                0x00000000200001c4                text_style
 .data._makise_color_palette_default
                0x0000000020000210       0x40 build/makise_colors.o
                0x0000000020000210                _makise_color_palette_default
 .data.makise_color_palette
                0x0000000020000250        0x4 build/makise_colors.o
                0x0000000020000250                makise_color_palette
 .data.ArialNarrow_15_OffsetTable
                0x0000000020000254      0x1c0 build/Arial15.o
                0x0000000020000254                ArialNarrow_15_OffsetTable
 .data.ArialNarrow_15_WidthTable
                0x0000000020000414       0xe0 build/Arial15.o
                0x0000000020000414                ArialNarrow_15_WidthTable
 .data.Stat     0x00000000200004f4        0x1 build/sd_diskio.o
 *fill*         0x00000000200004f5        0x3 
 .data.buttons  0x00000000200004f8       0xc0 build/makise_test.o
                0x00000000200004f8                buttons
 .data.outs     0x00000000200005b8       0x30 build/makise_test.o
                0x00000000200005b8                outs
 .data.SystemCoreClock
                0x00000000200005e8        0x4 build/system_stm32f4xx.o
                0x00000000200005e8                SystemCoreClock
 .data._impure_ptr
                0x00000000200005ec        0x4 /usr/lib/gcc/arm-none-eabi/6.3.0/../../../../arm-none-eabi/lib/armv7e-m/fpu/libc_nano.a(lib_a-impure.o)
                0x00000000200005ec                _impure_ptr
 .data.impure_data
                0x00000000200005f0       0x60 /usr/lib/gcc/arm-none-eabi/6.3.0/../../../../arm-none-eabi/lib/armv7e-m/fpu/libc_nano.a(lib_a-impure.o)
 .data.__global_locale
                0x0000000020000650      0x16c /usr/lib/gcc/arm-none-eabi/6.3.0/../../../../arm-none-eabi/lib/armv7e-m/fpu/libc_nano.a(lib_a-locale.o)
                0x0000000020000650                __global_locale
                0x00000000200007bc                . = ALIGN (0x4)
                0x00000000200007bc                _edata = .

.jcr            0x00000000200007bc        0x0 load address 0x000000000801083c
 .jcr           0x00000000200007bc        0x0 /usr/lib/gcc/arm-none-eabi/6.3.0/armv7e-m/fpu/crtbegin.o

.igot.plt       0x00000000200007bc        0x0 load address 0x000000000801083c
 .igot.plt      0x00000000200007bc        0x0 /usr/lib/gcc/arm-none-eabi/6.3.0/armv7e-m/fpu/crtbegin.o
                0x00000000200007bc                . = ALIGN (0x4)

.bss            0x00000000200007c0    0x12f70 load address 0x000000000801083c
                0x00000000200007c0                _sbss = .
                0x00000000200007c0                __bss_start__ = _sbss
 *(.bss)
 *(.bss*)
 .bss.completed.9708
                0x00000000200007c0        0x1 /usr/lib/gcc/arm-none-eabi/6.3.0/armv7e-m/fpu/crtbegin.o
 *fill*         0x00000000200007c1        0x3 
 .bss.object.9713
                0x00000000200007c4       0x18 /usr/lib/gcc/arm-none-eabi/6.3.0/armv7e-m/fpu/crtbegin.o
 .bss.l_dest    0x00000000200007dc     0x5000 build/list_test.o
                0x00000000200007dc                l_dest
 .bss.l_source  0x00000000200057dc       0xc8 build/list_test.o
                0x00000000200057dc                l_source
 .bss.s_i       0x00000000200058a4        0x4 build/list_test.o
                0x00000000200058a4                s_i
 .bss.slider_text
                0x00000000200058a8       0x64 build/list_test.o
                0x00000000200058a8                slider_text
 .bss.slider_val
                0x000000002000590c        0xc build/list_test.o
                0x000000002000590c                slider_val
 .bss._makise_new_id
                0x0000000020005918        0x4 build/makise_gui.o
                0x0000000020005918                _makise_new_id
 .bss.disk      0x000000002000591c        0xc build/ff_gen_drv.o
                0x000000002000591c                disk
 .bss.ang       0x0000000020005928        0x4 build/main.o
                0x0000000020005928                ang
 .bss.bb        0x000000002000592c     0x9600 build/makise_test.o
                0x000000002000592c                bb
 .bss.sb        0x000000002000ef2c     0x3d40 build/makise_test.o
                0x000000002000ef2c                sb
 .bss.__malloc_free_list
                0x0000000020012c6c        0x4 /usr/lib/gcc/arm-none-eabi/6.3.0/../../../../arm-none-eabi/lib/armv7e-m/fpu/libc_nano.a(lib_a-nano-mallocr.o)
                0x0000000020012c6c                __malloc_free_list
 .bss.__malloc_sbrk_start
                0x0000000020012c70        0x4 /usr/lib/gcc/arm-none-eabi/6.3.0/../../../../arm-none-eabi/lib/armv7e-m/fpu/libc_nano.a(lib_a-nano-mallocr.o)
                0x0000000020012c70                __malloc_sbrk_start
 .bss.heap_end.5215
                0x0000000020012c74        0x4 /usr/lib/gcc/arm-none-eabi/6.3.0/../../../../arm-none-eabi/lib/armv7e-m/fpu/libnosys.a(sbrk.o)
 *(COMMON)
 COMMON         0x0000000020012c78      0x6e8 build/list_test.o
                0x0000000020012c78                slider
                0x0000000020012dc8                list
                0x0000000020012ec8                butt
                0x0000000020013078                tabs
                0x0000000020013100                labls
                0x00000000200131b8                canv
                0x00000000200132a8                tf
 COMMON         0x0000000020013360       0x14 build/controls_595.o
                0x0000000020013360                _controls_595_outs_len
                0x0000000020013364                _controls_595_buttons
                0x0000000020013368                _controls_595_buttons_len
                0x000000002001336c                _controls_595_outs
                0x0000000020013370                _controls_595_buttons_handler
 COMMON         0x0000000020013374        0x4 build/stm32f4xx_hal.o
                0x0000000020013374                uwTick
 COMMON         0x0000000020013378        0xc build/makise.o
                0x0000000020013378                kpsett
                0x000000002001337c                kpset32
                0x0000000020013380                kpset
 COMMON         0x0000000020013384       0x60 build/dma.o
                0x0000000020013384                hdma_memtomem_dma2_stream0
 COMMON         0x00000000200133e4        0x8 build/fatfs.o
                0x00000000200133e4                retSD
                0x00000000200133e8                SD_Path
 COMMON         0x00000000200133ec       0x54 build/i2c.o
                0x00000000200133ec                hi2c1
 COMMON         0x0000000020013440        0x4 build/main.o
                0x0000000020013440                mgui
 COMMON         0x0000000020013444       0xf8 build/makise_test.o
                0x0000000020013444                host
                0x0000000020013448                hs
                0x00000000200134c4                mGui
                0x00000000200134c8                Bu
                0x00000000200134dc                co
                0x00000000200134f8                Dr
                0x0000000020013528                Gu
 *fill*         0x000000002001353c        0x4 
 COMMON         0x0000000020013540       0xb8 build/sdio.o
                0x0000000020013540                SDCardInfo
                0x0000000020013598                hsd
 COMMON         0x00000000200135f8       0xb8 build/spi.o
                0x00000000200135f8                hspi1
                0x0000000020013650                hdma_spi1_tx
 COMMON         0x00000000200136b0       0x3c build/tim.o
                0x00000000200136b0                htim3
 COMMON         0x00000000200136ec       0x40 build/usart.o
                0x00000000200136ec                huart6
 COMMON         0x000000002001372c        0x4 /usr/lib/gcc/arm-none-eabi/6.3.0/../../../../arm-none-eabi/lib/armv7e-m/fpu/libc_nano.a(lib_a-reent.o)
                0x000000002001372c                errno
                0x0000000020013730                . = ALIGN (0x4)
                0x0000000020013730                _ebss = .
                0x0000000020013730                __bss_end__ = _ebss

._user_heap_stack
                0x0000000020013730     0x4000 load address 0x000000000801083c
                0x0000000020013730                . = ALIGN (0x8)
                0x0000000020013730                PROVIDE (end, .)
                [!provide]                        PROVIDE (_end, .)
                0x0000000020015730                . = (. + _Min_Heap_Size)
 *fill*         0x0000000020013730     0x2000 
                0x0000000020017730                . = (. + _Min_Stack_Size)
 *fill*         0x0000000020015730     0x2000 
                0x0000000020017730                . = ALIGN (0x8)

/DISCARD/
 libc.a(*)
 libm.a(*)
 libgcc.a(*)

.ARM.attributes
                0x0000000000000000       0x30
 *(.ARM.attributes)
 .ARM.attributes
                0x0000000000000000       0x22 /usr/lib/gcc/arm-none-eabi/6.3.0/armv7e-m/fpu/crti.o
 .ARM.attributes
                0x0000000000000022       0x34 /usr/lib/gcc/arm-none-eabi/6.3.0/armv7e-m/fpu/crtbegin.o
 .ARM.attributes
                0x0000000000000056       0x35 build/list_test.o
 .ARM.attributes
                0x000000000000008b       0x35 build/controls_595.o
 .ARM.attributes
                0x00000000000000c0       0x35 build/stm32f4xx_hal.o
 .ARM.attributes
                0x00000000000000f5       0x35 build/stm32f4xx_hal_cortex.o
 .ARM.attributes
                0x000000000000012a       0x35 build/stm32f4xx_hal_dma.o
 .ARM.attributes
                0x000000000000015f       0x35 build/stm32f4xx_hal_gpio.o
 .ARM.attributes
                0x0000000000000194       0x35 build/stm32f4xx_hal_i2c.o
 .ARM.attributes
                0x00000000000001c9       0x35 build/stm32f4xx_hal_rcc.o
 .ARM.attributes
                0x00000000000001fe       0x35 build/stm32f4xx_hal_sd.o
 .ARM.attributes
                0x0000000000000233       0x35 build/stm32f4xx_hal_spi.o
 .ARM.attributes
                0x0000000000000268       0x35 build/stm32f4xx_hal_tim.o
 .ARM.attributes
                0x000000000000029d       0x35 build/stm32f4xx_hal_tim_ex.o
 .ARM.attributes
                0x00000000000002d2       0x35 build/stm32f4xx_hal_uart.o
 .ARM.attributes
                0x0000000000000307       0x35 build/stm32f4xx_ll_sdmmc.o
 .ARM.attributes
                0x000000000000033c       0x35 build/makise.o
 .ARM.attributes
                0x0000000000000371       0x35 build/makise_colors.o
 .ARM.attributes
                0x00000000000003a6       0x35 build/makise_primitives.o
 .ARM.attributes
                0x00000000000003db       0x35 build/makise_text.o
 .ARM.attributes
                0x0000000000000410       0x35 build/Arial15.o
 .ARM.attributes
                0x0000000000000445       0x35 build/Arial24.o
 .ARM.attributes
                0x000000000000047a       0x35 build/makise_gui.o
 .ARM.attributes
                0x00000000000004af       0x35 build/makise_gui_container.o
 .ARM.attributes
                0x00000000000004e4       0x35 build/makise_gui_elements.o
 .ARM.attributes
                0x0000000000000519       0x35 build/makise_e.o
 .ARM.attributes
                0x000000000000054e       0x35 build/makise_e_buttons.o
 .ARM.attributes
                0x0000000000000583       0x35 build/makise_e_lable.o
 .ARM.attributes
                0x00000000000005b8       0x35 build/makise_e_slider.o
 .ARM.attributes
                0x00000000000005ed       0x35 build/makise_e_slist.o
 .ARM.attributes
                0x0000000000000622       0x35 build/makise_e_tabs.o
 .ARM.attributes
                0x0000000000000657       0x35 build/makise_e_text_field.o
 .ARM.attributes
                0x000000000000068c       0x35 build/ili9340.o
 .ARM.attributes
                0x00000000000006c1       0x35 build/ff_gen_drv.o
 .ARM.attributes
                0x00000000000006f6       0x35 build/sd_diskio.o
 .ARM.attributes
                0x000000000000072b       0x35 build/bsp_driver_sd.o
 .ARM.attributes
                0x0000000000000760       0x35 build/dma.o
 .ARM.attributes
                0x0000000000000795       0x35 build/fatfs.o
 .ARM.attributes
                0x00000000000007ca       0x35 build/gpio.o
 .ARM.attributes
                0x00000000000007ff       0x35 build/i2c.o
 .ARM.attributes
                0x0000000000000834       0x35 build/main.o
 .ARM.attributes
                0x0000000000000869       0x35 build/makise_test.o
 .ARM.attributes
                0x000000000000089e       0x35 build/printf.o
 .ARM.attributes
                0x00000000000008d3       0x35 build/sdio.o
 .ARM.attributes
                0x0000000000000908       0x35 build/spi.o
 .ARM.attributes
                0x000000000000093d       0x35 build/stm32f4xx_hal_msp.o
 .ARM.attributes
                0x0000000000000972       0x35 build/stm32f4xx_it.o
 .ARM.attributes
                0x00000000000009a7       0x35 build/system_stm32f4xx.o
 .ARM.attributes
                0x00000000000009dc       0x35 build/tim.o
 .ARM.attributes
                0x0000000000000a11       0x35 build/usart.o
 .ARM.attributes
                0x0000000000000a46       0x21 build/startup_stm32f401xe.o
 .ARM.attributes
                0x0000000000000a67       0x34 /usr/lib/gcc/arm-none-eabi/6.3.0/../../../../arm-none-eabi/lib/armv7e-m/fpu/libc_nano.a(lib_a-impure.o)
 .ARM.attributes
                0x0000000000000a9b       0x34 /usr/lib/gcc/arm-none-eabi/6.3.0/../../../../arm-none-eabi/lib/armv7e-m/fpu/libc_nano.a(lib_a-init.o)
 .ARM.attributes
                0x0000000000000acf       0x34 /usr/lib/gcc/arm-none-eabi/6.3.0/../../../../arm-none-eabi/lib/armv7e-m/fpu/libc_nano.a(lib_a-memcpy-stub.o)
 .ARM.attributes
                0x0000000000000b03       0x34 /usr/lib/gcc/arm-none-eabi/6.3.0/../../../../arm-none-eabi/lib/armv7e-m/fpu/libc_nano.a(lib_a-memset.o)
 .ARM.attributes
                0x0000000000000b37       0x34 /usr/lib/gcc/arm-none-eabi/6.3.0/../../../../arm-none-eabi/lib/armv7e-m/fpu/libc_nano.a(lib_a-nano-vfprintf_float.o)
 .ARM.attributes
                0x0000000000000b6b       0x34 /usr/lib/gcc/arm-none-eabi/6.3.0/../../../../arm-none-eabi/lib/armv7e-m/fpu/libc_nano.a(lib_a-nano-vfprintf_i.o)
 .ARM.attributes
                0x0000000000000b9f       0x34 /usr/lib/gcc/arm-none-eabi/6.3.0/../../../../arm-none-eabi/lib/armv7e-m/fpu/libc_nano.a(lib_a-printf.o)
 .ARM.attributes
                0x0000000000000bd3       0x34 /usr/lib/gcc/arm-none-eabi/6.3.0/../../../../arm-none-eabi/lib/armv7e-m/fpu/libc_nano.a(lib_a-sprintf.o)
 .ARM.attributes
                0x0000000000000c07       0x1b /usr/lib/gcc/arm-none-eabi/6.3.0/../../../../arm-none-eabi/lib/armv7e-m/fpu/libc_nano.a(lib_a-strlen.o)
 .ARM.attributes
                0x0000000000000c22       0x34 /usr/lib/gcc/arm-none-eabi/6.3.0/../../../../arm-none-eabi/lib/armv7e-m/fpu/libc_nano.a(lib_a-dtoa.o)
 .ARM.attributes
                0x0000000000000c56       0x34 /usr/lib/gcc/arm-none-eabi/6.3.0/../../../../arm-none-eabi/lib/armv7e-m/fpu/libc_nano.a(lib_a-findfp.o)
 .ARM.attributes
                0x0000000000000c8a       0x34 /usr/lib/gcc/arm-none-eabi/6.3.0/../../../../arm-none-eabi/lib/armv7e-m/fpu/libc_nano.a(lib_a-fwalk.o)
 .ARM.attributes
                0x0000000000000cbe       0x34 /usr/lib/gcc/arm-none-eabi/6.3.0/../../../../arm-none-eabi/lib/armv7e-m/fpu/libc_nano.a(lib_a-localeconv.o)
 .ARM.attributes
                0x0000000000000cf2       0x34 /usr/lib/gcc/arm-none-eabi/6.3.0/../../../../arm-none-eabi/lib/armv7e-m/fpu/libc_nano.a(lib_a-malloc.o)
 .ARM.attributes
                0x0000000000000d26       0x20 /usr/lib/gcc/arm-none-eabi/6.3.0/../../../../arm-none-eabi/lib/armv7e-m/fpu/libc_nano.a(lib_a-memchr.o)
 .ARM.attributes
                0x0000000000000d46       0x34 /usr/lib/gcc/arm-none-eabi/6.3.0/../../../../arm-none-eabi/lib/armv7e-m/fpu/libc_nano.a(lib_a-mprec.o)
 .ARM.attributes
                0x0000000000000d7a       0x34 /usr/lib/gcc/arm-none-eabi/6.3.0/../../../../arm-none-eabi/lib/armv7e-m/fpu/libc_nano.a(lib_a-nano-callocr.o)
 .ARM.attributes
                0x0000000000000dae       0x34 /usr/lib/gcc/arm-none-eabi/6.3.0/../../../../arm-none-eabi/lib/armv7e-m/fpu/libc_nano.a(lib_a-nano-freer.o)
 .ARM.attributes
                0x0000000000000de2       0x34 /usr/lib/gcc/arm-none-eabi/6.3.0/../../../../arm-none-eabi/lib/armv7e-m/fpu/libc_nano.a(lib_a-nano-mallocr.o)
 .ARM.attributes
                0x0000000000000e16       0x34 /usr/lib/gcc/arm-none-eabi/6.3.0/../../../../arm-none-eabi/lib/armv7e-m/fpu/libc_nano.a(lib_a-nano-svfprintf.o)
 .ARM.attributes
                0x0000000000000e4a       0x34 /usr/lib/gcc/arm-none-eabi/6.3.0/../../../../arm-none-eabi/lib/armv7e-m/fpu/libc_nano.a(lib_a-nano-vfprintf.o)
 .ARM.attributes
                0x0000000000000e7e       0x34 /usr/lib/gcc/arm-none-eabi/6.3.0/../../../../arm-none-eabi/lib/armv7e-m/fpu/libc_nano.a(lib_a-sbrkr.o)
 .ARM.attributes
                0x0000000000000eb2       0x34 /usr/lib/gcc/arm-none-eabi/6.3.0/../../../../arm-none-eabi/lib/armv7e-m/fpu/libc_nano.a(lib_a-stdio.o)
 .ARM.attributes
                0x0000000000000ee6       0x34 /usr/lib/gcc/arm-none-eabi/6.3.0/../../../../arm-none-eabi/lib/armv7e-m/fpu/libc_nano.a(lib_a-wbuf.o)
 .ARM.attributes
                0x0000000000000f1a       0x34 /usr/lib/gcc/arm-none-eabi/6.3.0/../../../../arm-none-eabi/lib/armv7e-m/fpu/libc_nano.a(lib_a-writer.o)
 .ARM.attributes
                0x0000000000000f4e       0x34 /usr/lib/gcc/arm-none-eabi/6.3.0/../../../../arm-none-eabi/lib/armv7e-m/fpu/libc_nano.a(lib_a-wsetup.o)
 .ARM.attributes
                0x0000000000000f82       0x34 /usr/lib/gcc/arm-none-eabi/6.3.0/../../../../arm-none-eabi/lib/armv7e-m/fpu/libc_nano.a(lib_a-closer.o)
 .ARM.attributes
                0x0000000000000fb6       0x34 /usr/lib/gcc/arm-none-eabi/6.3.0/../../../../arm-none-eabi/lib/armv7e-m/fpu/libc_nano.a(lib_a-fflush.o)
 .ARM.attributes
                0x0000000000000fea       0x34 /usr/lib/gcc/arm-none-eabi/6.3.0/../../../../arm-none-eabi/lib/armv7e-m/fpu/libc_nano.a(lib_a-locale.o)
 .ARM.attributes
                0x000000000000101e       0x34 /usr/lib/gcc/arm-none-eabi/6.3.0/../../../../arm-none-eabi/lib/armv7e-m/fpu/libc_nano.a(lib_a-lseekr.o)
 .ARM.attributes
                0x0000000000001052       0x34 /usr/lib/gcc/arm-none-eabi/6.3.0/../../../../arm-none-eabi/lib/armv7e-m/fpu/libc_nano.a(lib_a-makebuf.o)
 .ARM.attributes
                0x0000000000001086       0x34 /usr/lib/gcc/arm-none-eabi/6.3.0/../../../../arm-none-eabi/lib/armv7e-m/fpu/libc_nano.a(lib_a-mbtowc_r.o)
 .ARM.attributes
                0x00000000000010ba       0x34 /usr/lib/gcc/arm-none-eabi/6.3.0/../../../../arm-none-eabi/lib/armv7e-m/fpu/libc_nano.a(lib_a-memmove.o)
 .ARM.attributes
                0x00000000000010ee       0x34 /usr/lib/gcc/arm-none-eabi/6.3.0/../../../../arm-none-eabi/lib/armv7e-m/fpu/libc_nano.a(lib_a-mlock.o)
 .ARM.attributes
                0x0000000000001122       0x34 /usr/lib/gcc/arm-none-eabi/6.3.0/../../../../arm-none-eabi/lib/armv7e-m/fpu/libc_nano.a(lib_a-nano-reallocr.o)
 .ARM.attributes
                0x0000000000001156       0x34 /usr/lib/gcc/arm-none-eabi/6.3.0/../../../../arm-none-eabi/lib/armv7e-m/fpu/libc_nano.a(lib_a-readr.o)
 .ARM.attributes
                0x000000000000118a       0x34 /usr/lib/gcc/arm-none-eabi/6.3.0/../../../../arm-none-eabi/lib/armv7e-m/fpu/libc_nano.a(lib_a-reent.o)
 .ARM.attributes
                0x00000000000011be       0x34 /usr/lib/gcc/arm-none-eabi/6.3.0/../../../../arm-none-eabi/lib/armv7e-m/fpu/libc_nano.a(lib_a-wctomb_r.o)
 .ARM.attributes
                0x00000000000011f2       0x34 /usr/lib/gcc/arm-none-eabi/6.3.0/../../../../arm-none-eabi/lib/armv7e-m/fpu/libc_nano.a(lib_a-ctype_.o)
 .ARM.attributes
                0x0000000000001226       0x34 /usr/lib/gcc/arm-none-eabi/6.3.0/../../../../arm-none-eabi/lib/armv7e-m/fpu/libc_nano.a(lib_a-fstatr.o)
 .ARM.attributes
                0x000000000000125a       0x34 /usr/lib/gcc/arm-none-eabi/6.3.0/../../../../arm-none-eabi/lib/armv7e-m/fpu/libc_nano.a(lib_a-isattyr.o)
 .ARM.attributes
                0x000000000000128e       0x34 /usr/lib/gcc/arm-none-eabi/6.3.0/../../../../arm-none-eabi/lib/armv7e-m/fpu/libc_nano.a(lib_a-nano-msizer.o)
 .ARM.attributes
                0x00000000000012c2       0x34 /usr/lib/gcc/arm-none-eabi/6.3.0/../../../../arm-none-eabi/lib/armv7e-m/fpu/libm.a(lib_a-s_cos.o)
 .ARM.attributes
                0x00000000000012f6       0x34 /usr/lib/gcc/arm-none-eabi/6.3.0/../../../../arm-none-eabi/lib/armv7e-m/fpu/libm.a(lib_a-s_sin.o)
 .ARM.attributes
                0x000000000000132a       0x34 /usr/lib/gcc/arm-none-eabi/6.3.0/../../../../arm-none-eabi/lib/armv7e-m/fpu/libm.a(lib_a-e_rem_pio2.o)
 .ARM.attributes
                0x000000000000135e       0x34 /usr/lib/gcc/arm-none-eabi/6.3.0/../../../../arm-none-eabi/lib/armv7e-m/fpu/libm.a(lib_a-k_cos.o)
 .ARM.attributes
                0x0000000000001392       0x34 /usr/lib/gcc/arm-none-eabi/6.3.0/../../../../arm-none-eabi/lib/armv7e-m/fpu/libm.a(lib_a-k_rem_pio2.o)
 .ARM.attributes
                0x00000000000013c6       0x34 /usr/lib/gcc/arm-none-eabi/6.3.0/../../../../arm-none-eabi/lib/armv7e-m/fpu/libm.a(lib_a-k_sin.o)
 .ARM.attributes
                0x00000000000013fa       0x34 /usr/lib/gcc/arm-none-eabi/6.3.0/../../../../arm-none-eabi/lib/armv7e-m/fpu/libm.a(lib_a-s_fabs.o)
 .ARM.attributes
                0x000000000000142e       0x34 /usr/lib/gcc/arm-none-eabi/6.3.0/../../../../arm-none-eabi/lib/armv7e-m/fpu/libm.a(lib_a-s_floor.o)
 .ARM.attributes
                0x0000000000001462       0x34 /usr/lib/gcc/arm-none-eabi/6.3.0/../../../../arm-none-eabi/lib/armv7e-m/fpu/libm.a(lib_a-s_scalbn.o)
 .ARM.attributes
                0x0000000000001496       0x34 /usr/lib/gcc/arm-none-eabi/6.3.0/../../../../arm-none-eabi/lib/armv7e-m/fpu/libm.a(lib_a-s_copysign.o)
 .ARM.attributes
                0x00000000000014ca       0x34 /usr/lib/gcc/arm-none-eabi/6.3.0/../../../../arm-none-eabi/lib/armv7e-m/fpu/libnosys.a(close.o)
 .ARM.attributes
                0x00000000000014fe       0x34 /usr/lib/gcc/arm-none-eabi/6.3.0/../../../../arm-none-eabi/lib/armv7e-m/fpu/libnosys.a(fstat.o)
 .ARM.attributes
                0x0000000000001532       0x34 /usr/lib/gcc/arm-none-eabi/6.3.0/../../../../arm-none-eabi/lib/armv7e-m/fpu/libnosys.a(isatty.o)
 .ARM.attributes
                0x0000000000001566       0x34 /usr/lib/gcc/arm-none-eabi/6.3.0/../../../../arm-none-eabi/lib/armv7e-m/fpu/libnosys.a(lseek.o)
 .ARM.attributes
                0x000000000000159a       0x34 /usr/lib/gcc/arm-none-eabi/6.3.0/../../../../arm-none-eabi/lib/armv7e-m/fpu/libnosys.a(read.o)
 .ARM.attributes
                0x00000000000015ce       0x34 /usr/lib/gcc/arm-none-eabi/6.3.0/../../../../arm-none-eabi/lib/armv7e-m/fpu/libnosys.a(sbrk.o)
 .ARM.attributes
                0x0000000000001602       0x22 /usr/lib/gcc/arm-none-eabi/6.3.0/armv7e-m/fpu/libgcc.a(_arm_addsubdf3.o)
 .ARM.attributes
                0x0000000000001624       0x22 /usr/lib/gcc/arm-none-eabi/6.3.0/armv7e-m/fpu/libgcc.a(_arm_muldivdf3.o)
 .ARM.attributes
                0x0000000000001646       0x22 /usr/lib/gcc/arm-none-eabi/6.3.0/armv7e-m/fpu/libgcc.a(_arm_cmpdf2.o)
 .ARM.attributes
                0x0000000000001668       0x22 /usr/lib/gcc/arm-none-eabi/6.3.0/armv7e-m/fpu/libgcc.a(_arm_unorddf2.o)
 .ARM.attributes
                0x000000000000168a       0x22 /usr/lib/gcc/arm-none-eabi/6.3.0/armv7e-m/fpu/libgcc.a(_arm_fixdfsi.o)
 .ARM.attributes
                0x00000000000016ac       0x22 /usr/lib/gcc/arm-none-eabi/6.3.0/armv7e-m/fpu/crtn.o
OUTPUT(build/MakiseTest401re.elf elf32-littlearm)

.debug_info     0x0000000000000000    0x542f4
 .debug_info    0x0000000000000000     0x26d2 build/list_test.o
 .debug_info    0x00000000000026d2     0x132c build/controls_595.o
 .debug_info    0x00000000000039fe     0x1284 build/stm32f4xx_hal.o
 .debug_info    0x0000000000004c82     0x17eb build/stm32f4xx_hal_cortex.o
 .debug_info    0x000000000000646d     0x1444 build/stm32f4xx_hal_dma.o
 .debug_info    0x00000000000078b1     0x1134 build/stm32f4xx_hal_gpio.o
 .debug_info    0x00000000000089e5     0x4295 build/stm32f4xx_hal_i2c.o
 .debug_info    0x000000000000cc7a     0x16dd build/stm32f4xx_hal_rcc.o
 .debug_info    0x000000000000e357     0x3fc4 build/stm32f4xx_hal_sd.o
 .debug_info    0x000000000001231b     0x2941 build/stm32f4xx_hal_spi.o
 .debug_info    0x0000000000014c5c     0x45e5 build/stm32f4xx_hal_tim.o
 .debug_info    0x0000000000019241     0x1dcf build/stm32f4xx_hal_tim_ex.o
 .debug_info    0x000000000001b010     0x21b3 build/stm32f4xx_hal_uart.o
 .debug_info    0x000000000001d1c3      0xfd2 build/stm32f4xx_ll_sdmmc.o
 .debug_info    0x000000000001e195     0x175c build/makise.o
 .debug_info    0x000000000001f8f1     0x1371 build/makise_colors.o
 .debug_info    0x0000000000020c62     0x268f build/makise_primitives.o
 .debug_info    0x00000000000232f1     0x1b97 build/makise_text.o
 .debug_info    0x0000000000024e88     0x1398 build/Arial15.o
 .debug_info    0x0000000000026220     0x13a2 build/Arial24.o
 .debug_info    0x00000000000275c2     0x1ad0 build/makise_gui.o
 .debug_info    0x0000000000029092     0x1c0e build/makise_gui_container.o
 .debug_info    0x000000000002aca0     0x1948 build/makise_gui_elements.o
 .debug_info    0x000000000002c5e8     0x1692 build/makise_e.o
 .debug_info    0x000000000002dc7a     0x1d16 build/makise_e_buttons.o
 .debug_info    0x000000000002f990     0x1b89 build/makise_e_lable.o
 .debug_info    0x0000000000031519     0x1e0f build/makise_e_slider.o
 .debug_info    0x0000000000033328     0x2442 build/makise_e_slist.o
 .debug_info    0x000000000003576a     0x1f31 build/makise_e_tabs.o
 .debug_info    0x000000000003769b     0x1b6c build/makise_e_text_field.o
 .debug_info    0x0000000000039207     0x5820 build/ili9340.o
 .debug_info    0x000000000003ea27      0xea3 build/ff_gen_drv.o
 .debug_info    0x000000000003f8ca     0x1194 build/sd_diskio.o
 .debug_info    0x0000000000040a5e     0x196f build/bsp_driver_sd.o
 .debug_info    0x00000000000423cd     0x113c build/dma.o
 .debug_info    0x0000000000043509      0xc0a build/fatfs.o
 .debug_info    0x0000000000044113      0xee1 build/gpio.o
 .debug_info    0x0000000000044ff4     0x141d build/i2c.o
 .debug_info    0x0000000000046411     0x3239 build/main.o
 .debug_info    0x000000000004964a     0x1f24 build/makise_test.o
 .debug_info    0x000000000004b56e      0xf67 build/printf.o
 .debug_info    0x000000000004c4d5     0x1712 build/sdio.o
 .debug_info    0x000000000004dbe7     0x144f build/spi.o
 .debug_info    0x000000000004f036      0xcbe build/stm32f4xx_hal_msp.o
 .debug_info    0x000000000004fcf4      0xdb1 build/stm32f4xx_it.o
 .debug_info    0x0000000000050aa5      0xea7 build/system_stm32f4xx.o
 .debug_info    0x000000000005194c     0x15a7 build/tim.o
 .debug_info    0x0000000000052ef3     0x136b build/usart.o
 .debug_info    0x000000000005425e       0x96 build/startup_stm32f401xe.o

.debug_abbrev   0x0000000000000000     0x8aee
 .debug_abbrev  0x0000000000000000      0x2d3 build/list_test.o
 .debug_abbrev  0x00000000000002d3      0x320 build/controls_595.o
 .debug_abbrev  0x00000000000005f3      0x33d build/stm32f4xx_hal.o
 .debug_abbrev  0x0000000000000930      0x3cb build/stm32f4xx_hal_cortex.o
 .debug_abbrev  0x0000000000000cfb      0x38f build/stm32f4xx_hal_dma.o
 .debug_abbrev  0x000000000000108a      0x2ba build/stm32f4xx_hal_gpio.o
 .debug_abbrev  0x0000000000001344      0x41f build/stm32f4xx_hal_i2c.o
 .debug_abbrev  0x0000000000001763      0x3fd build/stm32f4xx_hal_rcc.o
 .debug_abbrev  0x0000000000001b60      0x425 build/stm32f4xx_hal_sd.o
 .debug_abbrev  0x0000000000001f85      0x3f8 build/stm32f4xx_hal_spi.o
 .debug_abbrev  0x000000000000237d      0x41f build/stm32f4xx_hal_tim.o
 .debug_abbrev  0x000000000000279c      0x392 build/stm32f4xx_hal_tim_ex.o
 .debug_abbrev  0x0000000000002b2e      0x3ce build/stm32f4xx_hal_uart.o
 .debug_abbrev  0x0000000000002efc      0x2ac build/stm32f4xx_ll_sdmmc.o
 .debug_abbrev  0x00000000000031a8      0x2b1 build/makise.o
 .debug_abbrev  0x0000000000003459      0x1ea build/makise_colors.o
 .debug_abbrev  0x0000000000003643      0x3e3 build/makise_primitives.o
 .debug_abbrev  0x0000000000003a26      0x2ec build/makise_text.o
 .debug_abbrev  0x0000000000003d12      0x1e2 build/Arial15.o
 .debug_abbrev  0x0000000000003ef4      0x1e2 build/Arial24.o
 .debug_abbrev  0x00000000000040d6      0x2ed build/makise_gui.o