Archive member included to satisfy reference by file (symbol)

/usr/lib/gcc/arm-none-eabi/6.3.0/../../../../arm-none-eabi/lib/armv7e-m/fpu/libc_nano.a(lib_a-atexit.o)
                              /usr/lib/gcc/arm-none-eabi/6.3.0/../../../../arm-none-eabi/lib/armv7e-m/fpu/crt0.o (atexit)
/usr/lib/gcc/arm-none-eabi/6.3.0/../../../../arm-none-eabi/lib/armv7e-m/fpu/libc_nano.a(lib_a-exit.o)
                              /usr/lib/gcc/arm-none-eabi/6.3.0/../../../../arm-none-eabi/lib/armv7e-m/fpu/crt0.o (exit)
/usr/lib/gcc/arm-none-eabi/6.3.0/../../../../arm-none-eabi/lib/armv7e-m/fpu/libc_nano.a(lib_a-fini.o)
                              /usr/lib/gcc/arm-none-eabi/6.3.0/../../../../arm-none-eabi/lib/armv7e-m/fpu/crt0.o (__libc_fini_array)
/usr/lib/gcc/arm-none-eabi/6.3.0/../../../../arm-none-eabi/lib/armv7e-m/fpu/libc_nano.a(lib_a-impure.o)
                              /usr/lib/gcc/arm-none-eabi/6.3.0/../../../../arm-none-eabi/lib/armv7e-m/fpu/libc_nano.a(lib_a-exit.o) (_global_impure_ptr)
/usr/lib/gcc/arm-none-eabi/6.3.0/../../../../arm-none-eabi/lib/armv7e-m/fpu/libc_nano.a(lib_a-init.o)
                              /usr/lib/gcc/arm-none-eabi/6.3.0/../../../../arm-none-eabi/lib/armv7e-m/fpu/crt0.o (__libc_init_array)
/usr/lib/gcc/arm-none-eabi/6.3.0/../../../../arm-none-eabi/lib/armv7e-m/fpu/libc_nano.a(lib_a-memset.o)
                              /usr/lib/gcc/arm-none-eabi/6.3.0/../../../../arm-none-eabi/lib/armv7e-m/fpu/crt0.o (memset)
/usr/lib/gcc/arm-none-eabi/6.3.0/../../../../arm-none-eabi/lib/armv7e-m/fpu/libc_nano.a(lib_a-nano-vfprintf_float.o)
                              (_printf_float)
/usr/lib/gcc/arm-none-eabi/6.3.0/../../../../arm-none-eabi/lib/armv7e-m/fpu/libc_nano.a(lib_a-nano-vfprintf_i.o)
                              /usr/lib/gcc/arm-none-eabi/6.3.0/../../../../arm-none-eabi/lib/armv7e-m/fpu/libc_nano.a(lib_a-nano-vfprintf_float.o) (_printf_common)
/usr/lib/gcc/arm-none-eabi/6.3.0/../../../../arm-none-eabi/lib/armv7e-m/fpu/libc_nano.a(lib_a-printf.o)
                              build/makise_e_buttons.o (printf)
/usr/lib/gcc/arm-none-eabi/6.3.0/../../../../arm-none-eabi/lib/armv7e-m/fpu/libc_nano.a(lib_a-strlen.o)
                              build/makise_text.o (strlen)
/usr/lib/gcc/arm-none-eabi/6.3.0/../../../../arm-none-eabi/lib/armv7e-m/fpu/libc_nano.a(lib_a-__atexit.o)
                              /usr/lib/gcc/arm-none-eabi/6.3.0/../../../../arm-none-eabi/lib/armv7e-m/fpu/libc_nano.a(lib_a-atexit.o) (__register_exitproc)
/usr/lib/gcc/arm-none-eabi/6.3.0/../../../../arm-none-eabi/lib/armv7e-m/fpu/libc_nano.a(lib_a-__call_atexit.o)
                              /usr/lib/gcc/arm-none-eabi/6.3.0/../../../../arm-none-eabi/lib/armv7e-m/fpu/libc_nano.a(lib_a-__atexit.o) (__call_exitprocs)
/usr/lib/gcc/arm-none-eabi/6.3.0/../../../../arm-none-eabi/lib/armv7e-m/fpu/libc_nano.a(lib_a-dtoa.o)
                              /usr/lib/gcc/arm-none-eabi/6.3.0/../../../../arm-none-eabi/lib/armv7e-m/fpu/libc_nano.a(lib_a-nano-vfprintf_float.o) (_dtoa_r)
/usr/lib/gcc/arm-none-eabi/6.3.0/../../../../arm-none-eabi/lib/armv7e-m/fpu/libc_nano.a(lib_a-findfp.o)
                              /usr/lib/gcc/arm-none-eabi/6.3.0/../../../../arm-none-eabi/lib/armv7e-m/fpu/libc_nano.a(lib_a-printf.o) (__sinit)
/usr/lib/gcc/arm-none-eabi/6.3.0/../../../../arm-none-eabi/lib/armv7e-m/fpu/libc_nano.a(lib_a-fwalk.o)
                              /usr/lib/gcc/arm-none-eabi/6.3.0/../../../../arm-none-eabi/lib/armv7e-m/fpu/libc_nano.a(lib_a-findfp.o) (_fwalk)
/usr/lib/gcc/arm-none-eabi/6.3.0/../../../../arm-none-eabi/lib/armv7e-m/fpu/libc_nano.a(lib_a-localeconv.o)
                              /usr/lib/gcc/arm-none-eabi/6.3.0/../../../../arm-none-eabi/lib/armv7e-m/fpu/libc_nano.a(lib_a-nano-vfprintf_float.o) (_localeconv_r)
/usr/lib/gcc/arm-none-eabi/6.3.0/../../../../arm-none-eabi/lib/armv7e-m/fpu/libc_nano.a(lib_a-malloc.o)
                              /usr/lib/gcc/arm-none-eabi/6.3.0/../../../../arm-none-eabi/lib/armv7e-m/fpu/libc_nano.a(lib_a-dtoa.o) (malloc)
/usr/lib/gcc/arm-none-eabi/6.3.0/../../../../arm-none-eabi/lib/armv7e-m/fpu/libc_nano.a(lib_a-memchr.o)
                              /usr/lib/gcc/arm-none-eabi/6.3.0/../../../../arm-none-eabi/lib/armv7e-m/fpu/libc_nano.a(lib_a-nano-vfprintf_i.o) (memchr)
/usr/lib/gcc/arm-none-eabi/6.3.0/../../../../arm-none-eabi/lib/armv7e-m/fpu/libc_nano.a(lib_a-memcpy-stub.o)
                              /usr/lib/gcc/arm-none-eabi/6.3.0/../../../../arm-none-eabi/lib/armv7e-m/fpu/libc_nano.a(lib_a-dtoa.o) (memcpy)
/usr/lib/gcc/arm-none-eabi/6.3.0/../../../../arm-none-eabi/lib/armv7e-m/fpu/libc_nano.a(lib_a-mprec.o)
                              /usr/lib/gcc/arm-none-eabi/6.3.0/../../../../arm-none-eabi/lib/armv7e-m/fpu/libc_nano.a(lib_a-dtoa.o) (_Balloc)
/usr/lib/gcc/arm-none-eabi/6.3.0/../../../../arm-none-eabi/lib/armv7e-m/fpu/libc_nano.a(lib_a-nano-callocr.o)
[...]
Memory Configuration

Name             Origin             Length             Attributes
RAM              0x0000000020000000 0x0000000000018000 xrw
FLASH            0x0000000008000000 0x0000000000080000 xr
*default*        0x0000000000000000 0xffffffffffffffff

Linker script and memory map

LOAD /usr/lib/gcc/arm-none-eabi/6.3.0/armv7e-m/fpu/crti.o
LOAD /usr/lib/gcc/arm-none-eabi/6.3.0/armv7e-m/fpu/crtbegin.o
LOAD /usr/lib/gcc/arm-none-eabi/6.3.0/../../../../arm-none-eabi/lib/armv7e-m/fpu/crt0.o
LOAD build/stm32f4xx_hal.o
LOAD build/stm32f4xx_hal_cortex.o
LOAD build/stm32f4xx_hal_dma.o
LOAD build/stm32f4xx_hal_dma_ex.o
LOAD build/stm32f4xx_hal_flash.o
LOAD build/stm32f4xx_hal_flash_ex.o
LOAD build/stm32f4xx_hal_flash_ramfunc.o
LOAD build/stm32f4xx_hal_gpio.o
LOAD build/stm32f4xx_hal_i2c.o
LOAD build/stm32f4xx_hal_i2c_ex.o
LOAD build/stm32f4xx_hal_pwr.o
LOAD build/stm32f4xx_hal_pwr_ex.o
LOAD build/stm32f4xx_hal_rcc.o
LOAD build/stm32f4xx_hal_rcc_ex.o
LOAD build/stm32f4xx_hal_sd.o
LOAD build/stm32f4xx_hal_spi.o
LOAD build/stm32f4xx_hal_tim.o
LOAD build/stm32f4xx_hal_tim_ex.o
LOAD build/stm32f4xx_hal_uart.o
LOAD build/stm32f4xx_ll_sdmmc.o
LOAD build/makise.o
LOAD build/makise_primitives.o
LOAD build/makise_text.o
LOAD build/Arial24.o
LOAD build/fonts.o
LOAD build/makise_gui.o
LOAD build/makise_gui_container.o
LOAD build/makise_gui_elements.o
LOAD build/makise_e_buttons.o
LOAD build/ili9340.o
LOAD build/diskio.o
LOAD build/ff.o
LOAD build/ff_gen_drv.o
LOAD build/sd_diskio.o
LOAD build/syscall.o
LOAD build/bsp_driver_sd.o
LOAD build/dma.o
LOAD build/fatfs.o
LOAD build/gpio.o
LOAD build/i2c.o
LOAD build/main.o
LOAD build/makise_test.o
LOAD build/printf.o
LOAD build/sdio.o
LOAD build/spi.o
LOAD build/stm32f4xx_hal_msp.o
LOAD build/stm32f4xx_it.o
LOAD build/system_stm32f4xx.o
LOAD build/tim.o
LOAD build/usart.o
LOAD build/startup_stm32f401xe.o
LOAD /usr/lib/gcc/arm-none-eabi/6.3.0/../../../../arm-none-eabi/lib/armv7e-m/fpu/libc_nano.a
LOAD /usr/lib/gcc/arm-none-eabi/6.3.0/../../../../arm-none-eabi/lib/armv7e-m/fpu/libm.a
LOAD /usr/lib/gcc/arm-none-eabi/6.3.0/../../../../arm-none-eabi/lib/armv7e-m/fpu/libnosys.a
START GROUP
LOAD /usr/lib/gcc/arm-none-eabi/6.3.0/armv7e-m/fpu/libgcc.a
LOAD /usr/lib/gcc/arm-none-eabi/6.3.0/../../../../arm-none-eabi/lib/armv7e-m/fpu/libc_nano.a
END GROUP
START GROUP
LOAD /usr/lib/gcc/arm-none-eabi/6.3.0/armv7e-m/fpu/libgcc.a
LOAD /usr/lib/gcc/arm-none-eabi/6.3.0/../../../../arm-none-eabi/lib/armv7e-m/fpu/libc_nano.a
END GROUP
LOAD /usr/lib/gcc/arm-none-eabi/6.3.0/armv7e-m/fpu/crtend.o
LOAD /usr/lib/gcc/arm-none-eabi/6.3.0/armv7e-m/fpu/crtn.o
                0x0000000020018000                _estack = 0x20018000
                0x0000000000004000                _Min_Heap_Size = 0x4000
                0x0000000000004000                _Min_Stack_Size = 0x4000

.isr_vector     0x0000000008000000      0x194
                0x0000000008000000                . = ALIGN (0x4)
 *(.isr_vector)
 .isr_vector    0x0000000008000000      0x194 build/startup_stm32f401xe.o
                0x0000000008000000                g_pfnVectors
                0x0000000008000194                . = ALIGN (0x4)

.text           0x00000000080001a0     0x7cd4
                0x00000000080001a0                . = ALIGN (0x4)
 *(.text)
 .text          0x00000000080001a0       0x10 /usr/lib/gcc/arm-none-eabi/6.3.0/../../../../arm-none-eabi/lib/armv7e-m/fpu/libc_nano.a(lib_a-strlen.o)
                0x00000000080001a0                strlen
 .text          0x00000000080001b0       0xa0 /usr/lib/gcc/arm-none-eabi/6.3.0/../../../../arm-none-eabi/lib/armv7e-m/fpu/libc_nano.a(lib_a-memchr.o)
                0x00000000080001b0                memchr
 .text          0x0000000008000250      0x370 /usr/lib/gcc/arm-none-eabi/6.3.0/armv7e-m/fpu/libgcc.a(_arm_addsubdf3.o)
                0x0000000008000250                __aeabi_drsub
                0x0000000008000258                __aeabi_dsub
                0x0000000008000258                __subdf3
                0x000000000800025c                __adddf3
                0x000000000800025c                __aeabi_dadd
                0x00000000080004d4                __aeabi_ui2d
                0x00000000080004d4                __floatunsidf
                0x00000000080004f4                __floatsidf
                0x00000000080004f4                __aeabi_i2d
                0x0000000008000518                __extendsfdf2
                0x0000000008000518                __aeabi_f2d
                0x0000000008000554                __aeabi_ul2d
                0x0000000008000554                __floatundidf
                0x0000000008000564                __floatdidf
                0x0000000008000564                __aeabi_l2d
 .text          0x00000000080005c0      0x424 /usr/lib/gcc/arm-none-eabi/6.3.0/armv7e-m/fpu/libgcc.a(_arm_muldivdf3.o)
                0x00000000080005c0                __aeabi_dmul
                0x00000000080005c0                __muldf3
                0x0000000008000814                __aeabi_ddiv
                0x0000000008000814                __divdf3
 .text          0x00000000080009e4      0x110 /usr/lib/gcc/arm-none-eabi/6.3.0/armv7e-m/fpu/libgcc.a(_arm_cmpdf2.o)
                0x00000000080009e4                __gtdf2
                0x00000000080009e4                __gedf2
                0x00000000080009ec                __ltdf2
                0x00000000080009ec                __ledf2
                0x00000000080009f4                __cmpdf2
                0x00000000080009f4                __eqdf2
                0x00000000080009f4                __nedf2
                0x0000000008000a70                __aeabi_cdrcmple
                0x0000000008000a80                __aeabi_cdcmple
                0x0000000008000a80                __aeabi_cdcmpeq
                0x0000000008000a90                __aeabi_dcmpeq
                0x0000000008000aa4                __aeabi_dcmplt
                0x0000000008000ab8                __aeabi_dcmple
                0x0000000008000acc                __aeabi_dcmpge
                0x0000000008000ae0                __aeabi_dcmpgt
 .text          0x0000000008000af4       0x2c /usr/lib/gcc/arm-none-eabi/6.3.0/armv7e-m/fpu/libgcc.a(_arm_unorddf2.o)
                0x0000000008000af4                __aeabi_dcmpun
                0x0000000008000af4                __unorddf2
 .text          0x0000000008000b20       0x50 /usr/lib/gcc/arm-none-eabi/6.3.0/armv7e-m/fpu/libgcc.a(_arm_fixdfsi.o)
                0x0000000008000b20                __fixdfsi
                0x0000000008000b20                __aeabi_d2iz
 *(.text*)
 .text.__do_global_dtors_aux
                0x0000000008000b70       0x24 /usr/lib/gcc/arm-none-eabi/6.3.0/armv7e-m/fpu/crtbegin.o
 .text.frame_dummy
                0x0000000008000b94       0x34 /usr/lib/gcc/arm-none-eabi/6.3.0/armv7e-m/fpu/crtbegin.o
 .text.HAL_InitTick
                0x0000000008000bc8       0x2c build/stm32f4xx_hal.o
                0x0000000008000bc8                HAL_InitTick
 .text.HAL_Init
                0x0000000008000bf4       0x34 build/stm32f4xx_hal.o
                0x0000000008000bf4                HAL_Init
 .text.HAL_IncTick
                0x0000000008000c28       0x10 build/stm32f4xx_hal.o
                0x0000000008000c28                HAL_IncTick
 .text.HAL_GetTick
                0x0000000008000c38        0xc build/stm32f4xx_hal.o
                0x0000000008000c38                HAL_GetTick
 .text.HAL_Delay
                0x0000000008000c44       0x1c build/stm32f4xx_hal.o
                0x0000000008000c44                HAL_Delay
 .text.HAL_NVIC_SetPriorityGrouping
                0x0000000008000c60       0x24 build/stm32f4xx_hal_cortex.o
                0x0000000008000c60                HAL_NVIC_SetPriorityGrouping
 .text.HAL_NVIC_SetPriority
                0x0000000008000c84       0x6c build/stm32f4xx_hal_cortex.o
                0x0000000008000c84                HAL_NVIC_SetPriority
 .text.HAL_NVIC_EnableIRQ
                0x0000000008000cf0       0x18 build/stm32f4xx_hal_cortex.o
                0x0000000008000cf0                HAL_NVIC_EnableIRQ
 .text.HAL_SYSTICK_Config
                0x0000000008000d08       0x34 build/stm32f4xx_hal_cortex.o
                0x0000000008000d08                HAL_SYSTICK_Config
 .text.HAL_SYSTICK_CLKSourceConfig
                0x0000000008000d3c       0x18 build/stm32f4xx_hal_cortex.o
                0x0000000008000d3c                HAL_SYSTICK_CLKSourceConfig
 .text.HAL_SYSTICK_Callback
                0x0000000008000d54        0x4 build/stm32f4xx_hal_cortex.o
                0x0000000008000d54                HAL_SYSTICK_Callback
 .text.HAL_SYSTICK_IRQHandler
                0x0000000008000d58        0x8 build/stm32f4xx_hal_cortex.o
                0x0000000008000d58                HAL_SYSTICK_IRQHandler
 .text.HAL_DMA_Init
                0x0000000008000d60      0x130 build/stm32f4xx_hal_dma.o
                0x0000000008000d60                HAL_DMA_Init
 .text.HAL_DMA_Start_IT
                0x0000000008000e90       0x84 build/stm32f4xx_hal_dma.o
                0x0000000008000e90                HAL_DMA_Start_IT
 .text.HAL_DMA_IRQHandler
                0x0000000008000f14      0x1a8 build/stm32f4xx_hal_dma.o
                0x0000000008000f14                HAL_DMA_IRQHandler
 .text.HAL_GPIO_Init
                0x00000000080010bc      0x1dc build/stm32f4xx_hal_gpio.o
                0x00000000080010bc                HAL_GPIO_Init
 .text.HAL_GPIO_WritePin
                0x0000000008001298        0x8 build/stm32f4xx_hal_gpio.o
                0x0000000008001298                HAL_GPIO_WritePin
 .text.HAL_GPIO_TogglePin
                0x00000000080012a0        0x8 build/stm32f4xx_hal_gpio.o
                0x00000000080012a0                HAL_GPIO_TogglePin
 .text.I2C_WaitOnMasterAddressFlagUntilTimeout
                0x00000000080012a8       0x90 build/stm32f4xx_hal_i2c.o
 .text.I2C_WaitOnFlagUntilTimeout
                0x0000000008001338       0x6c build/stm32f4xx_hal_i2c.o
 .text.I2C_WaitOnBTFFlagUntilTimeout
                0x00000000080013a4       0x60 build/stm32f4xx_hal_i2c.o
 .text.I2C_WaitOnRXNEFlagUntilTimeout
                0x0000000008001404       0x58 build/stm32f4xx_hal_i2c.o
 .text.I2C_WaitOnTXEFlagUntilTimeout
                0x000000000800145c       0x60 build/stm32f4xx_hal_i2c.o
 .text.HAL_I2C_Init
                0x00000000080014bc       0xf0 build/stm32f4xx_hal_i2c.o
                0x00000000080014bc                HAL_I2C_Init
 .text.HAL_I2C_Master_Transmit
                0x00000000080015ac      0x1d8 build/stm32f4xx_hal_i2c.o
                0x00000000080015ac                HAL_I2C_Master_Transmit
 .text.HAL_I2C_Master_Receive
                0x0000000008001784      0x304 build/stm32f4xx_hal_i2c.o
                0x0000000008001784                HAL_I2C_Master_Receive
 .text.HAL_RCC_OscConfig
                0x0000000008001a88      0x378 build/stm32f4xx_hal_rcc.o
                0x0000000008001a88                HAL_RCC_OscConfig
 .text.HAL_RCC_GetSysClockFreq
                0x0000000008001e00       0x74 build/stm32f4xx_hal_rcc.o
                0x0000000008001e00                HAL_RCC_GetSysClockFreq
 .text.HAL_RCC_ClockConfig
                0x0000000008001e74      0x170 build/stm32f4xx_hal_rcc.o
                0x0000000008001e74                HAL_RCC_ClockConfig
 .text.HAL_RCC_GetHCLKFreq
                0x0000000008001fe4        0xc build/stm32f4xx_hal_rcc.o
                0x0000000008001fe4                HAL_RCC_GetHCLKFreq
 .text.HAL_RCC_GetPCLK1Freq
                0x0000000008001ff0       0x30 build/stm32f4xx_hal_rcc.o
                0x0000000008001ff0                HAL_RCC_GetPCLK1Freq
 .text.HAL_RCC_GetPCLK2Freq
                0x0000000008002020       0x30 build/stm32f4xx_hal_rcc.o
                0x0000000008002020                HAL_RCC_GetPCLK2Freq
 .text.SD_IsCardProgramming
                0x0000000008002050      0x14c build/stm32f4xx_hal_sd.o
 .text.SD_CmdResp1Error
                0x000000000800219c       0xf0 build/stm32f4xx_hal_sd.o
 .text.SD_FindSCR
                0x000000000800228c      0x108 build/stm32f4xx_hal_sd.o
 .text.HAL_SD_Get_CardInfo
                0x0000000008002394      0x278 build/stm32f4xx_hal_sd.o
                0x0000000008002394                HAL_SD_Get_CardInfo
 .text.HAL_SD_Init
                0x000000000800260c      0x414 build/stm32f4xx_hal_sd.o
                0x000000000800260c                HAL_SD_Init
 .text.HAL_SD_WideBusOperation_Config
                0x0000000008002a20      0x15c build/stm32f4xx_hal_sd.o
                0x0000000008002a20                HAL_SD_WideBusOperation_Config
 .text.HAL_SD_StopTransfer
                0x0000000008002b7c       0x30 build/stm32f4xx_hal_sd.o
                0x0000000008002b7c                HAL_SD_StopTransfer
 .text.HAL_SD_ReadBlocks
                0x0000000008002bac      0x1a4 build/stm32f4xx_hal_sd.o
                0x0000000008002bac                HAL_SD_ReadBlocks
 .text.HAL_SD_WriteBlocks
                0x0000000008002d50      0x1f8 build/stm32f4xx_hal_sd.o
                0x0000000008002d50                HAL_SD_WriteBlocks
 .text.HAL_SD_GetStatus
                0x0000000008002f48       0x48 build/stm32f4xx_hal_sd.o
                0x0000000008002f48                HAL_SD_GetStatus
 .text.SPI_WaitFlagStateUntilTimeout
                0x0000000008002f90       0x9c build/stm32f4xx_hal_spi.o
 .text.HAL_SPI_Init
                0x000000000800302c       0x80 build/stm32f4xx_hal_spi.o
                0x000000000800302c                HAL_SPI_Init
 .text.HAL_SPI_Transmit
                0x00000000080030ac      0x17c build/stm32f4xx_hal_spi.o
                0x00000000080030ac                HAL_SPI_Transmit
 .text.HAL_SPI_Transmit_DMA
                0x0000000008003228       0xac build/stm32f4xx_hal_spi.o
                0x0000000008003228                HAL_SPI_Transmit_DMA
 .text.SPI_DMAHalfTransmitCplt
                0x00000000080032d4        0xc build/stm32f4xx_hal_spi.o
 .text.HAL_SPI_ErrorCallback
                0x00000000080032e0        0x4 build/stm32f4xx_hal_spi.o
                0x00000000080032e0                HAL_SPI_ErrorCallback
 .text.SPI_DMAError
                0x00000000080032e4       0x24 build/stm32f4xx_hal_spi.o
 .text.SPI_DMATransmitCplt
                0x0000000008003308       0x74 build/stm32f4xx_hal_spi.o
 .text.TIM_OC1_SetConfig
                0x000000000800337c       0x58 build/stm32f4xx_hal_tim.o
 .text.TIM_OC3_SetConfig
                0x00000000080033d4       0x5c build/stm32f4xx_hal_tim.o
 .text.TIM_OC4_SetConfig
                0x0000000008003430       0x48 build/stm32f4xx_hal_tim.o
 .text.HAL_TIM_Base_Start
                0x0000000008003478       0x20 build/stm32f4xx_hal_tim.o
                0x0000000008003478                HAL_TIM_Base_Start
 .text.HAL_TIM_PWM_Start
                0x0000000008003498       0x3c build/stm32f4xx_hal_tim.o
                0x0000000008003498                HAL_TIM_PWM_Start
 .text.TIM_Base_SetConfig
                0x00000000080034d4       0xa0 build/stm32f4xx_hal_tim.o
                0x00000000080034d4                TIM_Base_SetConfig
 .text.HAL_TIM_PWM_Init
                0x0000000008003574       0x38 build/stm32f4xx_hal_tim.o
                0x0000000008003574                HAL_TIM_PWM_Init
 .text.TIM_OC2_SetConfig
                0x00000000080035ac       0x5c build/stm32f4xx_hal_tim.o
                0x00000000080035ac                TIM_OC2_SetConfig
 .text.HAL_TIM_PWM_ConfigChannel
                0x0000000008003608       0xd4 build/stm32f4xx_hal_tim.o
                0x0000000008003608                HAL_TIM_PWM_ConfigChannel
 .text.HAL_TIMEx_MasterConfigSynchronization
                0x00000000080036dc       0x4c build/stm32f4xx_hal_tim_ex.o
                0x00000000080036dc                HAL_TIMEx_MasterConfigSynchronization
 .text.UART_SetConfig
                0x0000000008003728      0x300 build/stm32f4xx_hal_uart.o
 .text.UART_WaitOnFlagUntilTimeout.constprop.3
                0x0000000008003a28       0x58 build/stm32f4xx_hal_uart.o
 .text.HAL_UART_Init
                0x0000000008003a80       0x60 build/stm32f4xx_hal_uart.o
                0x0000000008003a80                HAL_UART_Init
 .text.HAL_UART_Transmit
                0x0000000008003ae0       0xb8 build/stm32f4xx_hal_uart.o
                0x0000000008003ae0                HAL_UART_Transmit
 .text.SDIO_Init
                0x0000000008003b98       0x38 build/stm32f4xx_ll_sdmmc.o
                0x0000000008003b98                SDIO_Init
 .text.SDIO_ReadFIFO
                0x0000000008003bd0        0x8 build/stm32f4xx_ll_sdmmc.o
                0x0000000008003bd0                SDIO_ReadFIFO
 .text.SDIO_WriteFIFO
                0x0000000008003bd8        0xc build/stm32f4xx_ll_sdmmc.o
                0x0000000008003bd8                SDIO_WriteFIFO
 .text.SDIO_PowerState_ON
                0x0000000008003be4        0x8 build/stm32f4xx_ll_sdmmc.o
                0x0000000008003be4                SDIO_PowerState_ON
 .text.SDIO_GetPowerState
                0x0000000008003bec        0x8 build/stm32f4xx_ll_sdmmc.o
                0x0000000008003bec                SDIO_GetPowerState
 .text.SDIO_SendCommand
                0x0000000008003bf4       0x28 build/stm32f4xx_ll_sdmmc.o
                0x0000000008003bf4                SDIO_SendCommand
 .text.SDIO_GetCommandResponse
                0x0000000008003c1c        0x8 build/stm32f4xx_ll_sdmmc.o
                0x0000000008003c1c                SDIO_GetCommandResponse
 .text.SDIO_GetResponse
                0x0000000008003c24       0x18 build/stm32f4xx_ll_sdmmc.o
                0x0000000008003c24                SDIO_GetResponse
 .text.SDIO_DataConfig
                0x0000000008003c3c       0x28 build/stm32f4xx_ll_sdmmc.o
                0x0000000008003c3c                SDIO_DataConfig
 .text.makise_init
                0x0000000008003c64       0x3c build/makise.o
                0x0000000008003c64                makise_init
 .text.makise_start
                0x0000000008003ca0        0x8 build/makise.o
                0x0000000008003ca0                makise_start
 .text.makise_pset
                0x0000000008003ca8       0x60 build/makise.o
                0x0000000008003ca8                makise_pset
 .text.makise_d_clear
                0x0000000008003d08       0x34 build/makise_primitives.o
                0x0000000008003d08                makise_d_clear
 .text.makise_d_line
                0x0000000008003d3c      0x1f0 build/makise_primitives.o
                0x0000000008003d3c                makise_d_line
 .text.makise_d_rect_filled
                0x0000000008003f2c      0x10c build/makise_primitives.o
                0x0000000008003f2c                makise_d_rect_filled
 .text.makise_d_circle_filled
                0x0000000008004038      0x224 build/makise_primitives.o
                0x0000000008004038                makise_d_circle_filled
 .text._makise_draw_char
                0x000000000800425c       0x84 build/makise_text.o
 .text.makise_d_string
                0x00000000080042e0       0x5c build/makise_text.o
                0x00000000080042e0                makise_d_string
 .text.makise_g_host_call
                0x000000000800433c        0x8 build/makise_gui.o
                0x000000000800433c                makise_g_host_call
 .text.makise_g_newid
                0x0000000008004344       0x10 build/makise_gui.o
                0x0000000008004344                makise_g_newid
 .text.makise_g_cont_add
                0x0000000008004354       0x34 build/makise_gui_container.o
                0x0000000008004354                makise_g_cont_add
 .text.makise_g_cont_call_common_predraw
                0x0000000008004388       0x1c build/makise_gui_container.o
                0x0000000008004388                makise_g_cont_call_common_predraw
 .text.makise_g_cont_call
                0x00000000080043a4       0x58 build/makise_gui_container.o
                0x00000000080043a4                makise_g_cont_call
 .text.m_element_call
                0x00000000080043fc       0x1c build/makise_gui_elements.o
                0x00000000080043fc                m_element_call
 .text._m_button_predraw
                0x0000000008004418        0x4 build/makise_e_buttons.o
                0x0000000008004418                _m_button_predraw
 .text._m_button_input
                0x000000000800441c       0x14 build/makise_e_buttons.o
                0x000000000800441c                _m_button_input
 .text._m_button_focus
                0x0000000008004430        0x4 build/makise_e_buttons.o
                0x0000000008004430                _m_button_focus
 .text._m_button_free
                0x0000000008004434        0x4 build/makise_e_buttons.o
                0x0000000008004434                _m_button_free
 .text._m_button_draw
                0x0000000008004438       0x64 build/makise_e_buttons.o
                0x0000000008004438                _m_button_draw
 .text.m_button_create
                0x000000000800449c       0x9c build/makise_e_buttons.o
                0x000000000800449c                m_button_create
 .text.ili9340_awake
                0x0000000008004538        0x4 build/ili9340.o
                0x0000000008004538                ili9340_awake
 .text.ili9340_set_backlight
                0x000000000800453c        0xc build/ili9340.o
                0x000000000800453c                ili9340_set_backlight
 .text.ili9340_sleep
                0x0000000008004548        0x4 build/ili9340.o
                0x0000000008004548                ili9340_sleep
 .text.ili9340_driver
                0x000000000800454c       0x50 build/ili9340.o
                0x000000000800454c                ili9340_driver
 .text.ili9340_render
                0x000000000800459c       0xc4 build/ili9340.o
                0x000000000800459c                ili9340_render
 .text.ili9340_spi_txhalfcplt
                0x0000000008004660       0x34 build/ili9340.o
                0x0000000008004660                ili9340_spi_txhalfcplt
 .text.ili9340_write_data
                0x0000000008004694       0x2c build/ili9340.o
                0x0000000008004694                ili9340_write_data
 .text.ili9340_write_command
                0x00000000080046c0       0x2c build/ili9340.o
                0x00000000080046c0                ili9340_write_command
 .text.ili9340_init
                0x00000000080046ec      0x2a8 build/ili9340.o
                0x00000000080046ec                ili9340_init
 .text.setAddrWindow
                0x0000000008004994       0x98 build/ili9340.o
                0x0000000008004994                setAddrWindow
 .text.strt_tx  0x0000000008004a2c       0xc4 build/ili9340.o
                0x0000000008004a2c                strt_tx
 .text.ili9340_start
                0x0000000008004af0       0x28 build/ili9340.o
                0x0000000008004af0                ili9340_start
 .text.ili9340_spi_txcplt
                0x0000000008004b18       0x24 build/ili9340.o
                0x0000000008004b18                ili9340_spi_txcplt
 .text.FATFS_LinkDriver
                0x0000000008004b3c       0x48 build/ff_gen_drv.o
                0x0000000008004b3c                FATFS_LinkDriver
 .text.SD_initialize
                0x0000000008004b84       0x20 build/sd_diskio.o
                0x0000000008004b84                SD_initialize
 .text.SD_status
                0x0000000008004ba4       0x20 build/sd_diskio.o
                0x0000000008004ba4                SD_status
 .text.SD_read  0x0000000008004bc4       0x20 build/sd_diskio.o
                0x0000000008004bc4                SD_read
 .text.SD_write
                0x0000000008004be4       0x20 build/sd_diskio.o
                0x0000000008004be4                SD_write
 .text.SD_ioctl
                0x0000000008004c04       0x58 build/sd_diskio.o
                0x0000000008004c04                SD_ioctl
 .text.BSP_SD_Init
                0x0000000008004c5c       0x40 build/bsp_driver_sd.o
                0x0000000008004c5c                BSP_SD_Init
 .text.BSP_SD_ReadBlocks
                0x0000000008004c9c       0x24 build/bsp_driver_sd.o
                0x0000000008004c9c                BSP_SD_ReadBlocks
 .text.BSP_SD_WriteBlocks
                0x0000000008004cc0       0x24 build/bsp_driver_sd.o
                0x0000000008004cc0                BSP_SD_WriteBlocks
 .text.BSP_SD_GetStatus
                0x0000000008004ce4        0xc build/bsp_driver_sd.o
                0x0000000008004ce4                BSP_SD_GetStatus
 .text.BSP_SD_GetCardInfo
                0x0000000008004cf0        0xc build/bsp_driver_sd.o
                0x0000000008004cf0                BSP_SD_GetCardInfo
 .text.MX_DMA_Init
                0x0000000008004cfc       0x34 build/dma.o
                0x0000000008004cfc                MX_DMA_Init
 .text.MX_FATFS_Init
                0x0000000008004d30       0x1c build/fatfs.o
                0x0000000008004d30                MX_FATFS_Init
 .text.MX_GPIO_Init
                0x0000000008004d4c       0xe8 build/gpio.o
                0x0000000008004d4c                MX_GPIO_Init
 .text.MX_I2C1_Init
                0x0000000008004e34       0x40 build/i2c.o
                0x0000000008004e34                MX_I2C1_Init
 .text.HAL_I2C_MspInit
                0x0000000008004e74       0x58 build/i2c.o
                0x0000000008004e74                HAL_I2C_MspInit
 .text._mt_d    0x0000000008004ecc       0x74 build/main.o
                0x0000000008004ecc                _mt_d
 .text.ReadRegister
                0x0000000008004f40       0x40 build/main.o
                0x0000000008004f40                ReadRegister
 .text.hc595    0x0000000008004f80       0x74 build/main.o
                0x0000000008004f80                hc595
 .text.SystemClock_Config
                0x0000000008004ff4       0xb4 build/main.o
                0x0000000008004ff4                SystemClock_Config
 .text.startup.main
                0x00000000080050a8       0xb0 build/main.o
                0x00000000080050a8                main
 .text.Error_Handler
                0x0000000008005158        0x4 build/main.o
                0x0000000008005158                Error_Handler
 .text.mt_predraw
                0x000000000800515c       0x3c build/makise_test.o
                0x000000000800515c                mt_predraw
 .text.HAL_SPI_TxHalfCpltCallback
                0x0000000008005198       0x1c build/makise_test.o
                0x0000000008005198                HAL_SPI_TxHalfCpltCallback
 .text.HAL_SPI_TxCpltCallback
                0x00000000080051b4       0x1c build/makise_test.o
                0x00000000080051b4                HAL_SPI_TxCpltCallback
 .text.mt_start
                0x00000000080051d0      0x124 build/makise_test.o
                0x00000000080051d0                mt_start
 .text._write   0x00000000080052f4       0x18 build/printf.o
                0x00000000080052f4                _write
 .text.MX_SDIO_SD_Init
                0x000000000800530c       0x20 build/sdio.o
                0x000000000800530c                MX_SDIO_SD_Init
 .text.HAL_SD_MspInit
                0x000000000800532c       0x68 build/sdio.o
                0x000000000800532c                HAL_SD_MspInit
 .text.MX_SPI1_Init
                0x0000000008005394       0x44 build/spi.o
                0x0000000008005394                MX_SPI1_Init
 .text.HAL_SPI_MspInit
                0x00000000080053d8       0x90 build/spi.o
                0x00000000080053d8                HAL_SPI_MspInit
 .text.HAL_MspInit
                0x0000000008005468       0x60 build/stm32f4xx_hal_msp.o
                0x0000000008005468                HAL_MspInit
 .text.NMI_Handler
                0x00000000080054c8        0x4 build/stm32f4xx_it.o
                0x00000000080054c8                NMI_Handler
 .text.HardFault_Handler
                0x00000000080054cc        0x4 build/stm32f4xx_it.o
                0x00000000080054cc                HardFault_Handler
 .text.MemManage_Handler
                0x00000000080054d0        0x4 build/stm32f4xx_it.o
                0x00000000080054d0                MemManage_Handler
 .text.BusFault_Handler
                0x00000000080054d4        0x4 build/stm32f4xx_it.o
                0x00000000080054d4                BusFault_Handler
 .text.UsageFault_Handler
                0x00000000080054d8        0x4 build/stm32f4xx_it.o
                0x00000000080054d8                UsageFault_Handler
 .text.SVC_Handler
                0x00000000080054dc        0x4 build/stm32f4xx_it.o
                0x00000000080054dc                SVC_Handler
 .text.DebugMon_Handler
                0x00000000080054e0        0x4 build/stm32f4xx_it.o
                0x00000000080054e0                DebugMon_Handler
 .text.PendSV_Handler
                0x00000000080054e4        0x4 build/stm32f4xx_it.o
                0x00000000080054e4                PendSV_Handler
 .text.SysTick_Handler
                0x00000000080054e8       0x10 build/stm32f4xx_it.o
                0x00000000080054e8                SysTick_Handler
 .text.DMA2_Stream3_IRQHandler
                0x00000000080054f8        0xc build/stm32f4xx_it.o
                0x00000000080054f8                DMA2_Stream3_IRQHandler
 .text.SystemInit
                0x0000000008005504       0x50 build/system_stm32f4xx.o
                0x0000000008005504                SystemInit
 .text.HAL_TIM_MspPostInit.part.0
                0x0000000008005554       0x24 build/tim.o
 .text.MX_TIM3_Init
                0x0000000008005578       0x80 build/tim.o
                0x0000000008005578                MX_TIM3_Init
 .text.HAL_TIM_PWM_MspInit
                0x00000000080055f8       0x30 build/tim.o
                0x00000000080055f8                HAL_TIM_PWM_MspInit
 .text.MX_USART6_UART_Init
                0x0000000008005628       0x38 build/usart.o
                0x0000000008005628                MX_USART6_UART_Init
 .text.HAL_UART_MspInit
                0x0000000008005660       0x50 build/usart.o
                0x0000000008005660                HAL_UART_MspInit
 .text.Reset_Handler
                0x00000000080056b0       0x50 build/startup_stm32f401xe.o
                0x00000000080056b0                Reset_Handler
 .text.Default_Handler
                0x0000000008005700        0x2 build/startup_stm32f401xe.o
                0x0000000008005700                RTC_Alarm_IRQHandler
                0x0000000008005700                EXTI2_IRQHandler
                0x0000000008005700                SPI4_IRQHandler
                0x0000000008005700                TIM1_CC_IRQHandler
                0x0000000008005700                DMA2_Stream5_IRQHandler
                0x0000000008005700                DMA1_Stream5_IRQHandler
                0x0000000008005700                PVD_IRQHandler
                0x0000000008005700                SDIO_IRQHandler
                0x0000000008005700                TAMP_STAMP_IRQHandler
                0x0000000008005700                EXTI3_IRQHandler
                0x0000000008005700                TIM1_UP_TIM10_IRQHandler
                0x0000000008005700                I2C3_ER_IRQHandler
                0x0000000008005700                EXTI0_IRQHandler
                0x0000000008005700                I2C2_EV_IRQHandler
                0x0000000008005700                DMA1_Stream2_IRQHandler
                0x0000000008005700                FPU_IRQHandler
                0x0000000008005700                DMA2_Stream2_IRQHandler
                0x0000000008005700                SPI1_IRQHandler
                0x0000000008005700                TIM1_BRK_TIM9_IRQHandler
                0x0000000008005700                USART6_IRQHandler
                0x0000000008005700                DMA2_Stream0_IRQHandler
                0x0000000008005700                TIM4_IRQHandler
                0x0000000008005700                I2C1_EV_IRQHandler
                0x0000000008005700                DMA1_Stream6_IRQHandler
                0x0000000008005700                DMA1_Stream1_IRQHandler
                0x0000000008005700                TIM3_IRQHandler
                0x0000000008005700                RCC_IRQHandler
                0x0000000008005700                Default_Handler
                0x0000000008005700                EXTI15_10_IRQHandler
                0x0000000008005700                ADC_IRQHandler
                0x0000000008005700                DMA1_Stream7_IRQHandler
                0x0000000008005700                TIM5_IRQHandler
                0x0000000008005700                DMA2_Stream7_IRQHandler
                0x0000000008005700                I2C3_EV_IRQHandler
                0x0000000008005700                EXTI9_5_IRQHandler
                0x0000000008005700                RTC_WKUP_IRQHandler
                0x0000000008005700                SPI2_IRQHandler
                0x0000000008005700                DMA1_Stream0_IRQHandler
                0x0000000008005700                EXTI4_IRQHandler
                0x0000000008005700                WWDG_IRQHandler
                0x0000000008005700                TIM2_IRQHandler
                0x0000000008005700                OTG_FS_WKUP_IRQHandler
                0x0000000008005700                TIM1_TRG_COM_TIM11_IRQHandler
                0x0000000008005700                EXTI1_IRQHandler
                0x0000000008005700                USART2_IRQHandler
                0x0000000008005700                I2C2_ER_IRQHandler
                0x0000000008005700                DMA2_Stream1_IRQHandler
                0x0000000008005700                FLASH_IRQHandler
                0x0000000008005700                DMA2_Stream4_IRQHandler
                0x0000000008005700                USART1_IRQHandler
                0x0000000008005700                OTG_FS_IRQHandler
                0x0000000008005700                SPI3_IRQHandler
                0x0000000008005700                DMA1_Stream4_IRQHandler
                0x0000000008005700                I2C1_ER_IRQHandler
                0x0000000008005700                DMA2_Stream6_IRQHandler
                0x0000000008005700                DMA1_Stream3_IRQHandler
 *fill*         0x0000000008005702        0x2 
 .text.__libc_init_array
                0x0000000008005704       0x48 /usr/lib/gcc/arm-none-eabi/6.3.0/../../../../arm-none-eabi/lib/armv7e-m/fpu/libc_nano.a(lib_a-init.o)
                0x0000000008005704                __libc_init_array
 .text.memset   0x000000000800574c       0x10 /usr/lib/gcc/arm-none-eabi/6.3.0/../../../../arm-none-eabi/lib/armv7e-m/fpu/libc_nano.a(lib_a-memset.o)
                0x000000000800574c                memset
 .text.__cvt    0x000000000800575c       0xc2 /usr/lib/gcc/arm-none-eabi/6.3.0/../../../../arm-none-eabi/lib/armv7e-m/fpu/libc_nano.a(lib_a-nano-vfprintf_float.o)
                0x000000000800575c                __cvt
 .text.__exponent
                0x000000000800581e       0x6a /usr/lib/gcc/arm-none-eabi/6.3.0/../../../../arm-none-eabi/lib/armv7e-m/fpu/libc_nano.a(lib_a-nano-vfprintf_float.o)
                0x000000000800581e                __exponent
 .text._printf_float
                0x0000000008005888      0x480 /usr/lib/gcc/arm-none-eabi/6.3.0/../../../../arm-none-eabi/lib/armv7e-m/fpu/libc_nano.a(lib_a-nano-vfprintf_float.o)
                0x0000000008005888                _printf_float
 .text._printf_common
                0x0000000008005d08       0xec /usr/lib/gcc/arm-none-eabi/6.3.0/../../../../arm-none-eabi/lib/armv7e-m/fpu/libc_nano.a(lib_a-nano-vfprintf_i.o)
                0x0000000008005d08                _printf_common
 .text._printf_i
                0x0000000008005df4      0x240 /usr/lib/gcc/arm-none-eabi/6.3.0/../../../../arm-none-eabi/lib/armv7e-m/fpu/libc_nano.a(lib_a-nano-vfprintf_i.o)
                0x0000000008005df4                _printf_i
 .text.printf   0x0000000008006034       0x30 /usr/lib/gcc/arm-none-eabi/6.3.0/../../../../arm-none-eabi/lib/armv7e-m/fpu/libc_nano.a(lib_a-printf.o)
                0x0000000008006034                printf
                0x0000000008006034                iprintf
 .text.quorem   0x0000000008006064      0x118 /usr/lib/gcc/arm-none-eabi/6.3.0/../../../../arm-none-eabi/lib/armv7e-m/fpu/libc_nano.a(lib_a-dtoa.o)
 *fill*         0x000000000800617c        0x4 
 .text._dtoa_r  0x0000000008006180      0xb9c /usr/lib/gcc/arm-none-eabi/6.3.0/../../../../arm-none-eabi/lib/armv7e-m/fpu/libc_nano.a(lib_a-dtoa.o)
                0x0000000008006180                _dtoa_r
 .text._cleanup_r
                0x0000000008006d1c        0xc /usr/lib/gcc/arm-none-eabi/6.3.0/../../../../arm-none-eabi/lib/armv7e-m/fpu/libc_nano.a(lib_a-findfp.o)
                0x0000000008006d1c                _cleanup_r
 .text.std.isra.0
                0x0000000008006d28       0x48 /usr/lib/gcc/arm-none-eabi/6.3.0/../../../../arm-none-eabi/lib/armv7e-m/fpu/libc_nano.a(lib_a-findfp.o)
 .text.__sfmoreglue
                0x0000000008006d70       0x2c /usr/lib/gcc/arm-none-eabi/6.3.0/../../../../arm-none-eabi/lib/armv7e-m/fpu/libc_nano.a(lib_a-findfp.o)
                0x0000000008006d70                __sfmoreglue
 .text.__sinit  0x0000000008006d9c       0x60 /usr/lib/gcc/arm-none-eabi/6.3.0/../../../../arm-none-eabi/lib/armv7e-m/fpu/libc_nano.a(lib_a-findfp.o)
                0x0000000008006d9c                __sinit
 .text.__sfp    0x0000000008006dfc       0x78 /usr/lib/gcc/arm-none-eabi/6.3.0/../../../../arm-none-eabi/lib/armv7e-m/fpu/libc_nano.a(lib_a-findfp.o)
                0x0000000008006dfc                __sfp
 .text._fwalk_reent
                0x0000000008006e74       0x3c /usr/lib/gcc/arm-none-eabi/6.3.0/../../../../arm-none-eabi/lib/armv7e-m/fpu/libc_nano.a(lib_a-fwalk.o)
                0x0000000008006e74                _fwalk_reent
 .text._localeconv_r
                0x0000000008006eb0       0x1c /usr/lib/gcc/arm-none-eabi/6.3.0/../../../../arm-none-eabi/lib/armv7e-m/fpu/libc_nano.a(lib_a-localeconv.o)
                0x0000000008006eb0                _localeconv_r
 .text.malloc   0x0000000008006ecc       0x10 /usr/lib/gcc/arm-none-eabi/6.3.0/../../../../arm-none-eabi/lib/armv7e-m/fpu/libc_nano.a(lib_a-malloc.o)
                0x0000000008006ecc                malloc
 .text.memcpy   0x0000000008006edc       0x16 /usr/lib/gcc/arm-none-eabi/6.3.0/../../../../arm-none-eabi/lib/armv7e-m/fpu/libc_nano.a(lib_a-memcpy-stub.o)
                0x0000000008006edc                memcpy
 .text._Balloc  0x0000000008006ef2       0x68 /usr/lib/gcc/arm-none-eabi/6.3.0/../../../../arm-none-eabi/lib/armv7e-m/fpu/libc_nano.a(lib_a-mprec.o)
                0x0000000008006ef2                _Balloc
 .text._Bfree   0x0000000008006f5a       0x2e /usr/lib/gcc/arm-none-eabi/6.3.0/../../../../arm-none-eabi/lib/armv7e-m/fpu/libc_nano.a(lib_a-mprec.o)
                0x0000000008006f5a                _Bfree
 .text.__multadd
                0x0000000008006f88       0x76 /usr/lib/gcc/arm-none-eabi/6.3.0/../../../../arm-none-eabi/lib/armv7e-m/fpu/libc_nano.a(lib_a-mprec.o)
                0x0000000008006f88                __multadd
 .text.__hi0bits
                0x0000000008006ffe       0x3e /usr/lib/gcc/arm-none-eabi/6.3.0/../../../../arm-none-eabi/lib/armv7e-m/fpu/libc_nano.a(lib_a-mprec.o)
                0x0000000008006ffe                __hi0bits
 .text.__lo0bits
                0x000000000800703c       0x5e /usr/lib/gcc/arm-none-eabi/6.3.0/../../../../arm-none-eabi/lib/armv7e-m/fpu/libc_nano.a(lib_a-mprec.o)
                0x000000000800703c                __lo0bits
 .text.__i2b    0x000000000800709a       0x12 /usr/lib/gcc/arm-none-eabi/6.3.0/../../../../arm-none-eabi/lib/armv7e-m/fpu/libc_nano.a(lib_a-mprec.o)
                0x000000000800709a                __i2b
 .text.__multiply
                0x00000000080070ac      0x11a /usr/lib/gcc/arm-none-eabi/6.3.0/../../../../arm-none-eabi/lib/armv7e-m/fpu/libc_nano.a(lib_a-mprec.o)
                0x00000000080070ac                __multiply
 *fill*         0x00000000080071c6        0x2 
 .text.__pow5mult
                0x00000000080071c8       0x9c /usr/lib/gcc/arm-none-eabi/6.3.0/../../../../arm-none-eabi/lib/armv7e-m/fpu/libc_nano.a(lib_a-mprec.o)
                0x00000000080071c8                __pow5mult
 .text.__lshift
                0x0000000008007264       0xa2 /usr/lib/gcc/arm-none-eabi/6.3.0/../../../../arm-none-eabi/lib/armv7e-m/fpu/libc_nano.a(lib_a-mprec.o)
                0x0000000008007264                __lshift
 .text.__mcmp   0x0000000008007306       0x34 /usr/lib/gcc/arm-none-eabi/6.3.0/../../../../arm-none-eabi/lib/armv7e-m/fpu/libc_nano.a(lib_a-mprec.o)
                0x0000000008007306                __mcmp
 .text.__mdiff  0x000000000800733a       0xbc /usr/lib/gcc/arm-none-eabi/6.3.0/../../../../arm-none-eabi/lib/armv7e-m/fpu/libc_nano.a(lib_a-mprec.o)
                0x000000000800733a                __mdiff
 .text.__d2b    0x00000000080073f6       0x9e /usr/lib/gcc/arm-none-eabi/6.3.0/../../../../arm-none-eabi/lib/armv7e-m/fpu/libc_nano.a(lib_a-mprec.o)
                0x00000000080073f6                __d2b
 .text._calloc_r
                0x0000000008007494       0x1c /usr/lib/gcc/arm-none-eabi/6.3.0/../../../../arm-none-eabi/lib/armv7e-m/fpu/libc_nano.a(lib_a-nano-callocr.o)
                0x0000000008007494                _calloc_r
 .text._free_r  0x00000000080074b0       0x9c /usr/lib/gcc/arm-none-eabi/6.3.0/../../../../arm-none-eabi/lib/armv7e-m/fpu/libc_nano.a(lib_a-nano-freer.o)
                0x00000000080074b0                _free_r
 .text._malloc_r
                0x000000000800754c       0xbc /usr/lib/gcc/arm-none-eabi/6.3.0/../../../../arm-none-eabi/lib/armv7e-m/fpu/libc_nano.a(lib_a-nano-mallocr.o)
                0x000000000800754c                _malloc_r
 .text.__sfputc_r
                0x0000000008007608       0x30 /usr/lib/gcc/arm-none-eabi/6.3.0/../../../../arm-none-eabi/lib/armv7e-m/fpu/libc_nano.a(lib_a-nano-vfprintf.o)
 .text.__sfputs_r
                0x0000000008007638       0x24 /usr/lib/gcc/arm-none-eabi/6.3.0/../../../../arm-none-eabi/lib/armv7e-m/fpu/libc_nano.a(lib_a-nano-vfprintf.o)
                0x0000000008007638                __sfputs_r
 .text._vfprintf_r
                0x000000000800765c      0x22c /usr/lib/gcc/arm-none-eabi/6.3.0/../../../../arm-none-eabi/lib/armv7e-m/fpu/libc_nano.a(lib_a-nano-vfprintf.o)
                0x000000000800765c                _vfiprintf_r
                0x000000000800765c                _vfprintf_r
 .text._sbrk_r  0x0000000008007888       0x20 /usr/lib/gcc/arm-none-eabi/6.3.0/../../../../arm-none-eabi/lib/armv7e-m/fpu/libc_nano.a(lib_a-sbrkr.o)
                0x0000000008007888                _sbrk_r
 .text.__sread  0x00000000080078a8       0x22 /usr/lib/gcc/arm-none-eabi/6.3.0/../../../../arm-none-eabi/lib/armv7e-m/fpu/libc_nano.a(lib_a-stdio.o)
                0x00000000080078a8                __sread
 .text.__swrite
                0x00000000080078ca       0x38 /usr/lib/gcc/arm-none-eabi/6.3.0/../../../../arm-none-eabi/lib/armv7e-m/fpu/libc_nano.a(lib_a-stdio.o)
                0x00000000080078ca                __swrite
 .text.__sseek  0x0000000008007902       0x24 /usr/lib/gcc/arm-none-eabi/6.3.0/../../../../arm-none-eabi/lib/armv7e-m/fpu/libc_nano.a(lib_a-stdio.o)
                0x0000000008007902                __sseek
 .text.__sclose
                0x0000000008007926        0x8 /usr/lib/gcc/arm-none-eabi/6.3.0/../../../../arm-none-eabi/lib/armv7e-m/fpu/libc_nano.a(lib_a-stdio.o)
                0x0000000008007926                __sclose
 *fill*         0x000000000800792e        0x2 
 .text.__swbuf_r
                0x0000000008007930       0xa4 /usr/lib/gcc/arm-none-eabi/6.3.0/../../../../arm-none-eabi/lib/armv7e-m/fpu/libc_nano.a(lib_a-wbuf.o)
                0x0000000008007930                __swbuf_r
 .text._write_r
                0x00000000080079d4       0x24 /usr/lib/gcc/arm-none-eabi/6.3.0/../../../../arm-none-eabi/lib/armv7e-m/fpu/libc_nano.a(lib_a-writer.o)
                0x00000000080079d4                _write_r
 .text.__swsetup_r
                0x00000000080079f8       0xdc /usr/lib/gcc/arm-none-eabi/6.3.0/../../../../arm-none-eabi/lib/armv7e-m/fpu/libc_nano.a(lib_a-wsetup.o)
                0x00000000080079f8                __swsetup_r
 .text._close_r
                0x0000000008007ad4       0x20 /usr/lib/gcc/arm-none-eabi/6.3.0/../../../../arm-none-eabi/lib/armv7e-m/fpu/libc_nano.a(lib_a-closer.o)
                0x0000000008007ad4                _close_r
 .text.__sflush_r
                0x0000000008007af4      0x110 /usr/lib/gcc/arm-none-eabi/6.3.0/../../../../arm-none-eabi/lib/armv7e-m/fpu/libc_nano.a(lib_a-fflush.o)
                0x0000000008007af4                __sflush_r
 .text._fflush_r
                0x0000000008007c04       0x54 /usr/lib/gcc/arm-none-eabi/6.3.0/../../../../arm-none-eabi/lib/armv7e-m/fpu/libc_nano.a(lib_a-fflush.o)
                0x0000000008007c04                _fflush_r
 .text._lseek_r
                0x0000000008007c58       0x24 /usr/lib/gcc/arm-none-eabi/6.3.0/../../../../arm-none-eabi/lib/armv7e-m/fpu/libc_nano.a(lib_a-lseekr.o)
                0x0000000008007c58                _lseek_r
 .text.__swhatbuf_r
                0x0000000008007c7c       0x48 /usr/lib/gcc/arm-none-eabi/6.3.0/../../../../arm-none-eabi/lib/armv7e-m/fpu/libc_nano.a(lib_a-makebuf.o)
                0x0000000008007c7c                __swhatbuf_r
 .text.__smakebuf_r
                0x0000000008007cc4       0x80 /usr/lib/gcc/arm-none-eabi/6.3.0/../../../../arm-none-eabi/lib/armv7e-m/fpu/libc_nano.a(lib_a-makebuf.o)
                0x0000000008007cc4                __smakebuf_r
 .text.__ascii_mbtowc
                0x0000000008007d44       0x24 /usr/lib/gcc/arm-none-eabi/6.3.0/../../../../arm-none-eabi/lib/armv7e-m/fpu/libc_nano.a(lib_a-mbtowc_r.o)
                0x0000000008007d44                __ascii_mbtowc
 .text.__malloc_lock
                0x0000000008007d68        0x2 /usr/lib/gcc/arm-none-eabi/6.3.0/../../../../arm-none-eabi/lib/armv7e-m/fpu/libc_nano.a(lib_a-mlock.o)
                0x0000000008007d68                __malloc_lock
 .text.__malloc_unlock
                0x0000000008007d6a        0x2 /usr/lib/gcc/arm-none-eabi/6.3.0/../../../../arm-none-eabi/lib/armv7e-m/fpu/libc_nano.a(lib_a-mlock.o)
                0x0000000008007d6a                __malloc_unlock
 .text._read_r  0x0000000008007d6c       0x24 /usr/lib/gcc/arm-none-eabi/6.3.0/../../../../arm-none-eabi/lib/armv7e-m/fpu/libc_nano.a(lib_a-readr.o)
                0x0000000008007d6c                _read_r
 .text.__ascii_wctomb
                0x0000000008007d90       0x1a /usr/lib/gcc/arm-none-eabi/6.3.0/../../../../arm-none-eabi/lib/armv7e-m/fpu/libc_nano.a(lib_a-wctomb_r.o)
                0x0000000008007d90                __ascii_wctomb
 *fill*         0x0000000008007daa        0x2 
 .text._fstat_r
                0x0000000008007dac       0x24 /usr/lib/gcc/arm-none-eabi/6.3.0/../../../../arm-none-eabi/lib/armv7e-m/fpu/libc_nano.a(lib_a-fstatr.o)
                0x0000000008007dac                _fstat_r
 .text._isatty_r
                0x0000000008007dd0       0x20 /usr/lib/gcc/arm-none-eabi/6.3.0/../../../../arm-none-eabi/lib/armv7e-m/fpu/libc_nano.a(lib_a-isattyr.o)
                0x0000000008007dd0                _isatty_r
 .text._close   0x0000000008007df0       0x10 /usr/lib/gcc/arm-none-eabi/6.3.0/../../../../arm-none-eabi/lib/armv7e-m/fpu/libnosys.a(close.o)
                0x0000000008007df0                _close
 .text._fstat   0x0000000008007e00       0x10 /usr/lib/gcc/arm-none-eabi/6.3.0/../../../../arm-none-eabi/lib/armv7e-m/fpu/libnosys.a(fstat.o)
                0x0000000008007e00                _fstat
 .text._isatty  0x0000000008007e10       0x10 /usr/lib/gcc/arm-none-eabi/6.3.0/../../../../arm-none-eabi/lib/armv7e-m/fpu/libnosys.a(isatty.o)
                0x0000000008007e10                _isatty
 .text._lseek   0x0000000008007e20       0x10 /usr/lib/gcc/arm-none-eabi/6.3.0/../../../../arm-none-eabi/lib/armv7e-m/fpu/libnosys.a(lseek.o)
                0x0000000008007e20                _lseek
 .text._read    0x0000000008007e30       0x10 /usr/lib/gcc/arm-none-eabi/6.3.0/../../../../arm-none-eabi/lib/armv7e-m/fpu/libnosys.a(read.o)
                0x0000000008007e30                _read
 .text._sbrk    0x0000000008007e40       0x1c /usr/lib/gcc/arm-none-eabi/6.3.0/../../../../arm-none-eabi/lib/armv7e-m/fpu/libnosys.a(sbrk.o)
                0x0000000008007e40                _sbrk
 *(.glue_7)
 .glue_7        0x0000000008007e5c        0x0 linker stubs
 *(.glue_7t)
 .glue_7t       0x0000000008007e5c        0x0 linker stubs
 *(.eh_frame)
 .eh_frame      0x0000000008007e5c        0x0 /usr/lib/gcc/arm-none-eabi/6.3.0/armv7e-m/fpu/crtbegin.o
 *(.init)
 .init          0x0000000008007e5c        0x4 /usr/lib/gcc/arm-none-eabi/6.3.0/armv7e-m/fpu/crti.o
                0x0000000008007e5c                _init
 .init          0x0000000008007e60        0x8 /usr/lib/gcc/arm-none-eabi/6.3.0/armv7e-m/fpu/crtn.o
 *(.fini)
 .fini          0x0000000008007e68        0x4 /usr/lib/gcc/arm-none-eabi/6.3.0/armv7e-m/fpu/crti.o
                0x0000000008007e68                _fini
 .fini          0x0000000008007e6c        0x8 /usr/lib/gcc/arm-none-eabi/6.3.0/armv7e-m/fpu/crtn.o
                0x0000000008007e74                . = ALIGN (0x4)
                0x0000000008007e74                _etext = .

.vfp11_veneer   0x0000000008007e74        0x0
 .vfp11_veneer  0x0000000008007e74        0x0 linker stubs

.v4_bx          0x0000000008007e74        0x0
 .v4_bx         0x0000000008007e74        0x0 linker stubs

.iplt           0x0000000008007e74        0x0
 .iplt          0x0000000008007e74        0x0 /usr/lib/gcc/arm-none-eabi/6.3.0/armv7e-m/fpu/crtbegin.o

.rodata         0x0000000008007e78     0x2cd0
                0x0000000008007e78                . = ALIGN (0x4)
 *(.rodata)
 *(.rodata*)
 .rodata.flagBitshiftOffset.8851
                0x0000000008007e78        0x8 build/stm32f4xx_hal_dma.o
 .rodata.APBAHBPrescTable
                0x0000000008007e80       0x10 build/stm32f4xx_hal_rcc.o
                0x0000000008007e80                APBAHBPrescTable
 .rodata.ArialBold_24_OffsetTable
                0x0000000008007e90      0x1c0 build/Arial24.o
                0x0000000008007e90                ArialBold_24_OffsetTable
 .rodata.ArialBold_24_SymbolTable
                0x0000000008008050     0x2700 build/Arial24.o
                0x0000000008008050                ArialBold_24_SymbolTable
 .rodata.ArialBold_24_WidthTable
                0x000000000800a750       0xe0 build/Arial24.o
                0x000000000800a750                ArialBold_24_WidthTable
 .rodata.F_Arial24
                0x000000000800a830       0x18 build/Arial24.o
                0x000000000800a830                F_Arial24
 .rodata.m_button_create.str1.4
                0x000000000800a848       0x13 build/makise_e_buttons.o
 *fill*         0x000000000800a85b        0x1 
 .rodata.SD_Driver
                0x000000000800a85c       0x14 build/sd_diskio.o
                0x000000000800a85c                SD_Driver
 .rodata.hc595.str1.4
                0x000000000800a870        0xb build/main.o
 *fill*         0x000000000800a87b        0x1 
 .rodata.main.str1.4
                0x000000000800a87c        0x8 build/main.o
 .rodata.mt_start.str1.4
                0x000000000800a884        0x8 build/makise_test.o
                                          0x4 (size before relaxing)
 .rodata._global_impure_ptr
                0x000000000800a884        0x4 /usr/lib/gcc/arm-none-eabi/6.3.0/../../../../arm-none-eabi/lib/armv7e-m/fpu/libc_nano.a(lib_a-impure.o)
                0x000000000800a884                _global_impure_ptr
 .rodata._printf_float.str1.1
                0x000000000800a888       0x12 /usr/lib/gcc/arm-none-eabi/6.3.0/../../../../arm-none-eabi/lib/armv7e-m/fpu/libc_nano.a(lib_a-nano-vfprintf_float.o)
 .rodata._printf_i.str1.1
                0x000000000800a89a       0x22 /usr/lib/gcc/arm-none-eabi/6.3.0/../../../../arm-none-eabi/lib/armv7e-m/fpu/libc_nano.a(lib_a-nano-vfprintf_i.o)
 .rodata._dtoa_r.str1.1
                0x000000000800a8bc        0xd /usr/lib/gcc/arm-none-eabi/6.3.0/../../../../arm-none-eabi/lib/armv7e-m/fpu/libc_nano.a(lib_a-dtoa.o)
                                          0xf (size before relaxing)
 *fill*         0x000000000800a8c9        0x3 
 .rodata.__sf_fake_stderr
                0x000000000800a8cc       0x20 /usr/lib/gcc/arm-none-eabi/6.3.0/../../../../arm-none-eabi/lib/armv7e-m/fpu/libc_nano.a(lib_a-findfp.o)
                0x000000000800a8cc                __sf_fake_stderr
 .rodata.__sf_fake_stdin
                0x000000000800a8ec       0x20 /usr/lib/gcc/arm-none-eabi/6.3.0/../../../../arm-none-eabi/lib/armv7e-m/fpu/libc_nano.a(lib_a-findfp.o)
                0x000000000800a8ec                __sf_fake_stdin
 .rodata.__sf_fake_stdout
                0x000000000800a90c       0x20 /usr/lib/gcc/arm-none-eabi/6.3.0/../../../../arm-none-eabi/lib/armv7e-m/fpu/libc_nano.a(lib_a-findfp.o)
                0x000000000800a90c                __sf_fake_stdout
 *fill*         0x000000000800a92c        0x4 
 .rodata.__mprec_bigtens
                0x000000000800a930       0x28 /usr/lib/gcc/arm-none-eabi/6.3.0/../../../../arm-none-eabi/lib/armv7e-m/fpu/libc_nano.a(lib_a-mprec.o)
                0x000000000800a930                __mprec_bigtens
 .rodata.__mprec_tens
                0x000000000800a958       0xc8 /usr/lib/gcc/arm-none-eabi/6.3.0/../../../../arm-none-eabi/lib/armv7e-m/fpu/libc_nano.a(lib_a-mprec.o)
                0x000000000800a958                __mprec_tens
 .rodata.p05.7151
                0x000000000800aa20        0xc /usr/lib/gcc/arm-none-eabi/6.3.0/../../../../arm-none-eabi/lib/armv7e-m/fpu/libc_nano.a(lib_a-mprec.o)
 .rodata._vfprintf_r.str1.1
                0x000000000800aa2c       0x11 /usr/lib/gcc/arm-none-eabi/6.3.0/../../../../arm-none-eabi/lib/armv7e-m/fpu/libc_nano.a(lib_a-nano-vfprintf.o)
 .rodata._setlocale_r.str1.1
                0x000000000800aa3d        0x8 /usr/lib/gcc/arm-none-eabi/6.3.0/../../../../arm-none-eabi/lib/armv7e-m/fpu/libc_nano.a(lib_a-locale.o)
                                          0x9 (size before relaxing)
 .rodata.str1.1
                0x000000000800aa45        0x2 /usr/lib/gcc/arm-none-eabi/6.3.0/../../../../arm-none-eabi/lib/armv7e-m/fpu/libc_nano.a(lib_a-locale.o)
 .rodata._ctype_
                0x000000000800aa47      0x101 /usr/lib/gcc/arm-none-eabi/6.3.0/../../../../arm-none-eabi/lib/armv7e-m/fpu/libc_nano.a(lib_a-ctype_.o)
                0x000000000800aa47                _ctype_
                0x000000000800ab48                . = ALIGN (0x4)

.rel.dyn        0x000000000800ab48        0x0
 .rel.iplt      0x000000000800ab48        0x0 /usr/lib/gcc/arm-none-eabi/6.3.0/armv7e-m/fpu/crtbegin.o

.ARM.extab
 *(.ARM.extab* .gnu.linkonce.armextab.*)

.ARM            0x000000000800ab48        0x0
                0x000000000800ab48                __exidx_start = .
 *(.ARM.exidx*)
                0x000000000800ab48                __exidx_end = .

.preinit_array  0x000000000800ab48        0x0
                0x000000000800ab48                PROVIDE (__preinit_array_start, .)
 *(.preinit_array*)
                0x000000000800ab48                PROVIDE (__preinit_array_end, .)

.init_array     0x000000000800ab48        0x4
                0x000000000800ab48                PROVIDE (__init_array_start, .)
 *(SORT(.init_array.*))
 *(.init_array*)
 .init_array    0x000000000800ab48        0x4 /usr/lib/gcc/arm-none-eabi/6.3.0/armv7e-m/fpu/crtbegin.o
                0x000000000800ab4c                PROVIDE (__init_array_end, .)

.fini_array     0x000000000800ab4c        0x4
                0x000000000800ab4c                PROVIDE (__fini_array_start, .)
 *(SORT(.fini_array.*))
 *(.fini_array*)
 .fini_array    0x000000000800ab4c        0x4 /usr/lib/gcc/arm-none-eabi/6.3.0/armv7e-m/fpu/crtbegin.o
                0x000000000800ab50                PROVIDE (__fini_array_end, .)
                0x000000000800ab50                _sidata = LOADADDR (.data)

.data           0x0000000020000000      0x1f4 load address 0x000000000800ab50
                0x0000000020000000                . = ALIGN (0x4)
                0x0000000020000000                _sdata = .
 *(.data)
 *(.data*)
 .data.clrs     0x0000000020000000       0x10 build/ili9340.o
                0x0000000020000000                clrs
 .data.Stat     0x0000000020000010        0x1 build/sd_diskio.o
 *fill*         0x0000000020000011        0x3 
 .data.t0       0x0000000020000014        0x4 build/makise_test.o
                0x0000000020000014                t0
 .data.t1       0x0000000020000018        0x3 build/makise_test.o
                0x0000000020000018                t1
 *fill*         0x000000002000001b        0x1 
 .data.t2       0x000000002000001c        0x4 build/makise_test.o
                0x000000002000001c                t2
 .data.SystemCoreClock
                0x0000000020000020        0x4 build/system_stm32f4xx.o
                0x0000000020000020                SystemCoreClock
 .data._impure_ptr
                0x0000000020000024        0x4 /usr/lib/gcc/arm-none-eabi/6.3.0/../../../../arm-none-eabi/lib/armv7e-m/fpu/libc_nano.a(lib_a-impure.o)
                0x0000000020000024                _impure_ptr
 .data.impure_data
                0x0000000020000028       0x60 /usr/lib/gcc/arm-none-eabi/6.3.0/../../../../arm-none-eabi/lib/armv7e-m/fpu/libc_nano.a(lib_a-impure.o)
 .data.__global_locale
                0x0000000020000088      0x16c /usr/lib/gcc/arm-none-eabi/6.3.0/../../../../arm-none-eabi/lib/armv7e-m/fpu/libc_nano.a(lib_a-locale.o)
                0x0000000020000088                __global_locale
                0x00000000200001f4                . = ALIGN (0x4)
                0x00000000200001f4                _edata = .

.jcr            0x00000000200001f4        0x0 load address 0x000000000800ad44
 .jcr           0x00000000200001f4        0x0 /usr/lib/gcc/arm-none-eabi/6.3.0/armv7e-m/fpu/crtbegin.o

.igot.plt       0x00000000200001f4        0x0 load address 0x000000000800ad44
 .igot.plt      0x00000000200001f4        0x0 /usr/lib/gcc/arm-none-eabi/6.3.0/armv7e-m/fpu/crtbegin.o
                0x00000000200001f4                . = ALIGN (0x4)

.bss            0x00000000200001f8     0x6d68 load address 0x000000000800ad44
                0x00000000200001f8                _sbss = .
                0x00000000200001f8                __bss_start__ = _sbss
 *(.bss)
 *(.bss*)
 .bss.completed.9708
                0x00000000200001f8        0x1 /usr/lib/gcc/arm-none-eabi/6.3.0/armv7e-m/fpu/crtbegin.o
 *fill*         0x00000000200001f9        0x3 
 .bss.object.9713
                0x00000000200001fc       0x18 /usr/lib/gcc/arm-none-eabi/6.3.0/armv7e-m/fpu/crtbegin.o
 .bss._makise_new_id
                0x0000000020000214        0x4 build/makise_gui.o
                0x0000000020000214                _makise_new_id
 .bss.ili_f     0x0000000020000218        0x1 build/ili9340.o
                0x0000000020000218                ili_f
 *fill*         0x0000000020000219        0x1 
 .bss.taaak     0x000000002000021a        0x2 build/ili9340.o
                0x000000002000021a                taaak
 .bss.w         0x000000002000021c        0x4 build/ili9340.o
                0x000000002000021c                w
 .bss.disk      0x0000000020000220        0xc build/ff_gen_drv.o
                0x0000000020000220                disk
 .bss.bb        0x000000002000022c     0x4b00 build/makise_test.o
                0x000000002000022c                bb
 .bss.sb        0x0000000020004d2c     0x1e00 build/makise_test.o
                0x0000000020004d2c                sb
 .bss.__malloc_free_list
                0x0000000020006b2c        0x4 /usr/lib/gcc/arm-none-eabi/6.3.0/../../../../arm-none-eabi/lib/armv7e-m/fpu/libc_nano.a(lib_a-nano-mallocr.o)
                0x0000000020006b2c                __malloc_free_list
 .bss.__malloc_sbrk_start
                0x0000000020006b30        0x4 /usr/lib/gcc/arm-none-eabi/6.3.0/../../../../arm-none-eabi/lib/armv7e-m/fpu/libc_nano.a(lib_a-nano-mallocr.o)
                0x0000000020006b30                __malloc_sbrk_start
 .bss.heap_end.5215
                0x0000000020006b34        0x4 /usr/lib/gcc/arm-none-eabi/6.3.0/../../../../arm-none-eabi/lib/armv7e-m/fpu/libnosys.a(sbrk.o)
 *(COMMON)
 COMMON         0x0000000020006b38        0x4 build/stm32f4xx_hal.o
                0x0000000020006b38                uwTick
 COMMON         0x0000000020006b3c        0xc build/makise.o
                0x0000000020006b3c                kpsett
                0x0000000020006b40                kpset32
                0x0000000020006b44                kpset
 COMMON         0x0000000020006b48        0xe build/ili9340.o
                0x0000000020006b48                t
                0x0000000020006b4c                ss
                0x0000000020006b50                se
                0x0000000020006b54                _ili9340_addr_kek
 *fill*         0x0000000020006b56        0x2 
 COMMON         0x0000000020006b58        0x8 build/fatfs.o
                0x0000000020006b58                retSD
                0x0000000020006b5c                SD_Path
 COMMON         0x0000000020006b60       0x54 build/i2c.o
                0x0000000020006b60                hi2c1
 COMMON         0x0000000020006bb4        0x4 build/main.o
                0x0000000020006bb4                mgui
 COMMON         0x0000000020006bb8      0x1b4 build/makise_test.o
                0x0000000020006bb8                host
                0x0000000020006bbc                hs
                0x0000000020006bc0                butt
                0x0000000020006cf8                mGui
                0x0000000020006cfc                Bu
                0x0000000020006d10                co
                0x0000000020006d28                Dr
                0x0000000020006d58                Gu
 *fill*         0x0000000020006d6c        0x4 
 COMMON         0x0000000020006d70       0xb8 build/sdio.o
                0x0000000020006d70                SDCardInfo
                0x0000000020006dc8                hsd
 COMMON         0x0000000020006e28       0xb8 build/spi.o
                0x0000000020006e28                hspi1
                0x0000000020006e80                hdma_spi1_tx
 COMMON         0x0000000020006ee0       0x3c build/tim.o
                0x0000000020006ee0                htim3
 COMMON         0x0000000020006f1c       0x40 build/usart.o
                0x0000000020006f1c                huart6
 COMMON         0x0000000020006f5c        0x4 /usr/lib/gcc/arm-none-eabi/6.3.0/../../../../arm-none-eabi/lib/armv7e-m/fpu/libc_nano.a(lib_a-reent.o)
                0x0000000020006f5c                errno
                0x0000000020006f60                . = ALIGN (0x4)
                0x0000000020006f60                _ebss = .
                0x0000000020006f60                __bss_end__ = _ebss

._user_heap_stack
                0x0000000020006f60     0x8000 load address 0x000000000800ad44
                0x0000000020006f60                . = ALIGN (0x8)
                0x0000000020006f60                PROVIDE (end, .)
                [!provide]                        PROVIDE (_end, .)
                0x000000002000af60                . = (. + _Min_Heap_Size)
 *fill*         0x0000000020006f60     0x4000 
                0x000000002000ef60                . = (. + _Min_Stack_Size)
 *fill*         0x000000002000af60     0x4000 
                0x000000002000ef60                . = ALIGN (0x8)

/DISCARD/
 libc.a(*)
 libm.a(*)
 libgcc.a(*)

.ARM.attributes
                0x0000000000000000       0x30
 *(.ARM.attributes)
 .ARM.attributes
                0x0000000000000000       0x22 /usr/lib/gcc/arm-none-eabi/6.3.0/armv7e-m/fpu/crti.o
 .ARM.attributes
                0x0000000000000022       0x34 /usr/lib/gcc/arm-none-eabi/6.3.0/armv7e-m/fpu/crtbegin.o
 .ARM.attributes
                0x0000000000000056       0x39 build/stm32f4xx_hal.o
 .ARM.attributes
                0x000000000000008f       0x39 build/stm32f4xx_hal_cortex.o
 .ARM.attributes
                0x00000000000000c8       0x39 build/stm32f4xx_hal_dma.o
 .ARM.attributes
                0x0000000000000101       0x39 build/stm32f4xx_hal_gpio.o
 .ARM.attributes
                0x000000000000013a       0x39 build/stm32f4xx_hal_i2c.o
 .ARM.attributes
                0x0000000000000173       0x39 build/stm32f4xx_hal_rcc.o
 .ARM.attributes
                0x00000000000001ac       0x39 build/stm32f4xx_hal_sd.o
 .ARM.attributes
                0x00000000000001e5       0x39 build/stm32f4xx_hal_spi.o
 .ARM.attributes
                0x000000000000021e       0x39 build/stm32f4xx_hal_tim.o
 .ARM.attributes
                0x0000000000000257       0x39 build/stm32f4xx_hal_tim_ex.o
 .ARM.attributes
                0x0000000000000290       0x39 build/stm32f4xx_hal_uart.o
 .ARM.attributes
                0x00000000000002c9       0x39 build/stm32f4xx_ll_sdmmc.o
 .ARM.attributes
                0x0000000000000302       0x39 build/makise.o
 .ARM.attributes
                0x000000000000033b       0x39 build/makise_primitives.o
 .ARM.attributes
                0x0000000000000374       0x39 build/makise_text.o
 .ARM.attributes
                0x00000000000003ad       0x39 build/Arial24.o
 .ARM.attributes
                0x00000000000003e6       0x39 build/makise_gui.o
 .ARM.attributes
                0x000000000000041f       0x39 build/makise_gui_container.o
 .ARM.attributes
                0x0000000000000458       0x39 build/makise_gui_elements.o
 .ARM.attributes
                0x0000000000000491       0x39 build/makise_e_buttons.o
 .ARM.attributes
                0x00000000000004ca       0x39 build/ili9340.o
 .ARM.attributes
                0x0000000000000503       0x39 build/ff_gen_drv.o
 .ARM.attributes
                0x000000000000053c       0x39 build/sd_diskio.o
 .ARM.attributes
                0x0000000000000575       0x39 build/bsp_driver_sd.o
 .ARM.attributes
                0x00000000000005ae       0x39 build/dma.o
 .ARM.attributes
                0x00000000000005e7       0x39 build/fatfs.o
 .ARM.attributes
                0x0000000000000620       0x39 build/gpio.o
 .ARM.attributes
                0x0000000000000659       0x39 build/i2c.o
 .ARM.attributes
                0x0000000000000692       0x39 build/main.o
 .ARM.attributes
                0x00000000000006cb       0x39 build/makise_test.o
 .ARM.attributes
                0x0000000000000704       0x39 build/printf.o
 .ARM.attributes
                0x000000000000073d       0x39 build/sdio.o
 .ARM.attributes
                0x0000000000000776       0x39 build/spi.o
 .ARM.attributes
                0x00000000000007af       0x39 build/stm32f4xx_hal_msp.o
 .ARM.attributes
                0x00000000000007e8       0x39 build/stm32f4xx_it.o
 .ARM.attributes
                0x0000000000000821       0x39 build/system_stm32f4xx.o
 .ARM.attributes
                0x000000000000085a       0x39 build/tim.o
 .ARM.attributes
                0x0000000000000893       0x39 build/usart.o
 .ARM.attributes
                0x00000000000008cc       0x21 build/startup_stm32f401xe.o
 .ARM.attributes
                0x00000000000008ed       0x34 /usr/lib/gcc/arm-none-eabi/6.3.0/../../../../arm-none-eabi/lib/armv7e-m/fpu/libc_nano.a(lib_a-impure.o)
 .ARM.attributes
                0x0000000000000921       0x34 /usr/lib/gcc/arm-none-eabi/6.3.0/../../../../arm-none-eabi/lib/armv7e-m/fpu/libc_nano.a(lib_a-init.o)
 .ARM.attributes
                0x0000000000000955       0x34 /usr/lib/gcc/arm-none-eabi/6.3.0/../../../../arm-none-eabi/lib/armv7e-m/fpu/libc_nano.a(lib_a-memset.o)
 .ARM.attributes
                0x0000000000000989       0x34 /usr/lib/gcc/arm-none-eabi/6.3.0/../../../../arm-none-eabi/lib/armv7e-m/fpu/libc_nano.a(lib_a-nano-vfprintf_float.o)
 .ARM.attributes
                0x00000000000009bd       0x34 /usr/lib/gcc/arm-none-eabi/6.3.0/../../../../arm-none-eabi/lib/armv7e-m/fpu/libc_nano.a(lib_a-nano-vfprintf_i.o)
 .ARM.attributes
                0x00000000000009f1       0x34 /usr/lib/gcc/arm-none-eabi/6.3.0/../../../../arm-none-eabi/lib/armv7e-m/fpu/libc_nano.a(lib_a-printf.o)
 .ARM.attributes
                0x0000000000000a25       0x1b /usr/lib/gcc/arm-none-eabi/6.3.0/../../../../arm-none-eabi/lib/armv7e-m/fpu/libc_nano.a(lib_a-strlen.o)
 .ARM.attributes
                0x0000000000000a40       0x34 /usr/lib/gcc/arm-none-eabi/6.3.0/../../../../arm-none-eabi/lib/armv7e-m/fpu/libc_nano.a(lib_a-dtoa.o)
 .ARM.attributes
                0x0000000000000a74       0x34 /usr/lib/gcc/arm-none-eabi/6.3.0/../../../../arm-none-eabi/lib/armv7e-m/fpu/libc_nano.a(lib_a-findfp.o)
 .ARM.attributes
                0x0000000000000aa8       0x34 /usr/lib/gcc/arm-none-eabi/6.3.0/../../../../arm-none-eabi/lib/armv7e-m/fpu/libc_nano.a(lib_a-fwalk.o)
 .ARM.attributes
                0x0000000000000adc       0x34 /usr/lib/gcc/arm-none-eabi/6.3.0/../../../../arm-none-eabi/lib/armv7e-m/fpu/libc_nano.a(lib_a-localeconv.o)
 .ARM.attributes
                0x0000000000000b10       0x34 /usr/lib/gcc/arm-none-eabi/6.3.0/../../../../arm-none-eabi/lib/armv7e-m/fpu/libc_nano.a(lib_a-malloc.o)
 .ARM.attributes
                0x0000000000000b44       0x20 /usr/lib/gcc/arm-none-eabi/6.3.0/../../../../arm-none-eabi/lib/armv7e-m/fpu/libc_nano.a(lib_a-memchr.o)
 .ARM.attributes
                0x0000000000000b64       0x34 /usr/lib/gcc/arm-none-eabi/6.3.0/../../../../arm-none-eabi/lib/armv7e-m/fpu/libc_nano.a(lib_a-memcpy-stub.o)
 .ARM.attributes
                0x0000000000000b98       0x34 /usr/lib/gcc/arm-none-eabi/6.3.0/../../../../arm-none-eabi/lib/armv7e-m/fpu/libc_nano.a(lib_a-mprec.o)
 .ARM.attributes
                0x0000000000000bcc       0x34 /usr/lib/gcc/arm-none-eabi/6.3.0/../../../../arm-none-eabi/lib/armv7e-m/fpu/libc_nano.a(lib_a-nano-callocr.o)
 .ARM.attributes
                0x0000000000000c00       0x34 /usr/lib/gcc/arm-none-eabi/6.3.0/../../../../arm-none-eabi/lib/armv7e-m/fpu/libc_nano.a(lib_a-nano-freer.o)
 .ARM.attributes
                0x0000000000000c34       0x34 /usr/lib/gcc/arm-none-eabi/6.3.0/../../../../arm-none-eabi/lib/armv7e-m/fpu/libc_nano.a(lib_a-nano-mallocr.o)
 .ARM.attributes
                0x0000000000000c68       0x34 /usr/lib/gcc/arm-none-eabi/6.3.0/../../../../arm-none-eabi/lib/armv7e-m/fpu/libc_nano.a(lib_a-nano-vfprintf.o)
 .ARM.attributes
                0x0000000000000c9c       0x34 /usr/lib/gcc/arm-none-eabi/6.3.0/../../../../arm-none-eabi/lib/armv7e-m/fpu/libc_nano.a(lib_a-sbrkr.o)
 .ARM.attributes
                0x0000000000000cd0       0x34 /usr/lib/gcc/arm-none-eabi/6.3.0/../../../../arm-none-eabi/lib/armv7e-m/fpu/libc_nano.a(lib_a-stdio.o)
 .ARM.attributes
                0x0000000000000d04       0x34 /usr/lib/gcc/arm-none-eabi/6.3.0/../../../../arm-none-eabi/lib/armv7e-m/fpu/libc_nano.a(lib_a-wbuf.o)
 .ARM.attributes
                0x0000000000000d38       0x34 /usr/lib/gcc/arm-none-eabi/6.3.0/../../../../arm-none-eabi/lib/armv7e-m/fpu/libc_nano.a(lib_a-writer.o)
 .ARM.attributes
                0x0000000000000d6c       0x34 /usr/lib/gcc/arm-none-eabi/6.3.0/../../../../arm-none-eabi/lib/armv7e-m/fpu/libc_nano.a(lib_a-wsetup.o)
 .ARM.attributes
                0x0000000000000da0       0x34 /usr/lib/gcc/arm-none-eabi/6.3.0/../../../../arm-none-eabi/lib/armv7e-m/fpu/libc_nano.a(lib_a-closer.o)
 .ARM.attributes
                0x0000000000000dd4       0x34 /usr/lib/gcc/arm-none-eabi/6.3.0/../../../../arm-none-eabi/lib/armv7e-m/fpu/libc_nano.a(lib_a-fflush.o)
 .ARM.attributes
                0x0000000000000e08       0x34 /usr/lib/gcc/arm-none-eabi/6.3.0/../../../../arm-none-eabi/lib/armv7e-m/fpu/libc_nano.a(lib_a-locale.o)
 .ARM.attributes
                0x0000000000000e3c       0x34 /usr/lib/gcc/arm-none-eabi/6.3.0/../../../../arm-none-eabi/lib/armv7e-m/fpu/libc_nano.a(lib_a-lseekr.o)
 .ARM.attributes
                0x0000000000000e70       0x34 /usr/lib/gcc/arm-none-eabi/6.3.0/../../../../arm-none-eabi/lib/armv7e-m/fpu/libc_nano.a(lib_a-makebuf.o)
 .ARM.attributes
                0x0000000000000ea4       0x34 /usr/lib/gcc/arm-none-eabi/6.3.0/../../../../arm-none-eabi/lib/armv7e-m/fpu/libc_nano.a(lib_a-mbtowc_r.o)
 .ARM.attributes
                0x0000000000000ed8       0x34 /usr/lib/gcc/arm-none-eabi/6.3.0/../../../../arm-none-eabi/lib/armv7e-m/fpu/libc_nano.a(lib_a-mlock.o)
 .ARM.attributes
                0x0000000000000f0c       0x34 /usr/lib/gcc/arm-none-eabi/6.3.0/../../../../arm-none-eabi/lib/armv7e-m/fpu/libc_nano.a(lib_a-readr.o)
 .ARM.attributes
                0x0000000000000f40       0x34 /usr/lib/gcc/arm-none-eabi/6.3.0/../../../../arm-none-eabi/lib/armv7e-m/fpu/libc_nano.a(lib_a-reent.o)
 .ARM.attributes
                0x0000000000000f74       0x34 /usr/lib/gcc/arm-none-eabi/6.3.0/../../../../arm-none-eabi/lib/armv7e-m/fpu/libc_nano.a(lib_a-wctomb_r.o)
 .ARM.attributes
                0x0000000000000fa8       0x34 /usr/lib/gcc/arm-none-eabi/6.3.0/../../../../arm-none-eabi/lib/armv7e-m/fpu/libc_nano.a(lib_a-ctype_.o)
 .ARM.attributes
                0x0000000000000fdc       0x34 /usr/lib/gcc/arm-none-eabi/6.3.0/../../../../arm-none-eabi/lib/armv7e-m/fpu/libc_nano.a(lib_a-fstatr.o)
 .ARM.attributes
                0x0000000000001010       0x34 /usr/lib/gcc/arm-none-eabi/6.3.0/../../../../arm-none-eabi/lib/armv7e-m/fpu/libc_nano.a(lib_a-isattyr.o)
 .ARM.attributes
                0x0000000000001044       0x34 /usr/lib/gcc/arm-none-eabi/6.3.0/../../../../arm-none-eabi/lib/armv7e-m/fpu/libnosys.a(close.o)
 .ARM.attributes
                0x0000000000001078       0x34 /usr/lib/gcc/arm-none-eabi/6.3.0/../../../../arm-none-eabi/lib/armv7e-m/fpu/libnosys.a(fstat.o)
 .ARM.attributes
                0x00000000000010ac       0x34 /usr/lib/gcc/arm-none-eabi/6.3.0/../../../../arm-none-eabi/lib/armv7e-m/fpu/libnosys.a(isatty.o)
 .ARM.attributes
                0x00000000000010e0       0x34 /usr/lib/gcc/arm-none-eabi/6.3.0/../../../../arm-none-eabi/lib/armv7e-m/fpu/libnosys.a(lseek.o)
 .ARM.attributes
                0x0000000000001114       0x34 /usr/lib/gcc/arm-none-eabi/6.3.0/../../../../arm-none-eabi/lib/armv7e-m/fpu/libnosys.a(read.o)
 .ARM.attributes
                0x0000000000001148       0x34 /usr/lib/gcc/arm-none-eabi/6.3.0/../../../../arm-none-eabi/lib/armv7e-m/fpu/libnosys.a(sbrk.o)
 .ARM.attributes
                0x000000000000117c       0x22 /usr/lib/gcc/arm-none-eabi/6.3.0/armv7e-m/fpu/libgcc.a(_arm_addsubdf3.o)
 .ARM.attributes
                0x000000000000119e       0x22 /usr/lib/gcc/arm-none-eabi/6.3.0/armv7e-m/fpu/libgcc.a(_arm_muldivdf3.o)
 .ARM.attributes
                0x00000000000011c0       0x22 /usr/lib/gcc/arm-none-eabi/6.3.0/armv7e-m/fpu/libgcc.a(_arm_cmpdf2.o)
 .ARM.attributes
                0x00000000000011e2       0x22 /usr/lib/gcc/arm-none-eabi/6.3.0/armv7e-m/fpu/libgcc.a(_arm_unorddf2.o)
 .ARM.attributes
                0x0000000000001204       0x22 /usr/lib/gcc/arm-none-eabi/6.3.0/armv7e-m/fpu/libgcc.a(_arm_fixdfsi.o)
 .ARM.attributes
                0x0000000000001226       0x22 /usr/lib/gcc/arm-none-eabi/6.3.0/armv7e-m/fpu/crtn.o
OUTPUT(build/MakiseTest401re.elf elf32-littlearm)

.debug_info     0x0000000000000000    0x3d550
 .debug_info    0x0000000000000000     0x1284 build/stm32f4xx_hal.o
 .debug_info    0x0000000000001284     0x17eb build/stm32f4xx_hal_cortex.o
 .debug_info    0x0000000000002a6f     0x13fa build/stm32f4xx_hal_dma.o
 .debug_info    0x0000000000003e69     0x1134 build/stm32f4xx_hal_gpio.o
 .debug_info    0x0000000000004f9d     0x3a28 build/stm32f4xx_hal_i2c.o
 .debug_info    0x00000000000089c5     0x16d9 build/stm32f4xx_hal_rcc.o
 .debug_info    0x000000000000a09e     0x352b build/stm32f4xx_hal_sd.o
 .debug_info    0x000000000000d5c9     0x25e2 build/stm32f4xx_hal_spi.o
 .debug_info    0x000000000000fbab     0x4132 build/stm32f4xx_hal_tim.o
 .debug_info    0x0000000000013cdd     0x1d47 build/stm32f4xx_hal_tim_ex.o
 .debug_info    0x0000000000015a24     0x213e build/stm32f4xx_hal_uart.o
 .debug_info    0x0000000000017b62      0xfd2 build/stm32f4xx_ll_sdmmc.o
 .debug_info    0x0000000000018b34     0x166a build/makise.o
 .debug_info    0x000000000001a19e     0x2384 build/makise_primitives.o
 .debug_info    0x000000000001c522     0x179b build/makise_text.o
 .debug_info    0x000000000001dcbd     0x1363 build/Arial24.o
 .debug_info    0x000000000001f020     0x19a3 build/makise_gui.o
 .debug_info    0x00000000000209c3     0x1a07 build/makise_gui_container.o
 .debug_info    0x00000000000223ca     0x1928 build/makise_gui_elements.o
 .debug_info    0x0000000000023cf2     0x1b3d build/makise_e_buttons.o
 .debug_info    0x000000000002582f     0x2812 build/ili9340.o
 .debug_info    0x0000000000028041      0xeac build/ff_gen_drv.o
 .debug_info    0x0000000000028eed     0x1194 build/sd_diskio.o
 .debug_info    0x000000000002a081     0x196f build/bsp_driver_sd.o
 .debug_info    0x000000000002b9f0      0xe40 build/dma.o
 .debug_info    0x000000000002c830      0xc0a build/fatfs.o
 .debug_info    0x000000000002d43a      0xee1 build/gpio.o
 .debug_info    0x000000000002e31b     0x141d build/i2c.o
 .debug_info    0x000000000002f738     0x337f build/main.o
 .debug_info    0x0000000000032ab7     0x1d31 build/makise_test.o
 .debug_info    0x00000000000347e8      0xf67 build/printf.o
 .debug_info    0x000000000003574f     0x1712 build/sdio.o
 .debug_info    0x0000000000036e61     0x1442 build/spi.o
 .debug_info    0x00000000000382a3      0xcbe build/stm32f4xx_hal_msp.o
 .debug_info    0x0000000000038f61      0xdb1 build/stm32f4xx_it.o
 .debug_info    0x0000000000039d12      0xea7 build/system_stm32f4xx.o
 .debug_info    0x000000000003abb9     0x1596 build/tim.o
 .debug_info    0x000000000003c14f     0x136b build/usart.o
 .debug_info    0x000000000003d4ba       0x96 build/startup_stm32f401xe.o

.debug_abbrev   0x0000000000000000     0x6e7f
 .debug_abbrev  0x0000000000000000      0x33d build/stm32f4xx_hal.o
 .debug_abbrev  0x000000000000033d      0x3cb build/stm32f4xx_hal_cortex.o
 .debug_abbrev  0x0000000000000708      0x36a build/stm32f4xx_hal_dma.o
 .debug_abbrev  0x0000000000000a72      0x2ba build/stm32f4xx_hal_gpio.o
 .debug_abbrev  0x0000000000000d2c      0x41a build/stm32f4xx_hal_i2c.o
 .debug_abbrev  0x0000000000001146      0x3fd build/stm32f4xx_hal_rcc.o
 .debug_abbrev  0x0000000000001543      0x418 build/stm32f4xx_hal_sd.o
 .debug_abbrev  0x000000000000195b      0x421 build/stm32f4xx_hal_spi.o
 .debug_abbrev  0x0000000000001d7c      0x40e build/stm32f4xx_hal_tim.o
 .debug_abbrev  0x000000000000218a      0x36b build/stm32f4xx_hal_tim_ex.o
 .debug_abbrev  0x00000000000024f5      0x3f2 build/stm32f4xx_hal_uart.o
 .debug_abbrev  0x00000000000028e7      0x2ac build/stm32f4xx_ll_sdmmc.o
 .debug_abbrev  0x0000000000002b93      0x29f build/makise.o
 .debug_abbrev  0x0000000000002e32      0x399 build/makise_primitives.o
 .debug_abbrev  0x00000000000031cb      0x281 build/makise_text.o
 .debug_abbrev  0x000000000000344c      0x1e2 build/Arial24.o
 .debug_abbrev  0x000000000000362e      0x28d build/makise_gui.o
 .debug_abbrev  0x00000000000038bb      0x2b7 build/makise_gui_container.o
 .debug_abbrev  0x0000000000003b72      0x248 build/makise_gui_elements.o
 .debug_abbrev  0x0000000000003dba      0x29c build/makise_e_buttons.o
 .debug_abbrev  0x0000000000004056      0x3da build/ili9340.o
 .debug_abbrev  0x0000000000004430      0x306 build/ff_gen_drv.o
 .debug_abbrev  0x0000000000004736      0x2b5 build/sd_diskio.o
 .debug_abbrev  0x00000000000049eb      0x340 build/bsp_driver_sd.o
 .debug_abbrev  0x0000000000004d2b      0x212 build/dma.o
 .debug_abbrev  0x0000000000004f3d      0x1fc build/fatfs.o
 .debug_abbrev  0x0000000000005139      0x214 build/gpio.o
 .debug_abbrev  0x000000000000534d      0x26f build/i2c.o
 .debug_abbrev  0x00000000000055bc      0x38d build/main.o
 .debug_abbrev  0x0000000000005949      0x2d2 build/makise_test.o
 .debug_abbrev  0x0000000000005c1b      0x204 build/printf.o
 .debug_abbrev  0x0000000000005e1f      0x25c build/sdio.o
 .debug_abbrev  0x000000000000607b      0x256 build/spi.o
 .debug_abbrev  0x00000000000062d1      0x1ee build/stm32f4xx_hal_msp.o
 .debug_abbrev  0x00000000000064bf      0x24b build/stm32f4xx_it.o
 .debug_abbrev  0x000000000000670a      0x1e6 build/system_stm32f4xx.o
 .debug_abbrev  0x00000000000068f0      0x310 build/tim.o
 .debug_abbrev  0x0000000000006c00      0x26d build/usart.o
 .debug_abbrev  0x0000000000006e6d       0x12 build/startup_stm32f401xe.o

.debug_loc      0x0000000000000000    0x15e67
 .debug_loc     0x0000000000000000      0x12a build/stm32f4xx_hal.o
 .debug_loc     0x000000000000012a      0x725 build/stm32f4xx_hal_cortex.o
 .debug_loc     0x000000000000084f      0x968 build/stm32f4xx_hal_dma.o
 .debug_loc     0x00000000000011b7      0x563 build/stm32f4xx_hal_gpio.o
 .debug_loc     0x000000000000171a     0x39a4 build/stm32f4xx_hal_i2c.o
 .debug_loc     0x00000000000050be      0x658 build/stm32f4xx_hal_rcc.o
 .debug_loc     0x0000000000005716     0x2c96 build/stm32f4xx_hal_sd.o
 .debug_loc     0x00000000000083ac     0x23a3 build/stm32f4xx_hal_spi.o
 .debug_loc     0x000000000000a74f     0x48f0 build/stm32f4xx_hal_tim.o
 .debug_loc     0x000000000000f03f      0xfdd build/stm32f4xx_hal_tim_ex.o
 .debug_loc     0x000000000001001c     0x1bbe build/stm32f4xx_hal_uart.o
 .debug_loc     0x0000000000011bda      0x39e build/stm32f4xx_ll_sdmmc.o
 .debug_loc     0x0000000000011f78      0x1c3 build/makise.o
 .debug_loc     0x000000000001213b     0x123e build/makise_primitives.o
 .debug_loc     0x0000000000013379      0x3a6 build/makise_text.o
 .debug_loc     0x000000000001371f      0x13e build/makise_gui.o
 .debug_loc     0x000000000001385d      0x238 build/makise_gui_container.o
 .debug_loc     0x0000000000013a95      0x101 build/makise_gui_elements.o
 .debug_loc     0x0000000000013b96      0x329 build/makise_e_buttons.o
 .debug_loc     0x0000000000013ebf      0x797 build/ili9340.o
 .debug_loc     0x0000000000014656      0x3e1 build/ff_gen_drv.o
 .debug_loc     0x0000000000014a37      0x3f1 build/sd_diskio.o
 .debug_loc     0x0000000000014e28      0x574 build/bsp_driver_sd.o
 .debug_loc     0x000000000001539c       0x38 build/dma.o
 .debug_loc     0x00000000000153d4       0x20 build/fatfs.o
 .debug_loc     0x00000000000153f4       0x39 build/gpio.o
 .debug_loc     0x000000000001542d       0xa6 build/i2c.o
 .debug_loc     0x00000000000154d3      0x30d build/main.o
 .debug_loc     0x00000000000157e0       0xf1 build/makise_test.o
 .debug_loc     0x00000000000158d1       0x8b build/printf.o
 .debug_loc     0x000000000001595c       0xa6 build/sdio.o
 .debug_loc     0x0000000000015a02       0xe6 build/spi.o
 .debug_loc     0x0000000000015ae8       0x2c build/stm32f4xx_hal_msp.o
 .debug_loc     0x0000000000015b14       0x2c build/stm32f4xx_it.o
 .debug_loc     0x0000000000015b40      0x178 build/system_stm32f4xx.o
 .debug_loc     0x0000000000015cb8      0x109 build/tim.o
 .debug_loc     0x0000000000015dc1       0xa6 build/usart.o

.debug_aranges  0x0000000000000000     0x11e0
 .debug_aranges
                0x0000000000000000       0xb8 build/stm32f4xx_hal.o
 .debug_aranges
                0x00000000000000b8       0x98 build/stm32f4xx_hal_cortex.o
 .debug_aranges
                0x0000000000000150       0x78 build/stm32f4xx_hal_dma.o
 .debug_aranges
                0x00000000000001c8       0x58 build/stm32f4xx_hal_gpio.o
 .debug_aranges
                0x0000000000000220      0x188 build/stm32f4xx_hal_i2c.o
 .debug_aranges
                0x00000000000003a8       0x80 build/stm32f4xx_hal_rcc.o
 .debug_aranges
                0x0000000000000428       0xe0 build/stm32f4xx_hal_sd.o
 .debug_aranges
                0x0000000000000508      0x160 build/stm32f4xx_hal_spi.o
 .debug_aranges
                0x0000000000000668      0x250 build/stm32f4xx_hal_tim.o
 .debug_aranges
                0x00000000000008b8       0xe8 build/stm32f4xx_hal_tim_ex.o
 .debug_aranges
                0x00000000000009a0      0x168 build/stm32f4xx_hal_uart.o
 .debug_aranges
                0x0000000000000b08       0x78 build/stm32f4xx_ll_sdmmc.o
 .debug_aranges
                0x0000000000000b80       0x38 build/makise.o
 .debug_aranges
                0x0000000000000bb8       0x68 build/makise_primitives.o
 .debug_aranges
                0x0000000000000c20       0x30 build/makise_text.o
 .debug_aranges
                0x0000000000000c50       0x18 build/Arial24.o
 .debug_aranges
                0x0000000000000c68       0x38 build/makise_gui.o
 .debug_aranges
                0x0000000000000ca0       0x40 build/makise_gui_container.o
 .debug_aranges
                0x0000000000000ce0       0x30 build/makise_gui_elements.o
 .debug_aranges
                0x0000000000000d10       0x48 build/makise_e_buttons.o
 .debug_aranges
                0x0000000000000d58       0x98 build/ili9340.o
 .debug_aranges
                0x0000000000000df0       0x48 build/ff_gen_drv.o
 .debug_aranges
                0x0000000000000e38       0x40 build/sd_diskio.o
 .debug_aranges
                0x0000000000000e78       0x90 build/bsp_driver_sd.o
 .debug_aranges
                0x0000000000000f08       0x20 build/dma.o
 .debug_aranges
                0x0000000000000f28       0x28 build/fatfs.o
 .debug_aranges
                0x0000000000000f50       0x20 build/gpio.o
 .debug_aranges
                0x0000000000000f70       0x30 build/i2c.o
 .debug_aranges
                0x0000000000000fa0       0x58 build/main.o
 .debug_aranges
                0x0000000000000ff8       0x38 build/makise_test.o
 .debug_aranges
                0x0000000000001030       0x20 build/printf.o
 .debug_aranges
                0x0000000000001050       0x30 build/sdio.o
 .debug_aranges
                0x0000000000001080       0x30 build/spi.o
 .debug_aranges
                0x00000000000010b0       0x20 build/stm32f4xx_hal_msp.o
 .debug_aranges
                0x00000000000010d0       0x50 build/stm32f4xx_it.o
 .debug_aranges
                0x0000000000001120       0x28 build/system_stm32f4xx.o
 .debug_aranges
                0x0000000000001148       0x40 build/tim.o
 .debug_aranges
                0x0000000000001188       0x30 build/usart.o
 .debug_aranges
                0x00000000000011b8       0x28 build/startup_stm32f401xe.o

.debug_ranges   0x0000000000000000     0x1cb8
 .debug_ranges  0x0000000000000000       0xa8 build/stm32f4xx_hal.o
 .debug_ranges  0x00000000000000a8      0x150 build/stm32f4xx_hal_cortex.o
 .debug_ranges  0x00000000000001f8      0x108 build/stm32f4xx_hal_dma.o
 .debug_ranges  0x0000000000000300       0x60 build/stm32f4xx_hal_gpio.o
 .debug_ranges  0x0000000000000360      0x438 build/stm32f4xx_hal_i2c.o
 .debug_ranges  0x0000000000000798      0x188 build/stm32f4xx_hal_rcc.o
 .debug_ranges  0x0000000000000920      0x248 build/stm32f4xx_hal_sd.o
 .debug_ranges  0x0000000000000b68      0x280 build/stm32f4xx_hal_spi.o
 .debug_ranges  0x0000000000000de8      0x478 build/stm32f4xx_hal_tim.o
 .debug_ranges  0x0000000000001260       0xd8 build/stm32f4xx_hal_tim_ex.o
 .debug_ranges  0x0000000000001338      0x1b8 build/stm32f4xx_hal_uart.o
 .debug_ranges  0x00000000000014f0       0x68 build/stm32f4xx_ll_sdmmc.o
 .debug_ranges  0x0000000000001558       0x28 build/makise.o
 .debug_ranges  0x0000000000001580       0xa8 build/makise_primitives.o
 .debug_ranges  0x0000000000001628       0x20 build/makise_text.o
 .debug_ranges  0x0000000000001648       0x28 build/makise_gui.o
 .debug_ranges  0x0000000000001670       0x30 build/makise_gui_container.o
 .debug_ranges  0x00000000000016a0       0x20 build/makise_gui_elements.o
 .debug_ranges  0x00000000000016c0       0x38 build/makise_e_buttons.o
 .debug_ranges  0x00000000000016f8      0x128 build/ili9340.o
 .debug_ranges  0x0000000000001820       0x68 build/ff_gen_drv.o
 .debug_ranges  0x0000000000001888       0x30 build/sd_diskio.o
 .debug_ranges  0x00000000000018b8       0x80 build/bsp_driver_sd.o
 .debug_ranges  0x0000000000001938       0x28 build/dma.o
 .debug_ranges  0x0000000000001960       0x18 build/fatfs.o
 .debug_ranges  0x0000000000001978       0x48 build/gpio.o
 .debug_ranges  0x00000000000019c0       0x20 build/i2c.o
 .debug_ranges  0x00000000000019e0       0xf8 build/main.o
 .debug_ranges  0x0000000000001ad8       0x28 build/makise_test.o
 .debug_ranges  0x0000000000001b00       0x10 build/printf.o
 .debug_ranges  0x0000000000001b10       0x48 build/sdio.o
 .debug_ranges  0x0000000000001b58       0x50 build/spi.o
 .debug_ranges  0x0000000000001ba8       0x10 build/stm32f4xx_hal_msp.o
 .debug_ranges  0x0000000000001bb8       0x40 build/stm32f4xx_it.o
 .debug_ranges  0x0000000000001bf8       0x18 build/system_stm32f4xx.o
 .debug_ranges  0x0000000000001c10       0x48 build/tim.o
 .debug_ranges  0x0000000000001c58       0x40 build/usart.o
 .debug_ranges  0x0000000000001c98       0x20 build/startup_stm32f401xe.o

.debug_line     0x0000000000000000     0xbe7f
 .debug_line    0x0000000000000000      0x378 build/stm32f4xx_hal.o
 .debug_line    0x0000000000000378      0x3fb build/stm32f4xx_hal_cortex.o
 .debug_line    0x0000000000000773      0x64f build/stm32f4xx_hal_dma.o
 .debug_line    0x0000000000000dc2      0x3c4 build/stm32f4xx_hal_gpio.o
 .debug_line    0x0000000000001186     0x1660 build/stm32f4xx_hal_i2c.o
 .debug_line    0x00000000000027e6      0x605 build/stm32f4xx_hal_rcc.o
 .debug_line    0x0000000000002deb      0xc70 build/stm32f4xx_hal_sd.o
 .debug_line    0x0000000000003a5b      0xb6b build/stm32f4xx_hal_spi.o
 .debug_line    0x00000000000045c6     0x1466 build/stm32f4xx_hal_tim.o
 .debug_line    0x0000000000005a2c      0x780 build/stm32f4xx_hal_tim_ex.o
 .debug_line    0x00000000000061ac      0xcff build/stm32f4xx_hal_uart.o
 .debug_line    0x0000000000006eab      0x2ee build/stm32f4xx_ll_sdmmc.o
 .debug_line    0x0000000000007199      0x2f0 build/makise.o
 .debug_line    0x0000000000007489      0x5f1 build/makise_primitives.o
 .debug_line    0x0000000000007a7a      0x35b build/makise_text.o
 .debug_line    0x0000000000007dd5      0x25f build/Arial24.o
 .debug_line    0x0000000000008034      0x341 build/makise_gui.o
 .debug_line    0x0000000000008375      0x37c build/makise_gui_container.o
 .debug_line    0x00000000000086f1      0x31e build/makise_gui_elements.o
 .debug_line    0x0000000000008a0f      0x3d3 build/makise_e_buttons.o
 .debug_line    0x0000000000008de2      0x544 build/ili9340.o
 .debug_line    0x0000000000009326      0x24f build/ff_gen_drv.o
 .debug_line    0x0000000000009575      0x288 build/sd_diskio.o
 .debug_line    0x00000000000097fd      0x312 build/bsp_driver_sd.o
 .debug_line    0x0000000000009b0f      0x1a8 build/dma.o
 .debug_line    0x0000000000009cb7      0x1fd build/fatfs.o
 .debug_line    0x0000000000009eb4      0x1d4 build/gpio.o
 .debug_line    0x000000000000a088      0x247 build/i2c.o
 .debug_line    0x000000000000a2cf      0x5fe build/main.o
 .debug_line    0x000000000000a8cd      0x38b build/makise_test.o
 .debug_line    0x000000000000ac58      0x1e2 build/printf.o
 .debug_line    0x000000000000ae3a      0x271 build/sdio.o
 .debug_line    0x000000000000b0ab      0x27f build/spi.o
 .debug_line    0x000000000000b32a      0x1ba build/stm32f4xx_hal_msp.o
 .debug_line    0x000000000000b4e4      0x252 build/stm32f4xx_it.o
 .debug_line    0x000000000000b736      0x1bb build/system_stm32f4xx.o
 .debug_line    0x000000000000b8f1      0x295 build/tim.o
 .debug_line    0x000000000000bb86      0x24e build/usart.o
 .debug_line    0x000000000000bdd4       0xab build/startup_stm32f401xe.o

.debug_str      0x0000000000000000     0x62f0
 .debug_str     0x0000000000000000      0xc6d build/stm32f4xx_hal.o
                                        0xd20 (size before relaxing)
 .debug_str     0x0000000000000c6d      0x38b build/stm32f4xx_hal_cortex.o
                                        0xe60 (size before relaxing)
 .debug_str     0x0000000000000ff8      0x4fc build/stm32f4xx_hal_dma.o
                                        0xb55 (size before relaxing)
 .debug_str     0x00000000000014f4      0x1d5 build/stm32f4xx_hal_gpio.o
                                        0x8e1 (size before relaxing)
 .debug_str     0x00000000000016c9      0xa52 build/stm32f4xx_hal_i2c.o
                                       0x131a (size before relaxing)
 .debug_str     0x000000000000211b      0x2be build/stm32f4xx_hal_rcc.o
                                        0xaac (size before relaxing)
 .debug_str     0x00000000000023d9      0xf13 build/stm32f4xx_hal_sd.o
                                       0x1802 (size before relaxing)
 .debug_str     0x00000000000032ec      0x5f3 build/stm32f4xx_hal_spi.o
                                        0xec1 (size before relaxing)
 .debug_str     0x00000000000038df      0xeee build/stm32f4xx_hal_tim.o
                                       0x1794 (size before relaxing)
 .debug_str     0x00000000000047cd      0x502 build/stm32f4xx_hal_tim_ex.o
                                       0x104c (size before relaxing)
 .debug_str     0x0000000000004ccf      0x672 build/stm32f4xx_hal_uart.o
                                        0xfd1 (size before relaxing)
 .debug_str     0x0000000000005341       0xc9 build/stm32f4xx_ll_sdmmc.o
                                        0x8b8 (size before relaxing)
 .debug_str     0x000000000000540a      0x156 build/makise.o
                                        0xd57 (size before relaxing)
 .debug_str     0x0000000000005560       0xf4 build/makise_primitives.o
                                        0xe04 (size before relaxing)
 .debug_str     0x0000000000005654       0x83 build/makise_text.o
                                        0xd7e (size before relaxing)
 .debug_str     0x00000000000056d7       0x6e build/Arial24.o
                                        0xc77 (size before relaxing)
 .debug_str     0x0000000000005745      0x25a build/makise_gui.o
                                        0xfa0 (size before relaxing)
 .debug_str     0x000000000000599f       0x89 build/makise_gui_container.o
                                        0xf9e (size before relaxing)
 .debug_str     0x0000000000005a28       0x4e build/makise_gui_elements.o
                                        0xf4b (size before relaxing)
 .debug_str     0x0000000000005a76       0xc6 build/makise_e_buttons.o
                                       0x1009 (size before relaxing)
 .debug_str     0x0000000000005b3c      0x15e build/ili9340.o